Microchip Technology Inc, v2.10 (B)

Tool Name:
  c:\spb_data\bin\bin\..\bin/elf-ld.exe

Command:
  -p24FJ128GA705 \
  --mdfp=D:/Program Files/packs/Microchip/PIC24F-GA-GB_DFP/1.9.336/xc16 \
  -o \
  dist/default/debug/Pure_AC164164.X3.debug.elf \
  -Lc:/spb_data/bin/bin/.. \
  -LD:/Program Files/packs/Microchip/PIC24F-GA-GB_DFP/1.9.336/xc16/bin/../support/PIC24F/gld \
  -Lc:/spb_data/bin/bin/../../lib \
  -Lc:/spb_data/bin/bin/../../support/PIC24E/gld \
  -Lc:/spb_data/bin/bin/../../support/PIC24F/gld \
  -Lc:/spb_data/bin/bin/../../support/PIC24H/gld \
  -Lc:/spb_data/bin/bin/../../support/dsPIC30F/gld \
  -Lc:/spb_data/bin/bin/../../support/dsPIC33C/gld \
  -Lc:/spb_data/bin/bin/../../support/dsPIC33E/gld \
  -Lc:/spb_data/bin/bin/../../support/dsPIC33F/gld \
  build/default/debug/mcc_generated_files/ext_int.o \
  build/default/debug/mcc_generated_files/i2c1.o \
  build/default/debug/mcc_generated_files/interrupt_manager.o \
  build/default/debug/mcc_generated_files/mcc.o \
  build/default/debug/mcc_generated_files/pin_manager.o \
  build/default/debug/mcc_generated_files/tmr1.o \
  build/default/debug/mcc_generated_files/traps.o \
  build/default/debug/mcc_generated_files/uart2.o \
  build/default/debug/mcc_generated_files/system.o \
  build/default/debug/mcc_generated_files/clock.o \
  build/default/debug/mcc_generated_files/spi1.o \
  build/default/debug/WINC1500/Board_driver/wf_mcu_driver_stub.o \
  build/default/debug/WINC1500/Driver/wf_asic.o \
  build/default/debug/WINC1500/Driver/wf_hif.o \
  build/default/debug/WINC1500/Driver/wf_ota.o \
  build/default/debug/WINC1500/Driver/wf_socket.o \
  build/default/debug/WINC1500/Driver/wf_spi.o \
  build/default/debug/WINC1500/Driver/wf_spi_flash.o \
  build/default/debug/WINC1500/Driver/wf_utils.o \
  build/default/debug/WINC1500/Driver/wf_wifi.o \
  build/default/debug/WINC1500/Example/winc1500_fw_update_over_serial.o \
  build/default/debug/WINC1500/Example/winc1500_http_download.o \
  build/default/debug/WINC1500/Example/winc1500_locate_ip_address.o \
  build/default/debug/WINC1500/Example/winc1500_mac_address.o \
  build/default/debug/WINC1500/Example/winc1500_mode_ap.o \
  build/default/debug/WINC1500/Example/winc1500_mode_change.o \
  build/default/debug/WINC1500/Example/winc1500_mode_p2p.o \
  build/default/debug/WINC1500/Example/winc1500_mode_sta.o \
  build/default/debug/WINC1500/Example/winc1500_ota_firmware_update.o \
  build/default/debug/WINC1500/Example/winc1500_power_save_mode.o \
  build/default/debug/WINC1500/Example/winc1500_provision_http.o \
  build/default/debug/WINC1500/Example/winc1500_security_wep_wpa.o \
  build/default/debug/WINC1500/Example/winc1500_security_wps.o \
  build/default/debug/WINC1500/Example/winc1500_send_email.o \
  build/default/debug/WINC1500/Example/winc1500_signal_strength.o \
  build/default/debug/WINC1500/Example/winc1500_ssl_connect.o \
  build/default/debug/WINC1500/Example/winc1500_tcp_client.o \
  build/default/debug/WINC1500/Example/winc1500_tcp_server.o \
  build/default/debug/WINC1500/Example/winc1500_time_client.o \
  build/default/debug/WINC1500/Example/winc1500_weather_client.o \
  build/default/debug/WINC1500/Support/winc1500_support_stub.o \
  build/default/debug/bsp.o \
  build/default/debug/main.o \
  build/default/debug/ST7735.o \
  --local-stack \
  --defsym=__MPLAB_BUILD=1 \
  --defsym=__MPLAB_DEBUG=1 \
  --defsym=__DEBUG=1 \
  --defsym=__MPLAB_DEBUGGER_SIMULATOR=1 \
  -Tp24FJ128GA705.gld.00 \
  --stack=16 \
  --check-sections \
  --data-init \
  --pack-data \
  --handles \
  --isr \
  --no-gc-sections \
  --fill-upper=0 \
  --stackguard=16 \
  --no-force-link \
  --smart-io \
  -Map=dist/default/debug/Pure_AC164164.X3.debug.map \
  --report-mem \
  --memorysummary \
  dist/default/debug/memoryfile.xml \
  -start-group \
  --library=c99-pic30-elf \
  --library=m-elf \
  --library=c99-elf \
  -end-group \


Optional library libpPIC24Fxxx.a not found
Archive member included because of file (symbol)

c:/spb_data/bin/bin/../../lib\libc99-pic30-elf.a(crt0_extended24.o)
                              (__resetPRI)
c:/spb_data/bin/bin/../../lib\libc99-pic30-elf.a(data_init_24.o)
                              c:/spb_data/bin/bin/../../lib\libc99-pic30-elf.a(crt0_extended24.o) (__data_init_da)
c:/spb_data/bin/bin/../../lib\libc99-pic30-elf.a(crt_start_mode_normalda.Meo)
                              (__crt_start_mode_normal)
c:/spb_data/bin/bin/../../lib\libc99-pic30-elf.a(umodsi3.DA_o)
                              build/default/debug/WINC1500/Driver/wf_spi_flash.o (___umodsi3)
c:/spb_data/bin/bin/../../lib\libc99-pic30-elf.a(udivsi3.DA_o)
                              c:/spb_data/bin/bin/../../lib\libc99-pic30-elf.a(umodsi3.DA_o) (___udivsi3)
c:/spb_data/bin/bin/../../lib\libc99-elf.a(__sio_printf_0.DA_o)
                              build/default/debug/WINC1500/Example/winc1500_provision_http.o (__printf_0)
c:/spb_data/bin/bin/../../lib\libc99-elf.a(__sio_printf_dosux.DA_o)
[...]
Memory Configuration

Name             Origin             Length             Attributes
data             0x000800           0x004000           a !xr
reset            0x000000           0x000004  
ivt              0x000004           0x0000fc  
program          0x000100           0x015e00           xr
FSEC             0x015f00           0x000002  
FBSLIM           0x015f10           0x000002  
FSIGN            0x015f14           0x000002  
FOSCSEL          0x015f18           0x000002  
FOSC             0x015f1c           0x000002  
FWDT             0x015f20           0x000002  
FPOR             0x015f24           0x000002  
FICD             0x015f28           0x000002  
FDEVOPT1         0x015f2c           0x000002  
*default*        0x000000           0xffffffff  

Linker script and memory map

LOAD build/default/debug/mcc_generated_files/ext_int.o
LOAD build/default/debug/mcc_generated_files/i2c1.o
LOAD build/default/debug/mcc_generated_files/interrupt_manager.o
LOAD build/default/debug/mcc_generated_files/mcc.o
LOAD build/default/debug/mcc_generated_files/pin_manager.o
LOAD build/default/debug/mcc_generated_files/tmr1.o
LOAD build/default/debug/mcc_generated_files/traps.o
LOAD build/default/debug/mcc_generated_files/uart2.o
LOAD build/default/debug/mcc_generated_files/system.o
LOAD build/default/debug/mcc_generated_files/clock.o
LOAD build/default/debug/mcc_generated_files/spi1.o
LOAD build/default/debug/WINC1500/Board_driver/wf_mcu_driver_stub.o
LOAD build/default/debug/WINC1500/Driver/wf_asic.o
LOAD build/default/debug/WINC1500/Driver/wf_hif.o
LOAD build/default/debug/WINC1500/Driver/wf_ota.o
LOAD build/default/debug/WINC1500/Driver/wf_socket.o
LOAD build/default/debug/WINC1500/Driver/wf_spi.o
LOAD build/default/debug/WINC1500/Driver/wf_spi_flash.o
LOAD build/default/debug/WINC1500/Driver/wf_utils.o
LOAD build/default/debug/WINC1500/Driver/wf_wifi.o
LOAD build/default/debug/WINC1500/Example/winc1500_fw_update_over_serial.o
LOAD build/default/debug/WINC1500/Example/winc1500_http_download.o
LOAD build/default/debug/WINC1500/Example/winc1500_locate_ip_address.o
LOAD build/default/debug/WINC1500/Example/winc1500_mac_address.o
LOAD build/default/debug/WINC1500/Example/winc1500_mode_ap.o
LOAD build/default/debug/WINC1500/Example/winc1500_mode_change.o
LOAD build/default/debug/WINC1500/Example/winc1500_mode_p2p.o
LOAD build/default/debug/WINC1500/Example/winc1500_mode_sta.o
LOAD build/default/debug/WINC1500/Example/winc1500_ota_firmware_update.o
LOAD build/default/debug/WINC1500/Example/winc1500_power_save_mode.o
LOAD build/default/debug/WINC1500/Example/winc1500_provision_http.o
LOAD build/default/debug/WINC1500/Example/winc1500_security_wep_wpa.o
LOAD build/default/debug/WINC1500/Example/winc1500_security_wps.o
LOAD build/default/debug/WINC1500/Example/winc1500_send_email.o
LOAD build/default/debug/WINC1500/Example/winc1500_signal_strength.o
LOAD build/default/debug/WINC1500/Example/winc1500_ssl_connect.o
LOAD build/default/debug/WINC1500/Example/winc1500_tcp_client.o
LOAD build/default/debug/WINC1500/Example/winc1500_tcp_server.o
LOAD build/default/debug/WINC1500/Example/winc1500_time_client.o
LOAD build/default/debug/WINC1500/Example/winc1500_weather_client.o
LOAD build/default/debug/WINC1500/Support/winc1500_support_stub.o
LOAD build/default/debug/bsp.o
LOAD build/default/debug/main.o
LOAD build/default/debug/ST7735.o
                    0x0001                  __MPLAB_BUILD = 0x1
                    0x0001                  __MPLAB_DEBUG = 0x1
                    0x0001                  __DEBUG = 0x1
                    0x0001                  __MPLAB_DEBUGGER_SIMULATOR = 0x1
LOAD pPIC24Fxxx
LOAD c:/spb_data/bin/bin/../../lib\libfx-elf.a
                    0x15f00                  __FSEC = 0x15f00
                    0x15f10                  __FBSLIM = 0x15f10
                    0x15f14                  __FSIGN = 0x15f14
                    0x15f18                  __FOSCSEL = 0x15f18
                    0x15f1c                  __FOSC = 0x15f1c
                    0x15f20                  __FWDT = 0x15f20
                    0x15f24                  __FPOR = 0x15f24
                    0x15f28                  __FICD = 0x15f28
                    0x15f2c                  __FDEVOPT1 = 0x15f2c
                    0x0100                  __CODE_BASE = 0x100
                    0x15e00                  __CODE_LENGTH = 0x15e00
                    0x0004                  __IVT_BASE = 0x4
                    0x0800                  __DATA_BASE = 0x800
                    0x4000                  __DATA_LENGTH = 0x4000

.reset            0x000000          0x4
                  0x000000          0x2 SHORT 0x100 ABSOLUTE (__reset)
                  0x000001          0x2 SHORT 0x4
                  0x000002          0x2 SHORT 0x0 ((ABSOLUTE (__reset) >> 0x10) & 0x7f)
                  0x000003          0x2 SHORT 0x0

.text             0x000100       0x27de
 *(.init)
 .init            0x000100         0x4c c:/spb_data/bin/bin/../../lib\libc99-pic30-elf.a(crt0_extended24.o)
                  0x000100                  __resetPRI
                  0x000100                  __reset
                  0x00013c                  __psv_init
 .init            0x00014c         0xb8 c:/spb_data/bin/bin/../../lib\libc99-pic30-elf.a(data_init_24.o)
                  0x000152                  __data_init
                  0x000152                  __data_init_da
 *(.user_init)
 *(.handle)
 .handle          0x000204         0x10 jump_table
 *(.isr*)
 .isr.text        0x000214         0x1e build/default/debug/mcc_generated_files/ext_int.o
                  0x000214                  __INT3Interrupt
 .isr.text        0x000232        0x250 build/default/debug/mcc_generated_files/i2c1.o
                  0x000232                  __MI2C1Interrupt
 .isr.text        0x000482         0x14 build/default/debug/mcc_generated_files/pin_manager.o
                  0x000482                  __IOCInterrupt
 .isr.text        0x000496         0x2e build/default/debug/mcc_generated_files/tmr1.o
                  0x000496                  __T1Interrupt
 .isr.text        0x0004c4         0xa2 build/default/debug/mcc_generated_files/traps.o
                  0x0004c4                  __OscillatorFail
                  0x0004e4                  __StackError
                  0x000506                  __AddressError
                  0x000526                  __MathError
                  0x000546                  __NVMError
 .isr             0x000566          0x4 default_isr
                  0x000566                  __DefaultInterrupt
 *(.libc)
 *(.libm)
 *(.libdsp)
 *(.lib*)
 .libc.write      0x00056a         0x46 build/default/debug/mcc_generated_files/uart2.o
                  0x00056a                  _write
 .libpic30_crt_start_mode
                  0x0005b0          0x2 c:/spb_data/bin/bin/../../lib\libc99-pic30-elf.a(crt_start_mode_normalda.Meo)
                  0x0005b0                  __crt_start_mode
                  0x0005b0                  __crt_start_mode_normal
 .libm.umodsi3    0x0005b2          0x6 c:/spb_data/bin/bin/../../lib\libc99-pic30-elf.a(umodsi3.DA_o)
                  0x0005b2                  ___umodsi3
 .libm.udivsi3    0x0005b8         0x20 c:/spb_data/bin/bin/../../lib\libc99-pic30-elf.a(udivsi3.DA_o)
                  0x0005b8                  ___udivsi3
 .libc.__wrap_printf
                  0x0005d8         0x10 c:/spb_data/bin/bin/../../lib\libc99-elf.a(__sio_printf_0.DA_o)
                  0x0005d8                  __printf_0
                  0x0005d8                  __dprintf_0
 .libc.__sio_printf_0
                  0x0005e8          0x2 c:/spb_data/bin/bin/../../lib\libc99-elf.a(__sio_printf_0.DA_o)
                  0x0005e8                  ___sio_printf_0
 .libc.__wrap_printf
                  0x0005ea         0x10 c:/spb_data/bin/bin/../../lib\libc99-elf.a(__sio_printf_dosux.DA_o)
                  0x0005ea                  __dprintf_cdnopsuxX
                  0x0005ea                  __printf_cdnopsuxX
 .libc.__sio_printf_dosux
                  0x0005fa          0xe c:/spb_data/bin/bin/../../lib\libc99-elf.a(__sio_printf_dosux.DA_o)
                  0x0005fa                  ___sio_printf_dosux
 .libc.__wrap_printf
                  0x000608         0x10 c:/spb_data/bin/bin/../../lib\libc99-elf.a(__sio_printf_doux.DA_o)
                  0x000608                  __printf_cdnopuxX
                  0x000608                  __dprintf_cdnopuxX
 .libc.__sio_printf_doux
                  0x000618          0xe c:/spb_data/bin/bin/../../lib\libc99-elf.a(__sio_printf_doux.DA_o)
                  0x000618                  ___sio_printf_doux
 .libc.__wrap_printf
                  0x000626         0x10 c:/spb_data/bin/bin/../../lib\libc99-elf.a(__sio_printf_s.DA_o)
                  0x000626                  __printf_s
                  0x000626                  __dprintf_s
 .libc.__sio_printf_s
                  0x000636          0x2 c:/spb_data/bin/bin/../../lib\libc99-elf.a(__sio_printf_s.DA_o)
                  0x000636                  ___sio_printf_s
 .libc.__wrap_sprintf
                  0x000638          0xc c:/spb_data/bin/bin/../../lib\libc99-elf.a(__sio_sprintf_doux.DA_o)
                  0x000638                  __sprintf_cdnopuxX
                  0x000638                  __dsprintf_cdnopuxX
 .libc.__sio_sprintf_doux
                  0x000644          0xe c:/spb_data/bin/bin/../../lib\libc99-elf.a(__sio_sprintf_doux.DA_o)
                  0x000644                  ___sio_sprintf_doux
 .libc.__isspace
                  0x000652         0x14 c:/spb_data/bin/bin/../../lib\libc99-elf.a(atoi.DA_o)
 .libc.atoi       0x000666         0x4c c:/spb_data/bin/bin/../../lib\libc99-elf.a(atoi.DA_o)
                  0x000666                  _atoi
 .libc.memcpy     0x0006b2          0xe c:/spb_data/bin/bin/../../lib\libc99-elf.a(memcpy.DA_o)
                  0x0006b2                  _memcpy
 .libc.memset     0x0006c0         0xc8 c:/spb_data/bin/bin/../../lib\libc99-elf.a(memset.DA_o)
                  0x0006c0                  _memset
 .libc.printf     0x000788         0x10 c:/spb_data/bin/bin/../../lib\libc99-elf.a(printf.DA_o)
                  0x000788                  _printf
 .libc.puts       0x000798         0x1a c:/spb_data/bin/bin/../../lib\libc99-elf.a(puts.DA_o)
                  0x000798                  _puts
 .libc.__dummy0
                  0x0007b2          0x2 c:/spb_data/bin/bin/../../lib\libc99-elf.a(stdout.DA_o)
                  0x0007b2                  ___stdio_seek
 .libc.__dummy    0x0007b4          0x4 c:/spb_data/bin/bin/../../lib\libc99-elf.a(stdout.DA_o)
                  0x0007b4                  ___get_stdout
 .libc.__init_stdout
                  0x0007b8          0x8 c:/spb_data/bin/bin/../../lib\libc99-elf.a(stdout.DA_o)
                  0x0007b8                  ___init_stdout
 .libc.strcpy     0x0007c0          0xe c:/spb_data/bin/bin/../../lib\libc99-elf.a(strcpy.DA_o)
                  0x0007c0                  _strcpy
 .libc.strlen     0x0007ce         0x30 c:/spb_data/bin/bin/../../lib\libc99-elf.a(strlen.DA_o)
                  0x0007ce                  _strlen
 .libc.strtok     0x0007fe         0x3a c:/spb_data/bin/bin/../../lib\libc99-elf.a(strtok.DA_o)
                  0x0007fe                  _strtok
 .libc.vfprintf
                  0x000838         0x1c c:/spb_data/bin/bin/../../lib\libc99-elf.a(vfprintf.DA_o)
                  0x000838                  _vfprintf
 .libc.__fmt_d    0x000854         0xb2 c:/spb_data/bin/bin/../../lib\libc99-elf.a(__fmt_d.DA_o)
                  0x000854                  ___fmt_d
                  0x000854                  ___fmt_d_needed
 .libc.__fmt_o    0x000906         0x6a c:/spb_data/bin/bin/../../lib\libc99-elf.a(__fmt_o.DA_o)
                  0x000906                  ___fmt_o
                  0x000906                  ___fmt_o_needed
 .libc.__fmt_s    0x000970         0x54 c:/spb_data/bin/bin/../../lib\libc99-elf.a(__fmt_s.DA_o)
                  0x000970                  ___fmt_0_needed
                  0x000970                  ___fmt_s_needed
                  0x000970                  ___fmt_s
 .libc.__cvt_u    0x0009c4         0xa6 c:/spb_data/bin/bin/../../lib\libc99-elf.a(__fmt_u.DA_o)
                  0x0009c4                  ___cvt_u
 .libc.__fmt_u    0x000a6a         0x52 c:/spb_data/bin/bin/../../lib\libc99-elf.a(__fmt_u.DA_o)
                  0x000a6a                  ___fmt_u
                  0x000a6a                  ___fmt_u_needed
 .libc.__fmt_x    0x000abc        0x14a c:/spb_data/bin/bin/../../lib\libc99-elf.a(__fmt_x.DA_o)
                  0x000abc                  ___fmt_x_needed
                  0x000abc                  ___fmt_x
 .libc.__vfprintf
                  0x000c06         0x1c c:/spb_data/bin/bin/../../lib\libc99-elf.a(__int_vfprintf.DA_o)
                  0x000c06                  ___vfprintf
 .libc.__vsprintf
                  0x000c22          0x8 c:/spb_data/bin/bin/../../lib\libc99-elf.a(__int_vsprintf.DA_o)
                  0x000c22                  ___vsprintf
 .libc.__string_out
                  0x000c2a         0x26 c:/spb_data/bin/bin/../../lib\libc99-elf.a(__out.DA_o)
 .libc.__fwrite_min
                  0x000c50          0x4 c:/spb_data/bin/bin/../../lib\libc99-elf.a(__out.DA_o)
                  0x000c50                  ___fwrite
                  0x000c50                  ___stdio_write
                  0x000c50                  ___stdio_write_unbuffered
 .libc.__out      0x000c54         0x10 c:/spb_data/bin/bin/../../lib\libc99-elf.a(__out.DA_o)
                  0x000c54                  ___out_needed
                  0x000c54                  ___out
 .libc.__pop_float
                  0x000c64         0x3e c:/spb_data/bin/bin/../../lib\libc99-elf.a(__pop_float.DA_o)
                  0x000c64                  ___pop_float
                  0x000c64                  ___pop_float_needed
 .libc.__pop_int
                  0x000ca2         0xa8 c:/spb_data/bin/bin/../../lib\libc99-elf.a(__pop_int.DA_o)
                  0x000ca2                  ___pop_int
                  0x000ca2                  ___pop_int_needed
 .libc.__pop_ptr
                  0x000d4a         0x70 c:/spb_data/bin/bin/../../lib\libc99-elf.a(__pop_ptr.DA_o)
                  0x000d4a                  ___pop_ptr_needed
                  0x000d4a                  ___pop_ptr
 .libc.__string_out
                  0x000dba         0x26 c:/spb_data/bin/bin/../../lib\libc99-elf.a(__printf_core.DA_o)
 .libc.__pad      0x000de0         0x74 c:/spb_data/bin/bin/../../lib\libc99-elf.a(__printf_core.DA_o)
                  0x000de0                  ___pad
 .libc.__dummy_fmt3
                  0x000e54          0x2 c:/spb_data/bin/bin/../../lib\libc99-elf.a(__printf_core.DA_o)
 .libc.__dummy_fmt4
                  0x000e56          0x2 c:/spb_data/bin/bin/../../lib\libc99-elf.a(__printf_core.DA_o)
 .libc.__dummy_fmts
                  0x000e58          0x2 c:/spb_data/bin/bin/../../lib\libc99-elf.a(__printf_core.DA_o)
 .libc.__fmt_state
                  0x000e5a         0x2c c:/spb_data/bin/bin/../../lib\libc99-elf.a(__printf_core.DA_o)
                  0x000e5a                  ___fmt_state
 .libc.vfpfcnvrt.clone.0
                  0x000e86        0x2d8 c:/spb_data/bin/bin/../../lib\libc99-elf.a(__printf_core.DA_o)
 .libc.__printf_core
                  0x00115e         0x40 c:/spb_data/bin/bin/../../lib\libc99-elf.a(__printf_core.DA_o)
                  0x00115e                  ___printf_core
 .libc.__stdio_close
                  0x00119e         0x3e c:/spb_data/bin/bin/../../lib\libc99-elf.a(__stdio_close.DA_o)
                  0x00119e                  ___stdio_close
 .libc.__stdio_close_rw
                  0x0011dc         0x58 c:/spb_data/bin/bin/../../lib\libc99-elf.a(__stdio_close.DA_o)
                  0x0011dc                  ___stdio_close_rw
 .libc.fputs      0x001234         0x28 c:/spb_data/bin/bin/../../lib\libc99-elf.a(fputs.DA_o)
                  0x001234                  _fputs_unlocked
                  0x001234                  _fputs
 .libc.__fwrite_min
                  0x00125c          0x4 c:/spb_data/bin/bin/../../lib\libc99-elf.a(fwrite.DA_o)
 .libc.fwrite     0x001260         0x2c c:/spb_data/bin/bin/../../lib\libc99-elf.a(fwrite.DA_o)
                  0x001260                  _fwrite
                  0x001260                  _fwrite_unlocked
 .libc.__lseek    0x00128c          0xc c:/spb_data/bin/bin/../../lib\libc99-elf.a(lseek.DA_o)
                  0x00128c                  _lseek
                  0x00128c                  ___lseek
 .libc.__putc_unbuffered
                  0x001298         0x2e c:/spb_data/bin/bin/../../lib\libc99-elf.a(putc.DA_o)
                  0x001298                  ___putc
                  0x001298                  ___putc_unbuffered
 .libc.putc       0x0012c6          0x2 c:/spb_data/bin/bin/../../lib\libc99-elf.a(putc.DA_o)
                  0x0012c6                  _putc
                  0x0012c6                  _fputc
                  0x0012c6                  _putc_unlocked
                  0x0012c6                  __IO_putc
 .libc.__stpcpy
                  0x0012c8         0x40 c:/spb_data/bin/bin/../../lib\libc99-elf.a(stpcpy.DA_o)
                  0x0012c8                  ___stpcpy
                  0x0012c8                  _stpcpy
 .libc.strcspn    0x001308         0x68 c:/spb_data/bin/bin/../../lib\libc99-elf.a(strcspn.DA_o)
                  0x001308                  _strcspn
 .libc.strspn     0x001370         0x66 c:/spb_data/bin/bin/../../lib\libc99-elf.a(strspn.DA_o)
                  0x001370                  _strspn
 .libc.__syscall_ret
                  0x0013d6         0x14 c:/spb_data/bin/bin/../../lib\libc99-elf.a(syscall_ret.DA_o)
                  0x0013d6                  ___syscall_ret
 .libc.tolower    0x0013ea          0xc c:/spb_data/bin/bin/../../lib\libc99-elf.a(tolower.DA_o)
                  0x0013ea                  _tolower
 .libc.__tolower_l
                  0x0013f6          0x2 c:/spb_data/bin/bin/../../lib\libc99-elf.a(tolower.DA_o)
                  0x0013f6                  ___tolower_l
                  0x0013f6                  _tolower_l
 .libc.toupper    0x0013f8          0xc c:/spb_data/bin/bin/../../lib\libc99-elf.a(toupper.DA_o)
                  0x0013f8                  _toupper
 .libc.__toupper_l
                  0x001404          0x2 c:/spb_data/bin/bin/../../lib\libc99-elf.a(toupper.DA_o)
                  0x001404                  ___toupper_l
                  0x001404                  _toupper_l
 .libc.__LONG_DOUBLE_BITS
                  0x001406          0x2 c:/spb_data/bin/bin/../../lib\libc99-elf.a(__fmt_a.DA_o)
 .libc.__fmt_a    0x001408        0x544 c:/spb_data/bin/bin/../../lib\libc99-elf.a(__fmt_a.DA_o)
                  0x001408                  ___fmt_a_needed
                  0x001408                  ___fmt_a
 .libc.__LONG_DOUBLE_BITS
                  0x00194c          0x2 c:/spb_data/bin/bin/../../lib\libc99-elf.a(__fmt_fp.DA_o)
 .libc.__fmt_fp
                  0x00194e        0x5b6 c:/spb_data/bin/bin/../../lib\libc99-elf.a(__fmt_fp.DA_o)
                  0x00194e                  ___fmt_f_needed
                  0x00194e                  ___fmt_fp
 .libc.__dummy    0x001f04          0x2 c:/spb_data/bin/bin/../../lib\libc99-elf.a(__init_stdio.DA_o)
                  0x001f04                  ___init_stderr
                  0x001f04                  ___init_stdin
 .libc.__init_stdio
                  0x001f06          0x6 c:/spb_data/bin/bin/../../lib\libc99-elf.a(__init_stdio.DA_o)
                  0x001f06                  ___init_stdio
                  0x001f06                  ___init_stdio_needed
 .libc.__vsnprintf
                  0x001f0c         0x4a c:/spb_data/bin/bin/../../lib\libc99-elf.a(__int_vsnprintf.DA_o)
                  0x001f0c                  ___vsnprintf
 .libc.__strchrnul
                  0x001f56         0x58 c:/spb_data/bin/bin/../../lib\libc99-elf.a(strchrnul.DA_o)
                  0x001f56                  ___strchrnul
                  0x001f56                  _strchrnul
 .libm.eqdf2      0x001fae          0xa c:/spb_data/bin/bin/../../lib\libc99-pic30-elf.a(deqltle.DA_o)
                  0x001fae                  ___eqdf2
                  0x001fae                  ___ltdf2
                  0x001fae                  ___ledf2
 .libm.gtdf2      0x001fb8          0xa c:/spb_data/bin/bin/../../lib\libc99-pic30-elf.a(dgtge.DA_o)
                  0x001fb8                  ___gtdf2
                  0x001fb8                  ___gedf2
 .libm.extendsfdf2
                  0x001fc2         0x3e c:/spb_data/bin/bin/../../lib\libc99-pic30-elf.a(extendsfdf.DA_o)
                  0x001fc2                  ___extendsfdf2
 .libm.fixdfsi    0x002000         0x58 c:/spb_data/bin/bin/../../lib\libc99-pic30-elf.a(fixdfsi.DA_o)
                  0x002000                  _(float, int, long long, double, float, short, int)
 .libm.funpack    0x002058         0x2a c:/spb_data/bin/bin/../../lib\libc99-pic30-elf.a(funpack.DA_o)
                  0x002058                  __funpack
 .libm.mulsi3     0x002082          0xc c:/spb_data/bin/bin/../../lib\libc99-pic30-elf.a(mulsi3.DA_o)
                  0x002082                  ___mulp32peds3
                  0x002082                  ___mulsi3
                  0x002082                  ___mulp32eds3
 .lib_dpfops      0x00208e         0xa2 c:/spb_data/bin/bin/../../lib\libc99-pic30-elf.a(dpadd.DA_o)
                  0x00208e                  ___subdf3
                  0x00209a                  ___adddf3
 .lib_dpfops      0x002130        0x15e c:/spb_data/bin/bin/../../lib\libc99-pic30-elf.a(dpdiv.DA_o)
                  0x002130                  ___divdf3
 .lib_dpfops      0x00228e        0x11a c:/spb_data/bin/bin/../../lib\libc99-pic30-elf.a(dpmul.DA_o)
                  0x00228e                  ___muldf3
 .lib_dpfops      0x0023a8        0x128 c:/spb_data/bin/bin/../../lib\libc99-pic30-elf.a(dpsubs.DA_o)
                  0x0023c2                  __dxchg
                  0x0023d0                  __drshft
                  0x00242a                  __dupchk
                  0x00248c                  __drndex
                  0x002496                  __dnsrnd
                  0x0024c2                  __dpakex
 .libm.__PplusBdi
                  0x0024d0         0x26 c:/spb_data/bin/bin/../../lib\libc99-pic30-elf.a(divmoddi3.DA_o)
 .libm.__PminusBdi
                  0x0024f6         0x26 c:/spb_data/bin/bin/../../lib\libc99-pic30-elf.a(divmoddi3.DA_o)
 .libm.__udivmoddi3
                  0x00251c         0xe6 c:/spb_data/bin/bin/../../lib\libc99-pic30-elf.a(divmoddi3.DA_o)
                  0x00251c                  ___udivmoddi3
 .libm.__udivdi3
                  0x002602          0xe c:/spb_data/bin/bin/../../lib\libc99-pic30-elf.a(divmoddi3.DA_o)
                  0x002602                  ___udivdi3
 .libm.__umoddi3
                  0x002610          0x8 c:/spb_data/bin/bin/../../lib\libc99-pic30-elf.a(divmoddi3.DA_o)
                  0x002610                  ___umoddi3
 .libm.__divdi3
                  0x002618         0x60 c:/spb_data/bin/bin/../../lib\libc99-pic30-elf.a(divmoddi3.DA_o)
                  0x002618                  ___divdi3
 .libm.__moddi3
                  0x002678         0x5c c:/spb_data/bin/bin/../../lib\libc99-pic30-elf.a(divmoddi3.DA_o)
                  0x002678                  ___moddi3
 .libm.dcompare
                  0x0026d4         0x52 c:/spb_data/bin/bin/../../lib\libc99-pic30-elf.a(dcompare.DA_o)
                  0x0026d4                  __dcompare
 .libm.dtype      0x002726         0x24 c:/spb_data/bin/bin/../../lib\libc99-pic30-elf.a(dtype.DA_o)
                  0x002726                  __dtype
 .libm.dunpack    0x00274a         0x4e c:/spb_data/bin/bin/../../lib\libc99-pic30-elf.a(dunpack.DA_o)
                  0x00274a                  __dunpack
 .libm.dunpack2
                  0x002798         0x32 c:/spb_data/bin/bin/../../lib\libc99-pic30-elf.a(dunpack2.DA_o)
                  0x002798                  __dunpack2
                  0x0027ba                  __dreturnNaN
                  0x0027c0                  __dunpack2exit
 .libm.dPropagateNaN
                  0x0027ca         0x1c c:/spb_data/bin/bin/../../lib\libc99-pic30-elf.a(dpropagateNaN.DA_o)
                  0x0027ca                  __dPropagateNaN
 .libc.floorl     0x0027e6         0xf8 c:/spb_data/bin/bin/../../lib\libm-elf.a(floorl.DA_o)
                  0x0027e6                  _floorl

usercode
 *(usercode)

__FSEC            0x015f00          0x2
 *(__FSEC.sec*)
 __FSEC.sec       0x015f00          0x2 /CW/_FSEC
                  0x015f00                  __FSEC.sec

__FBSLIM
 *(__FBSLIM.sec*)

__FSIGN
 *(__FSIGN.sec*)

__FOSCSEL
 *(__FOSCSEL.sec*)

__FOSC
 *(__FOSC.sec*)

__FWDT
 *(__FWDT.sec*)

__FPOR
 *(__FPOR.sec*)

__FICD
 *(__FICD.sec*)

__FDEVOPT1
 *(__FDEVOPT1.sec*)

.comment
 *(.comment)

.debug_info       0x000000      0x15c16
 *(.debug_info)
 .debug_info      0x000000        0x4f4 build/default/debug/mcc_generated_files/ext_int.o
 .debug_info      0x0004f4       0x1016 build/default/debug/mcc_generated_files/i2c1.o
 .debug_info      0x00150a        0x728 build/default/debug/mcc_generated_files/interrupt_manager.o
 .debug_info      0x001c32        0x673 build/default/debug/mcc_generated_files/pin_manager.o
 .debug_info      0x0022a5        0x988 build/default/debug/mcc_generated_files/tmr1.o
 .debug_info      0x002c2d        0x438 build/default/debug/mcc_generated_files/traps.o
 .debug_info      0x003065        0x7a9 build/default/debug/mcc_generated_files/uart2.o
 .debug_info      0x00380e        0x355 build/default/debug/mcc_generated_files/system.o
 .debug_info      0x003b63        0x37d build/default/debug/mcc_generated_files/clock.o
 .debug_info      0x003ee0        0x88d build/default/debug/mcc_generated_files/spi1.o
 .debug_info      0x00476d        0xef4 build/default/debug/WINC1500/Board_driver/wf_mcu_driver_stub.o
 .debug_info      0x005661        0x963 build/default/debug/WINC1500/Driver/wf_asic.o
 .debug_info      0x005fc4        0xd74 build/default/debug/WINC1500/Driver/wf_hif.o
 .debug_info      0x006d38        0xcb0 build/default/debug/WINC1500/Driver/wf_ota.o
 .debug_info      0x0079e8       0x21a4 build/default/debug/WINC1500/Driver/wf_socket.o
 .debug_info      0x009b8c       0x1118 build/default/debug/WINC1500/Driver/wf_spi.o
 .debug_info      0x00aca4        0xdf8 build/default/debug/WINC1500/Driver/wf_spi_flash.o
 .debug_info      0x00ba9c        0x322 build/default/debug/WINC1500/Driver/wf_utils.o
 .debug_info      0x00bdbe       0x3929 build/default/debug/WINC1500/Driver/wf_wifi.o
 .debug_info      0x00f6e7        0x181 build/default/debug/WINC1500/Example/winc1500_fw_update_over_serial.o
 .debug_info      0x00f868        0x179 build/default/debug/WINC1500/Example/winc1500_http_download.o
 .debug_info      0x00f9e1        0x17d build/default/debug/WINC1500/Example/winc1500_locate_ip_address.o
 .debug_info      0x00fb5e        0x177 build/default/debug/WINC1500/Example/winc1500_mac_address.o
 .debug_info      0x00fcd5        0x173 build/default/debug/WINC1500/Example/winc1500_mode_ap.o
 .debug_info      0x00fe48        0x177 build/default/debug/WINC1500/Example/winc1500_mode_change.o
 .debug_info      0x00ffbf        0x174 build/default/debug/WINC1500/Example/winc1500_mode_p2p.o
 .debug_info      0x010133        0x174 build/default/debug/WINC1500/Example/winc1500_mode_sta.o
 .debug_info      0x0102a7        0x17f build/default/debug/WINC1500/Example/winc1500_ota_firmware_update.o
 .debug_info      0x010426        0x17b build/default/debug/WINC1500/Example/winc1500_power_save_mode.o
 .debug_info      0x0105a1        0xf77 build/default/debug/WINC1500/Example/winc1500_provision_http.o
 .debug_info      0x011518        0x17c build/default/debug/WINC1500/Example/winc1500_security_wep_wpa.o
 .debug_info      0x011694        0x178 build/default/debug/WINC1500/Example/winc1500_security_wps.o
 .debug_info      0x01180c        0x176 build/default/debug/WINC1500/Example/winc1500_send_email.o
 .debug_info      0x011982        0x17b build/default/debug/WINC1500/Example/winc1500_signal_strength.o
 .debug_info      0x011afd        0x177 build/default/debug/WINC1500/Example/winc1500_ssl_connect.o
 .debug_info      0x011c74        0x176 build/default/debug/WINC1500/Example/winc1500_tcp_client.o
 .debug_info      0x011dea        0x176 build/default/debug/WINC1500/Example/winc1500_tcp_server.o
 .debug_info      0x011f60        0x177 build/default/debug/WINC1500/Example/winc1500_time_client.o
 .debug_info      0x0120d7        0x17a build/default/debug/WINC1500/Example/winc1500_weather_client.o
 .debug_info      0x012251       0x1358 build/default/debug/WINC1500/Support/winc1500_support_stub.o
 .debug_info      0x0135a9        0x3bf build/default/debug/bsp.o
 .debug_info      0x013968        0x4d4 build/default/debug/main.o
 .debug_info      0x013e3c       0x1406 build/default/debug/ST7735.o
 .debug_info      0x015242         0x8d c:/spb_data/bin/bin/../../lib\libc99-pic30-elf.a(umodsi3.DA_o)
 .debug_info      0x0152cf         0x8d c:/spb_data/bin/bin/../../lib\libc99-pic30-elf.a(udivsi3.DA_o)
 .debug_info      0x01535c         0x8d c:/spb_data/bin/bin/../../lib\libc99-pic30-elf.a(deqltle.DA_o)
 .debug_info      0x0153e9         0x8b c:/spb_data/bin/bin/../../lib\libc99-pic30-elf.a(dgtge.DA_o)
 .debug_info      0x015474         0x90 c:/spb_data/bin/bin/../../lib\libc99-pic30-elf.a(extendsfdf.DA_o)
 .debug_info      0x015504         0x8d c:/spb_data/bin/bin/../../lib\libc99-pic30-elf.a(fixdfsi.DA_o)
 .debug_info      0x015591         0x8d c:/spb_data/bin/bin/../../lib\libc99-pic30-elf.a(funpack.DA_o)
 .debug_info      0x01561e         0x8c c:/spb_data/bin/bin/../../lib\libc99-pic30-elf.a(mulsi3.DA_o)
 .debug_info      0x0156aa         0xa9 c:/spb_data/bin/bin/../../lib\libc99-pic30-elf.a(dpadd.DA_o)
 .debug_info      0x015753         0xa9 c:/spb_data/bin/bin/../../lib\libc99-pic30-elf.a(dpdiv.DA_o)
 .debug_info      0x0157fc         0xa9 c:/spb_data/bin/bin/../../lib\libc99-pic30-elf.a(dpmul.DA_o)
 .debug_info      0x0158a5         0xaa c:/spb_data/bin/bin/../../lib\libc99-pic30-elf.a(dpsubs.DA_o)
 .debug_info      0x01594f         0x8e c:/spb_data/bin/bin/../../lib\libc99-pic30-elf.a(dcompare.DA_o)
 .debug_info      0x0159dd         0x8b c:/spb_data/bin/bin/../../lib\libc99-pic30-elf.a(dtype.DA_o)
 .debug_info      0x015a68         0x8d c:/spb_data/bin/bin/../../lib\libc99-pic30-elf.a(dunpack.DA_o)
 .debug_info      0x015af5         0x8e c:/spb_data/bin/bin/../../lib\libc99-pic30-elf.a(dunpack2.DA_o)
 .debug_info      0x015b83         0x93 c:/spb_data/bin/bin/../../lib\libc99-pic30-elf.a(dpropagateNaN.DA_o)
 *(.gnu.linkonce.wi.*)

.debug_abbrev     0x000000       0x2397
 *(.debug_abbrev)
 .debug_abbrev    0x000000         0xbf build/default/debug/mcc_generated_files/ext_int.o
 .debug_abbrev    0x0000bf        0x232 build/default/debug/mcc_generated_files/i2c1.o
 .debug_abbrev    0x0002f1         0xb4 build/default/debug/mcc_generated_files/interrupt_manager.o
 .debug_abbrev    0x0003a5          0x1 build/default/debug/mcc_generated_files/mcc.o
 .debug_abbrev    0x0003a6         0xd0 build/default/debug/mcc_generated_files/pin_manager.o
 .debug_abbrev    0x000476        0x181 build/default/debug/mcc_generated_files/tmr1.o
 .debug_abbrev    0x0005f7        0x100 build/default/debug/mcc_generated_files/traps.o
 .debug_abbrev    0x0006f7        0x169 build/default/debug/mcc_generated_files/uart2.o
 .debug_abbrev    0x000860         0xb4 build/default/debug/mcc_generated_files/system.o
 .debug_abbrev    0x000914         0x6a build/default/debug/mcc_generated_files/clock.o
 .debug_abbrev    0x00097e        0x147 build/default/debug/mcc_generated_files/spi1.o
 .debug_abbrev    0x000ac5        0x1a6 build/default/debug/WINC1500/Board_driver/wf_mcu_driver_stub.o
 .debug_abbrev    0x000c6b        0x14d build/default/debug/WINC1500/Driver/wf_asic.o
 .debug_abbrev    0x000db8        0x1f0 build/default/debug/WINC1500/Driver/wf_hif.o
 .debug_abbrev    0x000fa8        0x103 build/default/debug/WINC1500/Driver/wf_ota.o
 .debug_abbrev    0x0010ab        0x257 build/default/debug/WINC1500/Driver/wf_socket.o
 .debug_abbrev    0x001302        0x1b9 build/default/debug/WINC1500/Driver/wf_spi.o
 .debug_abbrev    0x0014bb        0x13d build/default/debug/WINC1500/Driver/wf_spi_flash.o
 .debug_abbrev    0x0015f8         0xb3 build/default/debug/WINC1500/Driver/wf_utils.o
 .debug_abbrev    0x0016ab        0x23f build/default/debug/WINC1500/Driver/wf_wifi.o
 .debug_abbrev    0x0018ea         0x1f build/default/debug/WINC1500/Example/winc1500_fw_update_over_serial.o
 .debug_abbrev    0x001909         0x1f build/default/debug/WINC1500/Example/winc1500_http_download.o
 .debug_abbrev    0x001928         0x1f build/default/debug/WINC1500/Example/winc1500_locate_ip_address.o
 .debug_abbrev    0x001947         0x1f build/default/debug/WINC1500/Example/winc1500_mac_address.o
 .debug_abbrev    0x001966         0x1f build/default/debug/WINC1500/Example/winc1500_mode_ap.o
 .debug_abbrev    0x001985         0x1f build/default/debug/WINC1500/Example/winc1500_mode_change.o
 .debug_abbrev    0x0019a4         0x1f build/default/debug/WINC1500/Example/winc1500_mode_p2p.o
 .debug_abbrev    0x0019c3         0x1f build/default/debug/WINC1500/Example/winc1500_mode_sta.o
 .debug_abbrev    0x0019e2         0x1f build/default/debug/WINC1500/Example/winc1500_ota_firmware_update.o
 .debug_abbrev    0x001a01         0x1f build/default/debug/WINC1500/Example/winc1500_power_save_mode.o
 .debug_abbrev    0x001a20        0x16c build/default/debug/WINC1500/Example/winc1500_provision_http.o
 .debug_abbrev    0x001b8c         0x1f build/default/debug/WINC1500/Example/winc1500_security_wep_wpa.o
 .debug_abbrev    0x001bab         0x1f build/default/debug/WINC1500/Example/winc1500_security_wps.o
 .debug_abbrev    0x001bca         0x1f build/default/debug/WINC1500/Example/winc1500_send_email.o
 .debug_abbrev    0x001be9         0x1f build/default/debug/WINC1500/Example/winc1500_signal_strength.o
 .debug_abbrev    0x001c08         0x1f build/default/debug/WINC1500/Example/winc1500_ssl_connect.o
 .debug_abbrev    0x001c27         0x1f build/default/debug/WINC1500/Example/winc1500_tcp_client.o
 .debug_abbrev    0x001c46         0x1f build/default/debug/WINC1500/Example/winc1500_tcp_server.o
 .debug_abbrev    0x001c65         0x1f build/default/debug/WINC1500/Example/winc1500_time_client.o
 .debug_abbrev    0x001c84         0x1f build/default/debug/WINC1500/Example/winc1500_weather_client.o
 .debug_abbrev    0x001ca3        0x1ef build/default/debug/WINC1500/Support/winc1500_support_stub.o
 .debug_abbrev    0x001e92         0xf2 build/default/debug/bsp.o
 .debug_abbrev    0x001f84         0xf2 build/default/debug/main.o
 .debug_abbrev    0x002076        0x1cd build/default/debug/ST7735.o
 .debug_abbrev    0x002243         0x14 c:/spb_data/bin/bin/../../lib\libc99-pic30-elf.a(umodsi3.DA_o)
 .debug_abbrev    0x002257         0x14 c:/spb_data/bin/bin/../../lib\libc99-pic30-elf.a(udivsi3.DA_o)
 .debug_abbrev    0x00226b         0x14 c:/spb_data/bin/bin/../../lib\libc99-pic30-elf.a(deqltle.DA_o)
 .debug_abbrev    0x00227f         0x14 c:/spb_data/bin/bin/../../lib\libc99-pic30-elf.a(dgtge.DA_o)
 .debug_abbrev    0x002293         0x14 c:/spb_data/bin/bin/../../lib\libc99-pic30-elf.a(extendsfdf.DA_o)
 .debug_abbrev    0x0022a7         0x14 c:/spb_data/bin/bin/../../lib\libc99-pic30-elf.a(fixdfsi.DA_o)
 .debug_abbrev    0x0022bb         0x14 c:/spb_data/bin/bin/../../lib\libc99-pic30-elf.a(funpack.DA_o)
 .debug_abbrev    0x0022cf         0x14 c:/spb_data/bin/bin/../../lib\libc99-pic30-elf.a(mulsi3.DA_o)
 .debug_abbrev    0x0022e3         0x14 c:/spb_data/bin/bin/../../lib\libc99-pic30-elf.a(dpadd.DA_o)
 .debug_abbrev    0x0022f7         0x14 c:/spb_data/bin/bin/../../lib\libc99-pic30-elf.a(dpdiv.DA_o)
 .debug_abbrev    0x00230b         0x14 c:/spb_data/bin/bin/../../lib\libc99-pic30-elf.a(dpmul.DA_o)
 .debug_abbrev    0x00231f         0x14 c:/spb_data/bin/bin/../../lib\libc99-pic30-elf.a(dpsubs.DA_o)
 .debug_abbrev    0x002333         0x14 c:/spb_data/bin/bin/../../lib\libc99-pic30-elf.a(dcompare.DA_o)
 .debug_abbrev    0x002347         0x14 c:/spb_data/bin/bin/../../lib\libc99-pic30-elf.a(dtype.DA_o)
 .debug_abbrev    0x00235b         0x14 c:/spb_data/bin/bin/../../lib\libc99-pic30-elf.a(dunpack.DA_o)
 .debug_abbrev    0x00236f         0x14 c:/spb_data/bin/bin/../../lib\libc99-pic30-elf.a(dunpack2.DA_o)
 .debug_abbrev    0x002383         0x14 c:/spb_data/bin/bin/../../lib\libc99-pic30-elf.a(dpropagateNaN.DA_o)

.debug_line       0x000000       0x2c34
 *(.debug_line)
 .debug_line      0x000000        0x102 build/default/debug/mcc_generated_files/ext_int.o
 .debug_line      0x000102        0x1d3 build/default/debug/mcc_generated_files/i2c1.o
 .debug_line      0x0002d5         0xf8 build/default/debug/mcc_generated_files/interrupt_manager.o
 .debug_line      0x0003cd         0x1a build/default/debug/mcc_generated_files/mcc.o
 .debug_line      0x0003e7        0x11b build/default/debug/mcc_generated_files/pin_manager.o
 .debug_line      0x000502        0x131 build/default/debug/mcc_generated_files/tmr1.o
 .debug_line      0x000633        0x11f build/default/debug/mcc_generated_files/traps.o
 .debug_line      0x000752        0x120 build/default/debug/mcc_generated_files/uart2.o
 .debug_line      0x000872         0xee build/default/debug/mcc_generated_files/system.o
 .debug_line      0x000960         0xfa build/default/debug/mcc_generated_files/clock.o
 .debug_line      0x000a5a        0x13b build/default/debug/mcc_generated_files/spi1.o
 .debug_line      0x000b95        0x162 build/default/debug/WINC1500/Board_driver/wf_mcu_driver_stub.o
 .debug_line      0x000cf7        0x120 build/default/debug/WINC1500/Driver/wf_asic.o
 .debug_line      0x000e17        0x1b5 build/default/debug/WINC1500/Driver/wf_hif.o
 .debug_line      0x000fcc         0xe1 build/default/debug/WINC1500/Driver/wf_ota.o
 .debug_line      0x0010ad        0x292 build/default/debug/WINC1500/Driver/wf_socket.o
 .debug_line      0x00133f        0x253 build/default/debug/WINC1500/Driver/wf_spi.o
 .debug_line      0x001592        0x1bb build/default/debug/WINC1500/Driver/wf_spi_flash.o
 .debug_line      0x00174d         0xa5 build/default/debug/WINC1500/Driver/wf_utils.o
 .debug_line      0x0017f2        0x39d build/default/debug/WINC1500/Driver/wf_wifi.o
 .debug_line      0x001b8f         0x1a build/default/debug/WINC1500/Example/winc1500_fw_update_over_serial.o
 .debug_line      0x001ba9         0x1a build/default/debug/WINC1500/Example/winc1500_http_download.o
 .debug_line      0x001bc3         0x1a build/default/debug/WINC1500/Example/winc1500_locate_ip_address.o
 .debug_line      0x001bdd         0x1a build/default/debug/WINC1500/Example/winc1500_mac_address.o
 .debug_line      0x001bf7         0x1a build/default/debug/WINC1500/Example/winc1500_mode_ap.o
 .debug_line      0x001c11         0x1a build/default/debug/WINC1500/Example/winc1500_mode_change.o
 .debug_line      0x001c2b         0x1a build/default/debug/WINC1500/Example/winc1500_mode_p2p.o
 .debug_line      0x001c45         0x1a build/default/debug/WINC1500/Example/winc1500_mode_sta.o
 .debug_line      0x001c5f         0x1a build/default/debug/WINC1500/Example/winc1500_ota_firmware_update.o
 .debug_line      0x001c79         0x1a build/default/debug/WINC1500/Example/winc1500_power_save_mode.o
 .debug_line      0x001c93        0x131 build/default/debug/WINC1500/Example/winc1500_provision_http.o
 .debug_line      0x001dc4         0x1a build/default/debug/WINC1500/Example/winc1500_security_wep_wpa.o
 .debug_line      0x001dde         0x1a build/default/debug/WINC1500/Example/winc1500_security_wps.o
 .debug_line      0x001df8         0x1a build/default/debug/WINC1500/Example/winc1500_send_email.o
 .debug_line      0x001e12         0x1a build/default/debug/WINC1500/Example/winc1500_signal_strength.o
 .debug_line      0x001e2c         0x1a build/default/debug/WINC1500/Example/winc1500_ssl_connect.o
 .debug_line      0x001e46         0x1a build/default/debug/WINC1500/Example/winc1500_tcp_client.o
 .debug_line      0x001e60         0x1a build/default/debug/WINC1500/Example/winc1500_tcp_server.o
 .debug_line      0x001e7a         0x1a build/default/debug/WINC1500/Example/winc1500_time_client.o
 .debug_line      0x001e94         0x1a build/default/debug/WINC1500/Example/winc1500_weather_client.o
 .debug_line      0x001eae        0x127 build/default/debug/WINC1500/Support/winc1500_support_stub.o
 .debug_line      0x001fd5         0xdf build/default/debug/bsp.o
 .debug_line      0x0020b4        0x112 build/default/debug/main.o
 .debug_line      0x0021c6        0x33d build/default/debug/ST7735.o
 .debug_line      0x002503         0x38 c:/spb_data/bin/bin/../../lib\libc99-pic30-elf.a(umodsi3.DA_o)
 .debug_line      0x00253b         0x45 c:/spb_data/bin/bin/../../lib\libc99-pic30-elf.a(udivsi3.DA_o)
 .debug_line      0x002580         0x3a c:/spb_data/bin/bin/../../lib\libc99-pic30-elf.a(deqltle.DA_o)
 .debug_line      0x0025ba         0x38 c:/spb_data/bin/bin/../../lib\libc99-pic30-elf.a(dgtge.DA_o)
 .debug_line      0x0025f2         0x59 c:/spb_data/bin/bin/../../lib\libc99-pic30-elf.a(extendsfdf.DA_o)
 .debug_line      0x00264b         0x61 c:/spb_data/bin/bin/../../lib\libc99-pic30-elf.a(fixdfsi.DA_o)
 .debug_line      0x0026ac         0x4a c:/spb_data/bin/bin/../../lib\libc99-pic30-elf.a(funpack.DA_o)
 .debug_line      0x0026f6         0x3a c:/spb_data/bin/bin/../../lib\libc99-pic30-elf.a(mulsi3.DA_o)
 .debug_line      0x002730         0xa2 c:/spb_data/bin/bin/../../lib\libc99-pic30-elf.a(dpadd.DA_o)
 .debug_line      0x0027d2        0x100 c:/spb_data/bin/bin/../../lib\libc99-pic30-elf.a(dpdiv.DA_o)
 .debug_line      0x0028d2         0xde c:/spb_data/bin/bin/../../lib\libc99-pic30-elf.a(dpmul.DA_o)
 .debug_line      0x0029b0         0xe8 c:/spb_data/bin/bin/../../lib\libc99-pic30-elf.a(dpsubs.DA_o)
 .debug_line      0x002a98         0x5f c:/spb_data/bin/bin/../../lib\libc99-pic30-elf.a(dcompare.DA_o)
 .debug_line      0x002af7         0x45 c:/spb_data/bin/bin/../../lib\libc99-pic30-elf.a(dtype.DA_o)
 .debug_line      0x002b3c         0x5c c:/spb_data/bin/bin/../../lib\libc99-pic30-elf.a(dunpack.DA_o)
 .debug_line      0x002b98         0x53 c:/spb_data/bin/bin/../../lib\libc99-pic30-elf.a(dunpack2.DA_o)
 .debug_line      0x002beb         0x49 c:/spb_data/bin/bin/../../lib\libc99-pic30-elf.a(dpropagateNaN.DA_o)

.debug_frame      0x000000       0x21e8
 *(.debug_frame)
 .debug_frame     0x000000         0x6c build/default/debug/mcc_generated_files/ext_int.o
 .debug_frame     0x00006c        0x170 build/default/debug/mcc_generated_files/i2c1.o
 .debug_frame     0x0001dc         0x2e build/default/debug/mcc_generated_files/interrupt_manager.o
 .debug_frame     0x00020a         0x52 build/default/debug/mcc_generated_files/pin_manager.o
 .debug_frame     0x00025c        0x18a build/default/debug/mcc_generated_files/tmr1.o
 .debug_frame     0x0003e6        0x17e build/default/debug/mcc_generated_files/traps.o
 .debug_frame     0x000564         0x96 build/default/debug/mcc_generated_files/uart2.o
 .debug_frame     0x0005fa         0x2e build/default/debug/mcc_generated_files/system.o
 .debug_frame     0x000628         0x2e build/default/debug/mcc_generated_files/clock.o
 .debug_frame     0x000656         0xb0 build/default/debug/mcc_generated_files/spi1.o
 .debug_frame     0x000706        0x14c build/default/debug/WINC1500/Board_driver/wf_mcu_driver_stub.o
 .debug_frame     0x000852        0x16c build/default/debug/WINC1500/Driver/wf_asic.o
 .debug_frame     0x0009be        0x210 build/default/debug/WINC1500/Driver/wf_hif.o
 .debug_frame     0x000bce         0xd8 build/default/debug/WINC1500/Driver/wf_ota.o
 .debug_frame     0x000ca6        0x240 build/default/debug/WINC1500/Driver/wf_socket.o
 .debug_frame     0x000ee6        0x34c build/default/debug/WINC1500/Driver/wf_spi.o
 .debug_frame     0x001232        0x1de build/default/debug/WINC1500/Driver/wf_spi_flash.o
 .debug_frame     0x001410         0x8c build/default/debug/WINC1500/Driver/wf_utils.o
 .debug_frame     0x00149c        0x662 build/default/debug/WINC1500/Driver/wf_wifi.o
 .debug_frame     0x001afe         0x94 build/default/debug/WINC1500/Example/winc1500_provision_http.o
 .debug_frame     0x001b92        0x112 build/default/debug/WINC1500/Support/winc1500_support_stub.o
 .debug_frame     0x001ca4         0x62 build/default/debug/bsp.o
 .debug_frame     0x001d06        0x126 build/default/debug/main.o
 .debug_frame     0x001e2c        0x3bc build/default/debug/ST7735.o

.debug_str        0x000000        0x629
 *(.debug_str)
 .debug_str       0x000000         0x1e build/default/debug/mcc_generated_files/ext_int.o
 .debug_str       0x00001e         0x5d build/default/debug/mcc_generated_files/i2c1.o
 .debug_str       0x00007b         0x1c build/default/debug/mcc_generated_files/interrupt_manager.o
 .debug_str       0x000097         0x2a build/default/debug/mcc_generated_files/pin_manager.o
 .debug_str       0x0000c1         0x1c build/default/debug/mcc_generated_files/tmr1.o
 .debug_str       0x0000dd         0x18 build/default/debug/mcc_generated_files/traps.o
 .debug_str       0x0000f5         0x15 build/default/debug/mcc_generated_files/uart2.o
 .debug_str       0x00010a          0xc build/default/debug/mcc_generated_files/system.o
 .debug_str       0x000116         0x12 build/default/debug/mcc_generated_files/clock.o
 .debug_str       0x000128         0xa3 build/default/debug/mcc_generated_files/spi1.o
 .debug_str       0x0001cb         0x5f build/default/debug/WINC1500/Board_driver/wf_mcu_driver_stub.o
 .debug_str       0x00022a         0x22 build/default/debug/WINC1500/Driver/wf_hif.o
 .debug_str       0x00024c         0x12 build/default/debug/WINC1500/Driver/wf_ota.o
 .debug_str       0x00025e         0xef build/default/debug/WINC1500/Driver/wf_socket.o
 .debug_str       0x00034d         0x53 build/default/debug/WINC1500/Driver/wf_spi.o
 .debug_str       0x0003a0         0x2c build/default/debug/WINC1500/Driver/wf_spi_flash.o
 .debug_str       0x0003cc        0x115 build/default/debug/WINC1500/Driver/wf_wifi.o
 .debug_str       0x0004e1         0x1e build/default/debug/WINC1500/Example/winc1500_provision_http.o
 .debug_str       0x0004ff         0xd9 build/default/debug/WINC1500/Support/winc1500_support_stub.o
 .debug_str       0x0005d8          0xc build/default/debug/bsp.o
 .debug_str       0x0005e4          0x6 build/default/debug/main.o
 .debug_str       0x0005ea         0x3f build/default/debug/ST7735.o

.debug_loc
 *(.debug_loc)

.debug_macinfo
 *(.debug_macinfo)

.debug_pubnames
                  0x000000       0x15f5
 *(.debug_pubnames)
 .debug_pubnames
                  0x000000         0x3c build/default/debug/mcc_generated_files/ext_int.o
 .debug_pubnames
                  0x00003c        0x103 build/default/debug/mcc_generated_files/i2c1.o
 .debug_pubnames
                  0x00013f         0x2b build/default/debug/mcc_generated_files/interrupt_manager.o
 .debug_pubnames
                  0x00016a         0x3f build/default/debug/mcc_generated_files/pin_manager.o
 .debug_pubnames
                  0x0001a9        0x133 build/default/debug/mcc_generated_files/tmr1.o
 .debug_pubnames
                  0x0002dc         0x7d build/default/debug/mcc_generated_files/traps.o
 .debug_pubnames
                  0x000359         0x6d build/default/debug/mcc_generated_files/uart2.o
 .debug_pubnames
                  0x0003c6         0x28 build/default/debug/mcc_generated_files/system.o
 .debug_pubnames
                  0x0003ee         0x27 build/default/debug/mcc_generated_files/clock.o
 .debug_pubnames
                  0x000415         0x95 build/default/debug/mcc_generated_files/spi1.o
 .debug_pubnames
                  0x0004aa        0x133 build/default/debug/WINC1500/Board_driver/wf_mcu_driver_stub.o
 .debug_pubnames
                  0x0005dd         0xcc build/default/debug/WINC1500/Driver/wf_asic.o
 .debug_pubnames
                  0x0006a9        0x145 build/default/debug/WINC1500/Driver/wf_hif.o
 .debug_pubnames
                  0x0007ee         0xc7 build/default/debug/WINC1500/Driver/wf_ota.o
 .debug_pubnames
                  0x0008b5        0x187 build/default/debug/WINC1500/Driver/wf_socket.o
 .debug_pubnames
                  0x000a3c         0xfe build/default/debug/WINC1500/Driver/wf_spi.o
 .debug_pubnames
                  0x000b3a         0x79 build/default/debug/WINC1500/Driver/wf_spi_flash.o
 .debug_pubnames
                  0x000bb3         0x55 build/default/debug/WINC1500/Driver/wf_utils.o
 .debug_pubnames
                  0x000c08        0x52d build/default/debug/WINC1500/Driver/wf_wifi.o
 .debug_pubnames
                  0x001135         0x35 build/default/debug/WINC1500/Example/winc1500_provision_http.o
 .debug_pubnames
                  0x00116a        0x105 build/default/debug/WINC1500/Support/winc1500_support_stub.o
 .debug_pubnames
                  0x00126f         0x2c build/default/debug/bsp.o
 .debug_pubnames
                  0x00129b         0xcb build/default/debug/main.o
 .debug_pubnames
                  0x001366        0x28f build/default/debug/ST7735.o

.debug_ranges
 *(.debug_ranges)

.debug_aranges    0x000000        0x468
 *(.debug_aranges)
 .debug_aranges
                  0x000000         0x18 build/default/debug/mcc_generated_files/ext_int.o
 .debug_aranges
                  0x000018         0x18 build/default/debug/mcc_generated_files/i2c1.o
 .debug_aranges
                  0x000030         0x18 build/default/debug/mcc_generated_files/interrupt_manager.o
 .debug_aranges
                  0x000048         0x18 build/default/debug/mcc_generated_files/pin_manager.o
 .debug_aranges
                  0x000060         0x18 build/default/debug/mcc_generated_files/tmr1.o
 .debug_aranges
                  0x000078         0x18 build/default/debug/mcc_generated_files/traps.o
 .debug_aranges
                  0x000090         0x20 build/default/debug/mcc_generated_files/uart2.o
 .debug_aranges
                  0x0000b0         0x18 build/default/debug/mcc_generated_files/system.o
 .debug_aranges
                  0x0000c8         0x18 build/default/debug/mcc_generated_files/clock.o
 .debug_aranges
                  0x0000e0         0x18 build/default/debug/mcc_generated_files/spi1.o
 .debug_aranges
                  0x0000f8         0x18 build/default/debug/WINC1500/Board_driver/wf_mcu_driver_stub.o
 .debug_aranges
                  0x000110         0x18 build/default/debug/WINC1500/Driver/wf_asic.o
 .debug_aranges
                  0x000128         0x18 build/default/debug/WINC1500/Driver/wf_hif.o
 .debug_aranges
                  0x000140         0x18 build/default/debug/WINC1500/Driver/wf_ota.o
 .debug_aranges
                  0x000158         0x18 build/default/debug/WINC1500/Driver/wf_socket.o
 .debug_aranges
                  0x000170         0x18 build/default/debug/WINC1500/Driver/wf_spi.o
 .debug_aranges
                  0x000188         0x18 build/default/debug/WINC1500/Driver/wf_spi_flash.o
 .debug_aranges
                  0x0001a0         0x18 build/default/debug/WINC1500/Driver/wf_utils.o
 .debug_aranges
                  0x0001b8         0x18 build/default/debug/WINC1500/Driver/wf_wifi.o
 .debug_aranges
                  0x0001d0         0x18 build/default/debug/WINC1500/Example/winc1500_provision_http.o
 .debug_aranges
                  0x0001e8         0x18 build/default/debug/WINC1500/Support/winc1500_support_stub.o
 .debug_aranges
                  0x000200         0x18 build/default/debug/bsp.o
 .debug_aranges
                  0x000218         0x18 build/default/debug/main.o
 .debug_aranges
                  0x000230         0x18 build/default/debug/ST7735.o
 .debug_aranges
                  0x000248         0x20 c:/spb_data/bin/bin/../../lib\libc99-pic30-elf.a(umodsi3.DA_o)
 .debug_aranges
                  0x000268         0x20 c:/spb_data/bin/bin/../../lib\libc99-pic30-elf.a(udivsi3.DA_o)
 .debug_aranges
                  0x000288         0x20 c:/spb_data/bin/bin/../../lib\libc99-pic30-elf.a(deqltle.DA_o)
 .debug_aranges
                  0x0002a8         0x20 c:/spb_data/bin/bin/../../lib\libc99-pic30-elf.a(dgtge.DA_o)
 .debug_aranges
                  0x0002c8         0x20 c:/spb_data/bin/bin/../../lib\libc99-pic30-elf.a(extendsfdf.DA_o)
 .debug_aranges
                  0x0002e8         0x20 c:/spb_data/bin/bin/../../lib\libc99-pic30-elf.a(fixdfsi.DA_o)
 .debug_aranges
                  0x000308         0x20 c:/spb_data/bin/bin/../../lib\libc99-pic30-elf.a(funpack.DA_o)
 .debug_aranges
                  0x000328         0x20 c:/spb_data/bin/bin/../../lib\libc99-pic30-elf.a(mulsi3.DA_o)
 .debug_aranges
                  0x000348         0x20 c:/spb_data/bin/bin/../../lib\libc99-pic30-elf.a(dpadd.DA_o)
 .debug_aranges
                  0x000368         0x20 c:/spb_data/bin/bin/../../lib\libc99-pic30-elf.a(dpdiv.DA_o)
 .debug_aranges
                  0x000388         0x20 c:/spb_data/bin/bin/../../lib\libc99-pic30-elf.a(dpmul.DA_o)
 .debug_aranges
                  0x0003a8         0x20 c:/spb_data/bin/bin/../../lib\libc99-pic30-elf.a(dpsubs.DA_o)
 .debug_aranges
                  0x0003c8         0x20 c:/spb_data/bin/bin/../../lib\libc99-pic30-elf.a(dcompare.DA_o)
 .debug_aranges
                  0x0003e8         0x20 c:/spb_data/bin/bin/../../lib\libc99-pic30-elf.a(dtype.DA_o)
 .debug_aranges
                  0x000408         0x20 c:/spb_data/bin/bin/../../lib\libc99-pic30-elf.a(dunpack.DA_o)
 .debug_aranges
                  0x000428         0x20 c:/spb_data/bin/bin/../../lib\libc99-pic30-elf.a(dunpack2.DA_o)
 .debug_aranges
                  0x000448         0x20 c:/spb_data/bin/bin/../../lib\libc99-pic30-elf.a(dpropagateNaN.DA_o)
                    0x0000                  WREG0 = 0x0
                    0x0000                  _WREG0 = 0x0
                    0x0002                  WREG1 = 0x2
                    0x0002                  _WREG1 = 0x2
                    0x0004                  WREG2 = 0x4
                    0x0004                  _WREG2 = 0x4
                    0x0006                  WREG3 = 0x6
                    0x0006                  _WREG3 = 0x6
                    0x0008                  WREG4 = 0x8
                    0x0008                  _WREG4 = 0x8
                    0x000a                  WREG5 = 0xa
                    0x000a                  _WREG5 = 0xa
                    0x000c                  WREG6 = 0xc
                    0x000c                  _WREG6 = 0xc
                    0x000e                  WREG7 = 0xe
                    0x000e                  _WREG7 = 0xe
                    0x0010                  WREG8 = 0x10
                    0x0010                  _WREG8 = 0x10
                    0x0012                  WREG9 = 0x12
                    0x0012                  _WREG9 = 0x12
                    0x0014                  WREG10 = 0x14
                    0x0014                  _WREG10 = 0x14
                    0x0016                  WREG11 = 0x16
                    0x0016                  _WREG11 = 0x16
                    0x0018                  WREG12 = 0x18
                    0x0018                  _WREG12 = 0x18
                    0x001a                  WREG13 = 0x1a
                    0x001a                  _WREG13 = 0x1a
                    0x001c                  WREG14 = 0x1c
                    0x001c                  _WREG14 = 0x1c
                    0x001e                  WREG15 = 0x1e
                    0x001e                  _WREG15 = 0x1e
                    0x0020                  SPLIM = 0x20
                    0x0020                  _SPLIM = 0x20
                    0x002e                  PCL = 0x2e
                    0x002e                  _PCL = 0x2e
                    0x0030                  PCH = 0x30
                    0x0030                  _PCH = 0x30
                    0x0032                  DSRPAG = 0x32
                    0x0032                  _DSRPAG = 0x32
                    0x0032                  _DSRPAGbits = 0x32
                    0x0034                  DSWPAG = 0x34
                    0x0034                  _DSWPAG = 0x34
                    0x0034                  _DSWPAGbits = 0x34
                    0x0036                  RCOUNT = 0x36
                    0x0036                  _RCOUNT = 0x36
                    0x0042                  SR = 0x42
                    0x0042                  _SR = 0x42
                    0x0042                  _SRbits = 0x42
                    0x0044                  CORCON = 0x44
                    0x0044                  _CORCON = 0x44
                    0x0044                  _CORCONbits = 0x44
                    0x0052                  DISICNT = 0x52
                    0x0052                  _DISICNT = 0x52
                    0x0052                  _DISICNTbits = 0x52
                    0x0054                  TBLPAG = 0x54
                    0x0054                  _TBLPAG = 0x54
                    0x0054                  _TBLPAGbits = 0x54
                    0x0080                  INTCON1 = 0x80
                    0x0080                  _INTCON1 = 0x80
                    0x0080                  _INTCON1bits = 0x80
                    0x0082                  INTCON2 = 0x82
                    0x0082                  _INTCON2 = 0x82
                    0x0082                  _INTCON2bits = 0x82
                    0x0086                  INTCON4 = 0x86
                    0x0086                  _INTCON4 = 0x86
                    0x0086                  _INTCON4bits = 0x86
                    0x0088                  IFS0 = 0x88
                    0x0088                  _IFS0 = 0x88
                    0x0088                  _IFS0bits = 0x88
                    0x008a                  IFS1 = 0x8a
                    0x008a                  _IFS1 = 0x8a
                    0x008a                  _IFS1bits = 0x8a
                    0x008c                  IFS2 = 0x8c
                    0x008c                  _IFS2 = 0x8c
                    0x008c                  _IFS2bits = 0x8c
                    0x008e                  IFS3 = 0x8e
                    0x008e                  _IFS3 = 0x8e
                    0x008e                  _IFS3bits = 0x8e
                    0x0090                  IFS4 = 0x90
                    0x0090                  _IFS4 = 0x90
                    0x0090                  _IFS4bits = 0x90
                    0x0092                  IFS5 = 0x92
                    0x0092                  _IFS5 = 0x92
                    0x0092                  _IFS5bits = 0x92
                    0x0094                  IFS6 = 0x94
                    0x0094                  _IFS6 = 0x94
                    0x0094                  _IFS6bits = 0x94
                    0x0096                  IFS7 = 0x96
                    0x0096                  _IFS7 = 0x96
                    0x0096                  _IFS7bits = 0x96
                    0x0098                  IEC0 = 0x98
                    0x0098                  _IEC0 = 0x98
                    0x0098                  _IEC0bits = 0x98
                    0x009a                  IEC1 = 0x9a
                    0x009a                  _IEC1 = 0x9a
                    0x009a                  _IEC1bits = 0x9a
                    0x009c                  IEC2 = 0x9c
                    0x009c                  _IEC2 = 0x9c
                    0x009c                  _IEC2bits = 0x9c
                    0x009e                  IEC3 = 0x9e
                    0x009e                  _IEC3 = 0x9e
                    0x009e                  _IEC3bits = 0x9e
                    0x00a0                  IEC4 = 0xa0
                    0x00a0                  _IEC4 = 0xa0
                    0x00a0                  _IEC4bits = 0xa0
                    0x00a2                  IEC5 = 0xa2
                    0x00a2                  _IEC5 = 0xa2
                    0x00a2                  _IEC5bits = 0xa2
                    0x00a4                  IEC6 = 0xa4
                    0x00a4                  _IEC6 = 0xa4
                    0x00a4                  _IEC6bits = 0xa4
                    0x00a6                  IEC7 = 0xa6
                    0x00a6                  _IEC7 = 0xa6
                    0x00a6                  _IEC7bits = 0xa6
                    0x00a8                  IPC0 = 0xa8
                    0x00a8                  _IPC0 = 0xa8
                    0x00a8                  _IPC0bits = 0xa8
                    0x00aa                  IPC1 = 0xaa
                    0x00aa                  _IPC1 = 0xaa
                    0x00aa                  _IPC1bits = 0xaa
                    0x00ac                  IPC2 = 0xac
                    0x00ac                  _IPC2 = 0xac
                    0x00ac                  _IPC2bits = 0xac
                    0x00ae                  IPC3 = 0xae
                    0x00ae                  _IPC3 = 0xae
                    0x00ae                  _IPC3bits = 0xae
                    0x00b0                  IPC4 = 0xb0
                    0x00b0                  _IPC4 = 0xb0
                    0x00b0                  _IPC4bits = 0xb0
                    0x00b2                  IPC5 = 0xb2
                    0x00b2                  _IPC5 = 0xb2
                    0x00b2                  _IPC5bits = 0xb2
                    0x00b4                  IPC6 = 0xb4
                    0x00b4                  _IPC6 = 0xb4
                    0x00b4                  _IPC6bits = 0xb4
                    0x00b6                  IPC7 = 0xb6
                    0x00b6                  _IPC7 = 0xb6
                    0x00b6                  _IPC7bits = 0xb6
                    0x00b8                  IPC8 = 0xb8
                    0x00b8                  _IPC8 = 0xb8
                    0x00b8                  _IPC8bits = 0xb8
                    0x00ba                  IPC9 = 0xba
                    0x00ba                  _IPC9 = 0xba
                    0x00ba                  _IPC9bits = 0xba
                    0x00bc                  IPC10 = 0xbc
                    0x00bc                  _IPC10 = 0xbc
                    0x00bc                  _IPC10bits = 0xbc
                    0x00be                  IPC11 = 0xbe
                    0x00be                  _IPC11 = 0xbe
                    0x00be                  _IPC11bits = 0xbe
                    0x00c0                  IPC12 = 0xc0
                    0x00c0                  _IPC12 = 0xc0
                    0x00c0                  _IPC12bits = 0xc0
                    0x00c2                  IPC13 = 0xc2
                    0x00c2                  _IPC13 = 0xc2
                    0x00c2                  _IPC13bits = 0xc2
                    0x00c4                  IPC14 = 0xc4
                    0x00c4                  _IPC14 = 0xc4
                    0x00c4                  _IPC14bits = 0xc4
                    0x00c6                  IPC15 = 0xc6
                    0x00c6                  _IPC15 = 0xc6
                    0x00c6                  _IPC15bits = 0xc6
                    0x00c8                  IPC16 = 0xc8
                    0x00c8                  _IPC16 = 0xc8
                    0x00c8                  _IPC16bits = 0xc8
                    0x00ca                  IPC17 = 0xca
                    0x00ca                  _IPC17 = 0xca
                    0x00ca                  _IPC17bits = 0xca
                    0x00cc                  IPC18 = 0xcc
                    0x00cc                  _IPC18 = 0xcc
                    0x00cc                  _IPC18bits = 0xcc
                    0x00ce                  IPC19 = 0xce
                    0x00ce                  _IPC19 = 0xce
                    0x00ce                  _IPC19bits = 0xce
                    0x00d0                  IPC20 = 0xd0
                    0x00d0                  _IPC20 = 0xd0
                    0x00d0                  _IPC20bits = 0xd0
                    0x00d2                  IPC21 = 0xd2
                    0x00d2                  _IPC21 = 0xd2
                    0x00d2                  _IPC21bits = 0xd2
                    0x00d4                  IPC22 = 0xd4
                    0x00d4                  _IPC22 = 0xd4
                    0x00d4                  _IPC22bits = 0xd4
                    0x00d6                  IPC23 = 0xd6
                    0x00d6                  _IPC23 = 0xd6
                    0x00d6                  _IPC23bits = 0xd6
                    0x00d8                  IPC24 = 0xd8
                    0x00d8                  _IPC24 = 0xd8
                    0x00d8                  _IPC24bits = 0xd8
                    0x00da                  IPC25 = 0xda
                    0x00da                  _IPC25 = 0xda
                    0x00da                  _IPC25bits = 0xda
                    0x00dc                  IPC26 = 0xdc
                    0x00dc                  _IPC26 = 0xdc
                    0x00dc                  _IPC26bits = 0xdc
                    0x00de                  IPC27 = 0xde
                    0x00de                  _IPC27 = 0xde
                    0x00de                  _IPC27bits = 0xde
                    0x00e0                  IPC28 = 0xe0
                    0x00e0                  _IPC28 = 0xe0
                    0x00e0                  _IPC28bits = 0xe0
                    0x00e2                  IPC29 = 0xe2
                    0x00e2                  _IPC29 = 0xe2
                    0x00e2                  _IPC29bits = 0xe2
                    0x00e4                  INTTREG = 0xe4
                    0x00e4                  _INTTREG = 0xe4
                    0x00e4                  _INTTREGbits = 0xe4
                    0x0100                  OSCCON = 0x100
                    0x0100                  _OSCCON = 0x100
                    0x0100                  _OSCCONbits = 0x100
                    0x0100                  OSCCONL = 0x100
                    0x0100                  _OSCCONL = 0x100
                    0x0101                  OSCCONH = 0x101
                    0x0101                  _OSCCONH = 0x101
                    0x0102                  CLKDIV = 0x102
                    0x0102                  _CLKDIV = 0x102
                    0x0102                  _CLKDIVbits = 0x102
                    0x0106                  OSCTUN = 0x106
                    0x0106                  _OSCTUN = 0x106
                    0x0106                  _OSCTUNbits = 0x106
                    0x0108                  DCOTUN = 0x108
                    0x0108                  _DCOTUN = 0x108
                    0x0108                  _DCOTUNbits = 0x108
                    0x010a                  DCOCON = 0x10a
                    0x010a                  _DCOCON = 0x10a
                    0x010a                  _DCOCONbits = 0x10a
                    0x010c                  OSCDIV = 0x10c
                    0x010c                  _OSCDIV = 0x10c
                    0x010c                  _OSCDIVbits = 0x10c
                    0x010e                  OSCFDIV = 0x10e
                    0x010e                  _OSCFDIV = 0x10e
                    0x010e                  _OSCFDIVbits = 0x10e
                    0x0110                  RCON = 0x110
                    0x0110                  _RCON = 0x110
                    0x0110                  _RCONbits = 0x110
                    0x0114                  HLVDCON = 0x114
                    0x0114                  _HLVDCON = 0x114
                    0x0114                  _HLVDCONbits = 0x114
                    0x0128                  PMCON1 = 0x128
                    0x0128                  _PMCON1 = 0x128
                    0x0128                  _PMCON1bits = 0x128
                    0x012a                  PMCON2 = 0x12a
                    0x012a                  _PMCON2 = 0x12a
                    0x012a                  _PMCON2bits = 0x12a
                    0x012c                  PMCON3 = 0x12c
                    0x012c                  _PMCON3 = 0x12c
                    0x012c                  _PMCON3bits = 0x12c
                    0x012e                  PMCON4 = 0x12e
                    0x012e                  _PMCON4 = 0x12e
                    0x012e                  _PMCON4bits = 0x12e
                    0x0130                  PMCS1CF = 0x130
                    0x0130                  _PMCS1CF = 0x130
                    0x0130                  _PMCS1CFbits = 0x130
                    0x0132                  PMCS1BS = 0x132
                    0x0132                  _PMCS1BS = 0x132
                    0x0132                  _PMCS1BSbits = 0x132
                    0x0134                  PMCS1MD = 0x134
                    0x0134                  _PMCS1MD = 0x134
                    0x0134                  _PMCS1MDbits = 0x134
                    0x0136                  PMCS2CF = 0x136
                    0x0136                  _PMCS2CF = 0x136
                    0x0136                  _PMCS2CFbits = 0x136
                    0x0138                  PMCS2BS = 0x138
                    0x0138                  _PMCS2BS = 0x138
                    0x0138                  _PMCS2BSbits = 0x138
                    0x013a                  PMCS2MD = 0x13a
                    0x013a                  _PMCS2MD = 0x13a
                    0x013a                  _PMCS2MDbits = 0x13a
                    0x013c                  PMDOUT1 = 0x13c
                    0x013c                  _PMDOUT1 = 0x13c
                    0x013e                  PMDOUT2 = 0x13e
                    0x013e                  _PMDOUT2 = 0x13e
                    0x0140                  PMDIN1 = 0x140
                    0x0140                  _PMDIN1 = 0x140
                    0x0142                  PMDIN2 = 0x142
                    0x0142                  _PMDIN2 = 0x142
                    0x0144                  PMSTAT = 0x144
                    0x0144                  _PMSTAT = 0x144
                    0x0144                  _PMSTATbits = 0x144
                    0x0158                  CRCCON1 = 0x158
                    0x0158                  _CRCCON1 = 0x158
                    0x0158                  _CRCCON1bits = 0x158
                    0x015a                  CRCCON2 = 0x15a
                    0x015a                  _CRCCON2 = 0x15a
                    0x015a                  _CRCCON2bits = 0x15a
                    0x015c                  CRCXORL = 0x15c
                    0x015c                  _CRCXORL = 0x15c
                    0x015c                  _CRCXORLbits = 0x15c
                    0x015e                  CRCXORH = 0x15e
                    0x015e                  _CRCXORH = 0x15e
                    0x015e                  _CRCXORHbits = 0x15e
                    0x0160                  CRCDAT = 0x160
                    0x0160                  _CRCDAT = 0x160
                    0x0160                  CRCDATL = 0x160
                    0x0160                  _CRCDATL = 0x160
                    0x0162                  CRCDATH = 0x162
                    0x0162                  _CRCDATH = 0x162
                    0x0164                  CRCWDAT = 0x164
                    0x0164                  _CRCWDAT = 0x164
                    0x0164                  CRCWDATL = 0x164
                    0x0164                  _CRCWDATL = 0x164
                    0x0166                  CRCWDATH = 0x166
                    0x0166                  _CRCWDATH = 0x166
                    0x0168                  REFOCON1 = 0x168
                    0x0168                  _REFOCON1 = 0x168
                    0x0168                  _REFOCON1bits = 0x168
                    0x0168                  REFOCONL = 0x168
                    0x0168                  _REFOCONL = 0x168
                    0x0168                  _REFOCONLbits = 0x168
                    0x016a                  REFOCON2 = 0x16a
                    0x016a                  _REFOCON2 = 0x16a
                    0x016a                  _REFOCON2bits = 0x16a
                    0x016a                  REFOCONH = 0x16a
                    0x016a                  _REFOCONH = 0x16a
                    0x016a                  _REFOCONHbits = 0x16a
                    0x0178                  PMD1 = 0x178
                    0x0178                  _PMD1 = 0x178
                    0x0178                  _PMD1bits = 0x178
                    0x017a                  PMD2 = 0x17a
                    0x017a                  _PMD2 = 0x17a
                    0x017a                  _PMD2bits = 0x17a
                    0x017c                  PMD3 = 0x17c
                    0x017c                  _PMD3 = 0x17c
                    0x017c                  _PMD3bits = 0x17c
                    0x017e                  PMD4 = 0x17e
                    0x017e                  _PMD4 = 0x17e
                    0x017e                  _PMD4bits = 0x17e
                    0x0180                  PMD5 = 0x180
                    0x0180                  _PMD5 = 0x180
                    0x0180                  _PMD5bits = 0x180
                    0x0182                  PMD6 = 0x182
                    0x0182                  _PMD6 = 0x182
                    0x0182                  _PMD6bits = 0x182
                    0x0184                  PMD7 = 0x184
                    0x0184                  _PMD7 = 0x184
                    0x0184                  _PMD7bits = 0x184
                    0x0186                  PMD8 = 0x186
                    0x0186                  _PMD8 = 0x186
                    0x0186                  _PMD8bits = 0x186
                    0x0190                  TMR1 = 0x190
                    0x0190                  _TMR1 = 0x190
                    0x0192                  PR1 = 0x192
                    0x0192                  _PR1 = 0x192
                    0x0194                  T1CON = 0x194
                    0x0194                  _T1CON = 0x194
                    0x0194                  _T1CONbits = 0x194
                    0x0196                  TMR2 = 0x196
                    0x0196                  _TMR2 = 0x196
                    0x0198                  TMR3HLD = 0x198
                    0x0198                  _TMR3HLD = 0x198
                    0x019a                  TMR3 = 0x19a
                    0x019a                  _TMR3 = 0x19a
                    0x019c                  PR2 = 0x19c
                    0x019c                  _PR2 = 0x19c
                    0x019e                  PR3 = 0x19e
                    0x019e                  _PR3 = 0x19e
                    0x01a0                  T2CON = 0x1a0
                    0x01a0                  _T2CON = 0x1a0
                    0x01a0                  _T2CONbits = 0x1a0
                    0x01a2                  T3CON = 0x1a2
                    0x01a2                  _T3CON = 0x1a2
                    0x01a2                  _T3CONbits = 0x1a2
                    0x01c0                  CTMUCON1L = 0x1c0
                    0x01c0                  _CTMUCON1L = 0x1c0
                    0x01c0                  _CTMUCON1Lbits = 0x1c0
                    0x01c2                  CTMUCON1H = 0x1c2
                    0x01c2                  _CTMUCON1H = 0x1c2
                    0x01c2                  _CTMUCON1Hbits = 0x1c2
                    0x01c4                  CTMUCON2L = 0x1c4
                    0x01c4                  _CTMUCON2L = 0x1c4
                    0x01c4                  _CTMUCON2Lbits = 0x1c4
                    0x01cc                  RTCCON1L = 0x1cc
                    0x01cc                  _RTCCON1L = 0x1cc
                    0x01cc                  _RTCCON1Lbits = 0x1cc
                    0x01ce                  RTCCON1H = 0x1ce
                    0x01ce                  _RTCCON1H = 0x1ce
                    0x01ce                  _RTCCON1Hbits = 0x1ce
                    0x01d0                  RTCCON2L = 0x1d0
                    0x01d0                  _RTCCON2L = 0x1d0
                    0x01d0                  _RTCCON2Lbits = 0x1d0
                    0x01d2                  RTCCON2H = 0x1d2
                    0x01d2                  _RTCCON2H = 0x1d2
                    0x01d4                  RTCCON3L = 0x1d4
                    0x01d4                  _RTCCON3L = 0x1d4
                    0x01d4                  _RTCCON3Lbits = 0x1d4
                    0x01d8                  RTCSTATL = 0x1d8
                    0x01d8                  _RTCSTATL = 0x1d8
                    0x01d8                  _RTCSTATLbits = 0x1d8
                    0x01dc                  TIMEL = 0x1dc
                    0x01dc                  _TIMEL = 0x1dc
                    0x01dc                  _TIMELbits = 0x1dc
                    0x01de                  TIMEH = 0x1de
                    0x01de                  _TIMEH = 0x1de
                    0x01de                  _TIMEHbits = 0x1de
                    0x01e0                  DATEL = 0x1e0
                    0x01e0                  _DATEL = 0x1e0
                    0x01e0                  _DATELbits = 0x1e0
                    0x01e2                  DATEH = 0x1e2
                    0x01e2                  _DATEH = 0x1e2
                    0x01e2                  _DATEHbits = 0x1e2
                    0x01e4                  ALMTIMEL = 0x1e4
                    0x01e4                  _ALMTIMEL = 0x1e4
                    0x01e4                  _ALMTIMELbits = 0x1e4
                    0x01e6                  ALMTIMEH = 0x1e6
                    0x01e6                  _ALMTIMEH = 0x1e6
                    0x01e6                  _ALMTIMEHbits = 0x1e6
                    0x01e8                  ALMDATEL = 0x1e8
                    0x01e8                  _ALMDATEL = 0x1e8
                    0x01e8                  _ALMDATELbits = 0x1e8
                    0x01ea                  ALMDATEH = 0x1ea
                    0x01ea                  _ALMDATEH = 0x1ea
                    0x01ea                  _ALMDATEHbits = 0x1ea
                    0x01ec                  TSATIMEL = 0x1ec
                    0x01ec                  _TSATIMEL = 0x1ec
                    0x01ec                  _TSATIMELbits = 0x1ec
                    0x01ee                  TSATIMEH = 0x1ee
                    0x01ee                  _TSATIMEH = 0x1ee
                    0x01ee                  _TSATIMEHbits = 0x1ee
                    0x01f0                  TSADATEL = 0x1f0
                    0x01f0                  _TSADATEL = 0x1f0
                    0x01f0                  _TSADATELbits = 0x1f0
                    0x01f2                  TSADATEH = 0x1f2
                    0x01f2                  _TSADATEH = 0x1f2
                    0x01f2                  _TSADATEHbits = 0x1f2
                    0x0200                  IC1CON1 = 0x200
                    0x0200                  _IC1CON1 = 0x200
                    0x0200                  _IC1CON1bits = 0x200
                    0x0202                  IC1CON2 = 0x202
                    0x0202                  _IC1CON2 = 0x202
                    0x0202                  _IC1CON2bits = 0x202
                    0x0204                  IC1BUF = 0x204
                    0x0204                  _IC1BUF = 0x204
                    0x0206                  IC1TMR = 0x206
                    0x0206                  _IC1TMR = 0x206
                    0x0208                  IC2CON1 = 0x208
                    0x0208                  _IC2CON1 = 0x208
                    0x0208                  _IC2CON1bits = 0x208
                    0x020a                  IC2CON2 = 0x20a
                    0x020a                  _IC2CON2 = 0x20a
                    0x020a                  _IC2CON2bits = 0x20a
                    0x020c                  IC2BUF = 0x20c
                    0x020c                  _IC2BUF = 0x20c
                    0x020e                  IC2TMR = 0x20e
                    0x020e                  _IC2TMR = 0x20e
                    0x0210                  IC3CON1 = 0x210
                    0x0210                  _IC3CON1 = 0x210
                    0x0210                  _IC3CON1bits = 0x210
                    0x0212                  IC3CON2 = 0x212
                    0x0212                  _IC3CON2 = 0x212
                    0x0212                  _IC3CON2bits = 0x212
                    0x0214                  IC3BUF = 0x214
                    0x0214                  _IC3BUF = 0x214
                    0x0216                  IC3TMR = 0x216
                    0x0216                  _IC3TMR = 0x216
                    0x0230                  OC1CON1 = 0x230
                    0x0230                  _OC1CON1 = 0x230
                    0x0230                  _OC1CON1bits = 0x230
                    0x0232                  OC1CON2 = 0x232
                    0x0232                  _OC1CON2 = 0x232
                    0x0232                  _OC1CON2bits = 0x232
                    0x0234                  OC1RS = 0x234
                    0x0234                  _OC1RS = 0x234
                    0x0236                  OC1R = 0x236
                    0x0236                  _OC1R = 0x236
                    0x0238                  OC1TMR = 0x238
                    0x0238                  _OC1TMR = 0x238
                    0x023a                  OC2CON1 = 0x23a
                    0x023a                  _OC2CON1 = 0x23a
                    0x023a                  _OC2CON1bits = 0x23a
                    0x023c                  OC2CON2 = 0x23c
                    0x023c                  _OC2CON2 = 0x23c
                    0x023c                  _OC2CON2bits = 0x23c
                    0x023e                  OC2RS = 0x23e
                    0x023e                  _OC2RS = 0x23e
                    0x0240                  OC2R = 0x240
                    0x0240                  _OC2R = 0x240
                    0x0242                  OC2TMR = 0x242
                    0x0242                  _OC2TMR = 0x242
                    0x0244                  OC3CON1 = 0x244
                    0x0244                  _OC3CON1 = 0x244
                    0x0244                  _OC3CON1bits = 0x244
                    0x0246                  OC3CON2 = 0x246
                    0x0246                  _OC3CON2 = 0x246
                    0x0246                  _OC3CON2bits = 0x246
                    0x0248                  OC3RS = 0x248
                    0x0248                  _OC3RS = 0x248
                    0x024a                  OC3R = 0x24a
                    0x024a                  _OC3R = 0x24a
                    0x024c                  OC3TMR = 0x24c
                    0x024c                  _OC3TMR = 0x24c
                    0x026c                  CCP1CON1L = 0x26c
                    0x026c                  _CCP1CON1L = 0x26c
                    0x026c                  _CCP1CON1Lbits = 0x26c
                    0x026e                  CCP1CON1H = 0x26e
                    0x026e                  _CCP1CON1H = 0x26e
                    0x026e                  _CCP1CON1Hbits = 0x26e
                    0x0270                  CCP1CON2L = 0x270
                    0x0270                  _CCP1CON2L = 0x270
                    0x0270                  _CCP1CON2Lbits = 0x270
                    0x0272                  CCP1CON2H = 0x272
                    0x0272                  _CCP1CON2H = 0x272
                    0x0272                  _CCP1CON2Hbits = 0x272
                    0x0274                  CCP1CON3L = 0x274
                    0x0274                  _CCP1CON3L = 0x274
                    0x0274                  _CCP1CON3Lbits = 0x274
                    0x0276                  CCP1CON3H = 0x276
                    0x0276                  _CCP1CON3H = 0x276
                    0x0276                  _CCP1CON3Hbits = 0x276
                    0x0278                  CCP1STAT = 0x278
                    0x0278                  _CCP1STAT = 0x278
                    0x0278                  _CCP1STATbits = 0x278
                    0x0278                  CCP1STATL = 0x278
                    0x0278                  _CCP1STATL = 0x278
                    0x0278                  _CCP1STATLbits = 0x278
                    0x027a                  CCP1STATH = 0x27a
                    0x027a                  _CCP1STATH = 0x27a
                    0x027a                  _CCP1STATHbits = 0x27a
                    0x027c                  CCP1TMRL = 0x27c
                    0x027c                  _CCP1TMRL = 0x27c
                    0x027e                  CCP1TMRH = 0x27e
                    0x027e                  _CCP1TMRH = 0x27e
                    0x0280                  CCP1PRL = 0x280
                    0x0280                  _CCP1PRL = 0x280
                    0x0282                  CCP1PRH = 0x282
                    0x0282                  _CCP1PRH = 0x282
                    0x0284                  CCP1RA = 0x284
                    0x0284                  _CCP1RA = 0x284
                    0x0284                  CCP1RAL = 0x284
                    0x0284                  _CCP1RAL = 0x284
                    0x0286                  CCP1RAH = 0x286
                    0x0286                  _CCP1RAH = 0x286
                    0x0288                  CCP1RB = 0x288
                    0x0288                  _CCP1RB = 0x288
                    0x0288                  CCP1RBL = 0x288
                    0x0288                  _CCP1RBL = 0x288
                    0x028a                  CCP1RBH = 0x28a
                    0x028a                  _CCP1RBH = 0x28a
                    0x028c                  CCP1BUFL = 0x28c
                    0x028c                  _CCP1BUFL = 0x28c
                    0x028e                  CCP1BUFH = 0x28e
                    0x028e                  _CCP1BUFH = 0x28e
                    0x0290                  CCP2CON1L = 0x290
                    0x0290                  _CCP2CON1L = 0x290
                    0x0290                  _CCP2CON1Lbits = 0x290
                    0x0292                  CCP2CON1H = 0x292
                    0x0292                  _CCP2CON1H = 0x292
                    0x0292                  _CCP2CON1Hbits = 0x292
                    0x0294                  CCP2CON2L = 0x294
                    0x0294                  _CCP2CON2L = 0x294
                    0x0294                  _CCP2CON2Lbits = 0x294
                    0x0296                  CCP2CON2H = 0x296
                    0x0296                  _CCP2CON2H = 0x296
                    0x0296                  _CCP2CON2Hbits = 0x296
                    0x029a                  CCP2CON3H = 0x29a
                    0x029a                  _CCP2CON3H = 0x29a
                    0x029a                  _CCP2CON3Hbits = 0x29a
                    0x029c                  CCP2STAT = 0x29c
                    0x029c                  _CCP2STAT = 0x29c
                    0x029c                  _CCP2STATbits = 0x29c
                    0x029c                  CCP2STATL = 0x29c
                    0x029c                  _CCP2STATL = 0x29c
                    0x029c                  _CCP2STATLbits = 0x29c
                    0x029e                  CCP2STATH = 0x29e
                    0x029e                  _CCP2STATH = 0x29e
                    0x029e                  _CCP2STATHbits = 0x29e
                    0x02a0                  CCP2TMRL = 0x2a0
                    0x02a0                  _CCP2TMRL = 0x2a0
                    0x02a2                  CCP2TMRH = 0x2a2
                    0x02a2                  _CCP2TMRH = 0x2a2
                    0x02a4                  CCP2PRL = 0x2a4
                    0x02a4                  _CCP2PRL = 0x2a4
                    0x02a6                  CCP2PRH = 0x2a6
                    0x02a6                  _CCP2PRH = 0x2a6
                    0x02a8                  CCP2RA = 0x2a8
                    0x02a8                  _CCP2RA = 0x2a8
                    0x02a8                  CCP2RAL = 0x2a8
                    0x02a8                  _CCP2RAL = 0x2a8
                    0x02aa                  CCP2RAH = 0x2aa
                    0x02aa                  _CCP2RAH = 0x2aa
                    0x02ac                  CCP2RB = 0x2ac
                    0x02ac                  _CCP2RB = 0x2ac
                    0x02ac                  CCP2RBL = 0x2ac
                    0x02ac                  _CCP2RBL = 0x2ac
                    0x02ae                  CCP2RBH = 0x2ae
                    0x02ae                  _CCP2RBH = 0x2ae
                    0x02b0                  CCP2BUFL = 0x2b0
                    0x02b0                  _CCP2BUFL = 0x2b0
                    0x02b2                  CCP2BUFH = 0x2b2
                    0x02b2                  _CCP2BUFH = 0x2b2
                    0x02b4                  CCP3CON1L = 0x2b4
                    0x02b4                  _CCP3CON1L = 0x2b4
                    0x02b4                  _CCP3CON1Lbits = 0x2b4
                    0x02b6                  CCP3CON1H = 0x2b6
                    0x02b6                  _CCP3CON1H = 0x2b6
                    0x02b6                  _CCP3CON1Hbits = 0x2b6
                    0x02b8                  CCP3CON2L = 0x2b8
                    0x02b8                  _CCP3CON2L = 0x2b8
                    0x02b8                  _CCP3CON2Lbits = 0x2b8
                    0x02ba                  CCP3CON2H = 0x2ba
                    0x02ba                  _CCP3CON2H = 0x2ba
                    0x02ba                  _CCP3CON2Hbits = 0x2ba
                    0x02be                  CCP3CON3H = 0x2be
                    0x02be                  _CCP3CON3H = 0x2be
                    0x02be                  _CCP3CON3Hbits = 0x2be
                    0x02c0                  CCP3STAT = 0x2c0
                    0x02c0                  _CCP3STAT = 0x2c0
                    0x02c0                  _CCP3STATbits = 0x2c0
                    0x02c0                  CCP3STATL = 0x2c0
                    0x02c0                  _CCP3STATL = 0x2c0
                    0x02c0                  _CCP3STATLbits = 0x2c0
                    0x02c2                  CCP3STATH = 0x2c2
                    0x02c2                  _CCP3STATH = 0x2c2
                    0x02c2                  _CCP3STATHbits = 0x2c2
                    0x02c4                  CCP3TMRL = 0x2c4
                    0x02c4                  _CCP3TMRL = 0x2c4
                    0x02c6                  CCP3TMRH = 0x2c6
                    0x02c6                  _CCP3TMRH = 0x2c6
                    0x02c8                  CCP3PRL = 0x2c8
                    0x02c8                  _CCP3PRL = 0x2c8
                    0x02ca                  CCP3PRH = 0x2ca
                    0x02ca                  _CCP3PRH = 0x2ca
                    0x02cc                  CCP3RA = 0x2cc
                    0x02cc                  _CCP3RA = 0x2cc
                    0x02cc                  CCP3RAL = 0x2cc
                    0x02cc                  _CCP3RAL = 0x2cc
                    0x02ce                  CCP3RAH = 0x2ce
                    0x02ce                  _CCP3RAH = 0x2ce
                    0x02d0                  CCP3RB = 0x2d0
                    0x02d0                  _CCP3RB = 0x2d0
                    0x02d0                  CCP3RBL = 0x2d0
                    0x02d0                  _CCP3RBL = 0x2d0
                    0x02d2                  CCP3RBH = 0x2d2
                    0x02d2                  _CCP3RBH = 0x2d2
                    0x02d4                  CCP3BUFL = 0x2d4
                    0x02d4                  _CCP3BUFL = 0x2d4
                    0x02d6                  CCP3BUFH = 0x2d6
                    0x02d6                  _CCP3BUFH = 0x2d6
                    0x02e6                  CMSTAT = 0x2e6
                    0x02e6                  _CMSTAT = 0x2e6
                    0x02e6                  _CMSTATbits = 0x2e6
                    0x02e8                  CVRCON = 0x2e8
                    0x02e8                  _CVRCON = 0x2e8
                    0x02e8                  _CVRCONbits = 0x2e8
                    0x02ea                  CM1CON = 0x2ea
                    0x02ea                  _CM1CON = 0x2ea
                    0x02ea                  _CM1CONbits = 0x2ea
                    0x02ec                  CM2CON = 0x2ec
                    0x02ec                  _CM2CON = 0x2ec
                    0x02ec                  _CM2CONbits = 0x2ec
                    0x02ee                  CM3CON = 0x2ee
                    0x02ee                  _CM3CON = 0x2ee
                    0x02ee                  _CM3CONbits = 0x2ee
                    0x02f4                  ANCFG = 0x2f4
                    0x02f4                  _ANCFG = 0x2f4
                    0x02f4                  _ANCFGbits = 0x2f4
                    0x0300                  CCP4CON1L = 0x300
                    0x0300                  _CCP4CON1L = 0x300
                    0x0300                  _CCP4CON1Lbits = 0x300
                    0x0302                  CCP4CON1H = 0x302
                    0x0302                  _CCP4CON1H = 0x302
                    0x0302                  _CCP4CON1Hbits = 0x302
                    0x0304                  CCP4CON2L = 0x304
                    0x0304                  _CCP4CON2L = 0x304
                    0x0304                  _CCP4CON2Lbits = 0x304
                    0x0306                  CCP4CON2H = 0x306
                    0x0306                  _CCP4CON2H = 0x306
                    0x0306                  _CCP4CON2Hbits = 0x306
                    0x030a                  CCP4CON3H = 0x30a
                    0x030a                  _CCP4CON3H = 0x30a
                    0x030a                  _CCP4CON3Hbits = 0x30a
                    0x030c                  CCP4STAT = 0x30c