Microchip Technology Inc, v2.00 (B)

Tool Name:
  c:\program files\microchip\xc16\v2.00\bin\bin\..\bin/elf-ld.exe

Command:
  -p24FJ128GA705 \
  --mdfp=C:/Users/Marcin/.mchp_packs/Microchip/PIC24F-GA-GB_DFP/1.7.214/xc16 \
  -o \
  dist/default/production/Pure_AC164164.X.production.elf \
  -Lc:/program files/microchip/xc16/v2.00/bin/bin/.. \
  -LC:/Users/Marcin/.mchp_packs/Microchip/PIC24F-GA-GB_DFP/1.7.214/xc16/bin/../support/PIC24F/gld \
  -Lc:/program files/microchip/xc16/v2.00/bin/bin/../../lib \
  -Lc:/program files/microchip/xc16/v2.00/bin/bin/../../support/PIC24E/gld \
  -Lc:/program files/microchip/xc16/v2.00/bin/bin/../../support/PIC24F/gld \
  -Lc:/program files/microchip/xc16/v2.00/bin/bin/../../support/PIC24H/gld \
  -Lc:/program files/microchip/xc16/v2.00/bin/bin/../../support/dsPIC30F/gld \
  -Lc:/program files/microchip/xc16/v2.00/bin/bin/../../support/dsPIC33C/gld \
  -Lc:/program files/microchip/xc16/v2.00/bin/bin/../../support/dsPIC33E/gld \
  -Lc:/program files/microchip/xc16/v2.00/bin/bin/../../support/dsPIC33F/gld \
  build/default/production/mcc_generated_files/ext_int.o \
  build/default/production/mcc_generated_files/i2c1.o \
  build/default/production/mcc_generated_files/interrupt_manager.o \
  build/default/production/mcc_generated_files/mcc.o \
  build/default/production/mcc_generated_files/pin_manager.o \
  build/default/production/mcc_generated_files/tmr1.o \
  build/default/production/mcc_generated_files/traps.o \
  build/default/production/mcc_generated_files/uart2.o \
  build/default/production/WINC1500/Board_driver/wf_mcu_driver_stub.o \
  build/default/production/WINC1500/Driver/wf_asic.o \
  build/default/production/WINC1500/Driver/wf_hif.o \
  build/default/production/WINC1500/Driver/wf_ota.o \
  build/default/production/WINC1500/Driver/wf_socket.o \
  build/default/production/WINC1500/Driver/wf_spi.o \
  build/default/production/WINC1500/Driver/wf_spi_flash.o \
  build/default/production/WINC1500/Driver/wf_utils.o \
  build/default/production/WINC1500/Driver/wf_wifi.o \
  build/default/production/WINC1500/Example/winc1500_fw_update_over_serial.o \
  build/default/production/WINC1500/Example/winc1500_http_download.o \
  build/default/production/WINC1500/Example/winc1500_locate_ip_address.o \
  build/default/production/WINC1500/Example/winc1500_mac_address.o \
  build/default/production/WINC1500/Example/winc1500_mode_ap.o \
  build/default/production/WINC1500/Example/winc1500_mode_change.o \
  build/default/production/WINC1500/Example/winc1500_mode_p2p.o \
  build/default/production/WINC1500/Example/winc1500_mode_sta.o \
  build/default/production/WINC1500/Example/winc1500_ota_firmware_update.o \
  build/default/production/WINC1500/Example/winc1500_power_save_mode.o \
  build/default/production/WINC1500/Example/winc1500_provision_http.o \
  build/default/production/WINC1500/Example/winc1500_security_wep_wpa.o \
  build/default/production/WINC1500/Example/winc1500_security_wps.o \
  build/default/production/WINC1500/Example/winc1500_send_email.o \
  build/default/production/WINC1500/Example/winc1500_signal_strength.o \
  build/default/production/WINC1500/Example/winc1500_ssl_connect.o \
  build/default/production/WINC1500/Example/winc1500_tcp_client.o \
  build/default/production/WINC1500/Example/winc1500_tcp_server.o \
  build/default/production/WINC1500/Example/winc1500_time_client.o \
  build/default/production/WINC1500/Example/winc1500_weather_client.o \
  build/default/production/WINC1500/Support/winc1500_support_stub.o \
  build/default/production/bsp.o \
  build/default/production/main.o \
  --local-stack \
  --defsym=__MPLAB_BUILD=1 \
  -Tp24FJ128GA705.gld.00 \
  --stack=16 \
  --check-sections \
  --data-init \
  --pack-data \
  --handles \
  --isr \
  --no-gc-sections \
  --fill-upper=0 \
  --stackguard=16 \
  --no-force-link \
  --smart-io \
  -Map=dist/default/production/Pure_AC164164.X.production.map \
  --report-mem \
  --memorysummary \
  dist/default/production/memoryfile.xml \
  -start-group \
  --library=c99-pic30-elf \
  --library=m-elf \
  --library=c99-elf \
  -end-group \


Optional library libpPIC24Fxxx.a not found
Archive member included because of file (symbol)

c:/program files/microchip/xc16/v2.00/bin/bin/../../lib\libc99-pic30-elf.a(crt0_extended24.o)
                              (__resetPRI)
c:/program files/microchip/xc16/v2.00/bin/bin/../../lib\libc99-pic30-elf.a(data_init_24.o)
                              c:/program files/microchip/xc16/v2.00/bin/bin/../../lib\libc99-pic30-elf.a(crt0_extended24.o) (__data_init_da)
c:/program files/microchip/xc16/v2.00/bin/bin/../../lib\libc99-pic30-elf.a(crt_start_mode_normalda.Meo)
                              (__crt_start_mode_normal)
c:/program files/microchip/xc16/v2.00/bin/bin/../../lib\libc99-pic30-elf.a(umodsi3.DA_o)
                              build/default/production/WINC1500/Driver/wf_spi_flash.o (___umodsi3)
[...]
Memory Configuration

Name             Origin             Length             Attributes
data             0x000800           0x004000           a !xr
reset            0x000000           0x000004  
ivt              0x000004           0x0000fc  
program          0x000100           0x015e00           xr
FSEC             0x015f00           0x000002  
FBSLIM           0x015f10           0x000002  
FSIGN            0x015f14           0x000002  
FOSCSEL          0x015f18           0x000002  
FOSC             0x015f1c           0x000002  
FWDT             0x015f20           0x000002  
FPOR             0x015f24           0x000002  
FICD             0x015f28           0x000002  
FDEVOPT1         0x015f2c           0x000002  
*default*        0x000000           0xffffffff  

Linker script and memory map

LOAD build/default/production/mcc_generated_files/ext_int.o
LOAD build/default/production/mcc_generated_files/i2c1.o
LOAD build/default/production/mcc_generated_files/interrupt_manager.o
LOAD build/default/production/mcc_generated_files/mcc.o
LOAD build/default/production/mcc_generated_files/pin_manager.o
LOAD build/default/production/mcc_generated_files/tmr1.o
LOAD build/default/production/mcc_generated_files/traps.o
LOAD build/default/production/mcc_generated_files/uart2.o
LOAD build/default/production/WINC1500/Board_driver/wf_mcu_driver_stub.o
LOAD build/default/production/WINC1500/Driver/wf_asic.o
LOAD build/default/production/WINC1500/Driver/wf_hif.o
LOAD build/default/production/WINC1500/Driver/wf_ota.o
LOAD build/default/production/WINC1500/Driver/wf_socket.o
LOAD build/default/production/WINC1500/Driver/wf_spi.o
LOAD build/default/production/WINC1500/Driver/wf_spi_flash.o
LOAD build/default/production/WINC1500/Driver/wf_utils.o
LOAD build/default/production/WINC1500/Driver/wf_wifi.o
LOAD build/default/production/WINC1500/Example/winc1500_fw_update_over_serial.o
LOAD build/default/production/WINC1500/Example/winc1500_http_download.o
LOAD build/default/production/WINC1500/Example/winc1500_locate_ip_address.o
LOAD build/default/production/WINC1500/Example/winc1500_mac_address.o
LOAD build/default/production/WINC1500/Example/winc1500_mode_ap.o
LOAD build/default/production/WINC1500/Example/winc1500_mode_change.o
LOAD build/default/production/WINC1500/Example/winc1500_mode_p2p.o
LOAD build/default/production/WINC1500/Example/winc1500_mode_sta.o
LOAD build/default/production/WINC1500/Example/winc1500_ota_firmware_update.o
LOAD build/default/production/WINC1500/Example/winc1500_power_save_mode.o
LOAD build/default/production/WINC1500/Example/winc1500_provision_http.o
LOAD build/default/production/WINC1500/Example/winc1500_security_wep_wpa.o
LOAD build/default/production/WINC1500/Example/winc1500_security_wps.o
LOAD build/default/production/WINC1500/Example/winc1500_send_email.o
LOAD build/default/production/WINC1500/Example/winc1500_signal_strength.o
LOAD build/default/production/WINC1500/Example/winc1500_ssl_connect.o
LOAD build/default/production/WINC1500/Example/winc1500_tcp_client.o
LOAD build/default/production/WINC1500/Example/winc1500_tcp_server.o
LOAD build/default/production/WINC1500/Example/winc1500_time_client.o
LOAD build/default/production/WINC1500/Example/winc1500_weather_client.o
LOAD build/default/production/WINC1500/Support/winc1500_support_stub.o
LOAD build/default/production/bsp.o
LOAD build/default/production/main.o
                    0x0001                  __MPLAB_BUILD = 0x1
LOAD pPIC24Fxxx
LOAD c:/program files/microchip/xc16/v2.00/bin/bin/../../lib\libfx-elf.a
                    0x15f00                  __FSEC = 0x15f00
                    0x15f10                  __FBSLIM = 0x15f10
                    0x15f14                  __FSIGN = 0x15f14
                    0x15f18                  __FOSCSEL = 0x15f18
                    0x15f1c                  __FOSC = 0x15f1c
                    0x15f20                  __FWDT = 0x15f20
                    0x15f24                  __FPOR = 0x15f24
                    0x15f28                  __FICD = 0x15f28
                    0x15f2c                  __FDEVOPT1 = 0x15f2c
                    0x0100                  __CODE_BASE = 0x100
                    0x15e00                  __CODE_LENGTH = 0x15e00
                    0x0004                  __IVT_BASE = 0x4
                    0x0800                  __DATA_BASE = 0x800
                    0x4000                  __DATA_LENGTH = 0x4000

.reset            0x000000          0x4
                  0x000000          0x2 SHORT 0x100 ABSOLUTE (__reset)
                  0x000001          0x2 SHORT 0x4
                  0x000002          0x2 SHORT 0x0 ((ABSOLUTE (__reset) >> 0x10) & 0x7f)
                  0x000003          0x2 SHORT 0x0

.text             0x000100       0x19ae
 *(.init)
 .init            0x000100         0x4c c:/program files/microchip/xc16/v2.00/bin/bin/../../lib\libc99-pic30-elf.a(crt0_extended24.o)
                  0x000100                  __resetPRI
                  0x000100                  __reset
                  0x00013c                  __psv_init
 .init            0x00014c         0xb8 c:/program files/microchip/xc16/v2.00/bin/bin/../../lib\libc99-pic30-elf.a(data_init_24.o)
                  0x000152                  __data_init
                  0x000152                  __data_init_da
 *(.user_init)
 *(.handle)
 .handle          0x000204         0x18 jump_table
 *(.isr*)
 .isr.text        0x00021c         0x1e build/default/production/mcc_generated_files/ext_int.o
                  0x00021c                  __INT3Interrupt
 .isr.text        0x00023a        0x286 build/default/production/mcc_generated_files/i2c1.o
                  0x00023a                  __MI2C1Interrupt
 .isr.text        0x0004c0         0x3a build/default/production/mcc_generated_files/pin_manager.o
                  0x0004c0                  __IOCInterrupt
 .isr.text        0x0004fa         0x2e build/default/production/mcc_generated_files/tmr1.o
                  0x0004fa                  __T1Interrupt
 .isr.text        0x000528         0x22 build/default/production/mcc_generated_files/traps.o
                  0x000528                  __OscillatorFail
                  0x000530                  __StackError
                  0x00053a                  __AddressError
                  0x000542                  __MathError
 .isr             0x00054a          0x4 default_isr
                  0x00054a                  __DefaultInterrupt
 *(.libc)
 .libc            0x00054e         0x1e c:/program files/microchip/xc16/v2.00/bin/bin/../../lib\libc99-pic30-elf.a(lseekda.Meo)
                  0x00054e                  _lseek
 *(.libm)
 *(.libdsp)
 *(.lib*)
 .libc.write      0x00056c         0x54 build/default/production/mcc_generated_files/uart2.o
                  0x00056c                  _write
 .libpic30_crt_start_mode
                  0x0005c0          0x2 c:/program files/microchip/xc16/v2.00/bin/bin/../../lib\libc99-pic30-elf.a(crt_start_mode_normalda.Meo)
                  0x0005c0                  __crt_start_mode
                  0x0005c0                  __crt_start_mode_normal
 .libm.umodsi3    0x0005c2          0x6 c:/program files/microchip/xc16/v2.00/bin/bin/../../lib\libc99-pic30-elf.a(umodsi3.DA_o)
                  0x0005c2                  ___umodsi3
 .libm.udivsi3    0x0005c8         0x20 c:/program files/microchip/xc16/v2.00/bin/bin/../../lib\libc99-pic30-elf.a(udivsi3.DA_o)
                  0x0005c8                  ___udivsi3
 .libc.memcpy     0x0005e8          0xe c:/program files/microchip/xc16/v2.00/bin/bin/../../lib\libc99-elf.a(memcpy.DA_o)
                  0x0005e8                  _memcpy
 .libc.memset     0x0005f6         0xc6 c:/program files/microchip/xc16/v2.00/bin/bin/../../lib\libc99-elf.a(memset.DA_o)
                  0x0005f6                  _memset
 .libc.puts       0x0006bc         0x1a c:/program files/microchip/xc16/v2.00/bin/bin/../../lib\libc99-elf.a(puts.DA_o)
                  0x0006bc                  _puts
 .libc.__dummy0
                  0x0006d6          0x2 c:/program files/microchip/xc16/v2.00/bin/bin/../../lib\libc99-elf.a(stdout.DA_o)
                  0x0006d6                  ___stdio_seek
 .libc.__dummy    0x0006d8          0x4 c:/program files/microchip/xc16/v2.00/bin/bin/../../lib\libc99-elf.a(stdout.DA_o)
                  0x0006d8                  ___get_stdout
 .libc.__init_stdout
                  0x0006dc          0x8 c:/program files/microchip/xc16/v2.00/bin/bin/../../lib\libc99-elf.a(stdout.DA_o)
                  0x0006dc                  ___init_stdout
 .libc.strlen     0x0006e4         0x30 c:/program files/microchip/xc16/v2.00/bin/bin/../../lib\libc99-elf.a(strlen.DA_o)
                  0x0006e4                  _strlen
 .libc.twobyte_strstr
                  0x000714         0x2c c:/program files/microchip/xc16/v2.00/bin/bin/../../lib\libc99-elf.a(strstr.DA_o)
 .libc.threebyte_strstr
                  0x000740         0x5e c:/program files/microchip/xc16/v2.00/bin/bin/../../lib\libc99-elf.a(strstr.DA_o)
 .libc.fourbyte_strstr
                  0x00079e         0x7a c:/program files/microchip/xc16/v2.00/bin/bin/../../lib\libc99-elf.a(strstr.DA_o)
 .libc.twoway_strstr
                  0x000818        0x1aa c:/program files/microchip/xc16/v2.00/bin/bin/../../lib\libc99-elf.a(strstr.DA_o)
 .libc.strstr     0x0009c2         0x5a c:/program files/microchip/xc16/v2.00/bin/bin/../../lib\libc99-elf.a(strstr.DA_o)
                  0x0009c2                  _strstr
 .libc.strtok     0x000a1c         0x3a c:/program files/microchip/xc16/v2.00/bin/bin/../../lib\libc99-elf.a(strtok.DA_o)
                  0x000a1c                  _strtok
 .libc.__string_out
                  0x000a56         0x28 c:/program files/microchip/xc16/v2.00/bin/bin/../../lib\libc99-elf.a(__out.DA_o)
 .libc.__fwrite_min
                  0x000a7e          0x4 c:/program files/microchip/xc16/v2.00/bin/bin/../../lib\libc99-elf.a(__out.DA_o)
                  0x000a7e                  ___fwrite
                  0x000a7e                  ___stdio_write
                  0x000a7e                  ___stdio_write_unbuffered
 .libc.__out      0x000a82         0x10 c:/program files/microchip/xc16/v2.00/bin/bin/../../lib\libc99-elf.a(__out.DA_o)
                  0x000a82                  ___out_needed
                  0x000a82                  ___out
 .libc.__stdio_close
                  0x000a92         0x48 c:/program files/microchip/xc16/v2.00/bin/bin/../../lib\libc99-elf.a(__stdio_close.DA_o)
                  0x000a92                  ___stdio_close
 .libc.__stdio_close_rw
                  0x000ada         0x64 c:/program files/microchip/xc16/v2.00/bin/bin/../../lib\libc99-elf.a(__stdio_close.DA_o)
                  0x000ada                  ___stdio_close_rw
 .libc.fputs      0x000b3e         0x28 c:/program files/microchip/xc16/v2.00/bin/bin/../../lib\libc99-elf.a(fputs.DA_o)
                  0x000b3e                  _fputs_unlocked
                  0x000b3e                  _fputs
 .libc.__fwrite_min
                  0x000b66          0x4 c:/program files/microchip/xc16/v2.00/bin/bin/../../lib\libc99-elf.a(fwrite.DA_o)
 .libc.fwrite     0x000b6a         0x2c c:/program files/microchip/xc16/v2.00/bin/bin/../../lib\libc99-elf.a(fwrite.DA_o)
                  0x000b6a                  _fwrite
                  0x000b6a                  _fwrite_unlocked
 .libc.memchr     0x000b96         0x60 c:/program files/microchip/xc16/v2.00/bin/bin/../../lib\libc99-elf.a(memchr.DA_o)
                  0x000b96                  _memchr
 .libc.memcmp     0x000bf6         0x1c c:/program files/microchip/xc16/v2.00/bin/bin/../../lib\libc99-elf.a(memcmp.DA_o)
                  0x000bf6                  _memcmp
 .libc.__putc_unbuffered
                  0x000c12         0x30 c:/program files/microchip/xc16/v2.00/bin/bin/../../lib\libc99-elf.a(putc.DA_o)
                  0x000c12                  ___putc
                  0x000c12                  ___putc_unbuffered
 .libc.putc       0x000c42          0x2 c:/program files/microchip/xc16/v2.00/bin/bin/../../lib\libc99-elf.a(putc.DA_o)
                  0x000c42                  _putc
                  0x000c42                  _fputc
                  0x000c42                  _putc_unlocked
                  0x000c42                  __IO_putc
 .libc.strcspn    0x000c44         0x72 c:/program files/microchip/xc16/v2.00/bin/bin/../../lib\libc99-elf.a(strcspn.DA_o)
                  0x000c44                  _strcspn
 .libc.strspn     0x000cb6         0x70 c:/program files/microchip/xc16/v2.00/bin/bin/../../lib\libc99-elf.a(strspn.DA_o)
                  0x000cb6                  _strspn
 .libc.__strchrnul
                  0x000d26         0x58 c:/program files/microchip/xc16/v2.00/bin/bin/../../lib\libc99-elf.a(strchrnul.DA_o)
                  0x000d26                  ___strchrnul
                  0x000d26                  _strchrnul
 .libc.__wrap_printf
                  0x000d7e         0x10 c:/program files/microchip/xc16/v2.00/bin/bin/../../lib\libc99-elf.a(__sio_printf_dosux.DA_o)
                  0x000d7e                  __dprintf_cdnopsuxX
                  0x000d7e                  __printf_cdnopsuxX
 .libc.__sio_printf_dosux
                  0x000d8e          0xa c:/program files/microchip/xc16/v2.00/bin/bin/../../lib\libc99-elf.a(__sio_printf_dosux.DA_o)
                  0x000d8e                  ___sio_printf_dosux
 .libc.__fmt_d    0x000d98         0xb2 c:/program files/microchip/xc16/v2.00/bin/bin/../../lib\libc99-elf.a(__fmt_d.DA_o)
                  0x000d98                  ___fmt_d
                  0x000d98                  ___fmt_d_needed
 .libc.__fmt_o    0x000e4a         0x6a c:/program files/microchip/xc16/v2.00/bin/bin/../../lib\libc99-elf.a(__fmt_o.DA_o)
                  0x000e4a                  ___fmt_o
                  0x000e4a                  ___fmt_o_needed
 .libc.__fmt_s    0x000eb4         0x54 c:/program files/microchip/xc16/v2.00/bin/bin/../../lib\libc99-elf.a(__fmt_s.DA_o)
                  0x000eb4                  ___fmt_0_needed
                  0x000eb4                  ___fmt_s_needed
                  0x000eb4                  ___fmt_s
 .libc.__cvt_u    0x000f08         0xa4 c:/program files/microchip/xc16/v2.00/bin/bin/../../lib\libc99-elf.a(__fmt_u.DA_o)
                  0x000f08                  ___cvt_u
 .libc.__fmt_u    0x000fac         0x52 c:/program files/microchip/xc16/v2.00/bin/bin/../../lib\libc99-elf.a(__fmt_u.DA_o)
                  0x000fac                  ___fmt_u
                  0x000fac                  ___fmt_u_needed
 .libc.__fmt_x    0x000ffe        0x14a c:/program files/microchip/xc16/v2.00/bin/bin/../../lib\libc99-elf.a(__fmt_x.DA_o)
                  0x000ffe                  ___fmt_x_needed
                  0x000ffe                  ___fmt_x
 .libc.__vfprintf
                  0x001148         0x1c c:/program files/microchip/xc16/v2.00/bin/bin/../../lib\libc99-elf.a(__int_vfprintf.DA_o)
                  0x001148                  ___vfprintf
 .libc.__string_out
                  0x001164         0x28 c:/program files/microchip/xc16/v2.00/bin/bin/../../lib\libc99-elf.a(__printf_core.DA_o)
 .libc.__pad      0x00118c         0x74 c:/program files/microchip/xc16/v2.00/bin/bin/../../lib\libc99-elf.a(__printf_core.DA_o)
                  0x00118c                  ___pad
 .libc.__dummy_fmt3
                  0x001200          0x2 c:/program files/microchip/xc16/v2.00/bin/bin/../../lib\libc99-elf.a(__printf_core.DA_o)
 .libc.__dummy_fmt4
                  0x001202          0x2 c:/program files/microchip/xc16/v2.00/bin/bin/../../lib\libc99-elf.a(__printf_core.DA_o)
                  0x001202                  ___fmt_fp
                  0x001202                  ___fmt_a
 .libc.__dummy_fmts
                  0x001204          0x2 c:/program files/microchip/xc16/v2.00/bin/bin/../../lib\libc99-elf.a(__printf_core.DA_o)
 .libc.__fmt_state
                  0x001206         0x2c c:/program files/microchip/xc16/v2.00/bin/bin/../../lib\libc99-elf.a(__printf_core.DA_o)
                  0x001206                  ___fmt_state
 .libc.vfpfcnvrt.clone.0
                  0x001232        0x2c0 c:/program files/microchip/xc16/v2.00/bin/bin/../../lib\libc99-elf.a(__printf_core.DA_o)
 .libc.__printf_core
                  0x0014f2         0x40 c:/program files/microchip/xc16/v2.00/bin/bin/../../lib\libc99-elf.a(__printf_core.DA_o)
                  0x0014f2                  ___printf_core
 .libc.__wrap_printf
                  0x001532         0x10 c:/program files/microchip/xc16/v2.00/bin/bin/../../lib\libc99-elf.a(__sio_printf_doux.DA_o)
                  0x001532                  __printf_cdnopuxX
                  0x001532                  __dprintf_cdnopuxX
 .libc.__sio_printf_doux
                  0x001542          0xa c:/program files/microchip/xc16/v2.00/bin/bin/../../lib\libc99-elf.a(__sio_printf_doux.DA_o)
                  0x001542                  ___sio_printf_doux
 .libc.__wrap_sprintf
                  0x00154c          0xc c:/program files/microchip/xc16/v2.00/bin/bin/../../lib\libc99-elf.a(__sio_sprintf_dosux.DA_o)
                  0x00154c                  __dsprintf_cdnopsuxX
                  0x00154c                  __sprintf_cdnopsuxX
 .libc.__sio_sprintf_dosux
                  0x001558          0xa c:/program files/microchip/xc16/v2.00/bin/bin/../../lib\libc99-elf.a(__sio_sprintf_dosux.DA_o)
                  0x001558                  ___sio_sprintf_dosux
 .libc.__vsprintf
                  0x001562          0x8 c:/program files/microchip/xc16/v2.00/bin/bin/../../lib\libc99-elf.a(__int_vsprintf.DA_o)
                  0x001562                  ___vsprintf
 .libc.__vsnprintf
                  0x00156a         0x4a c:/program files/microchip/xc16/v2.00/bin/bin/../../lib\libc99-elf.a(__int_vsnprintf.DA_o)
                  0x00156a                  ___vsnprintf
 .libc.__wrap_sprintf
                  0x0015b4          0xc c:/program files/microchip/xc16/v2.00/bin/bin/../../lib\libc99-elf.a(__sio_sprintf_doux.DA_o)
                  0x0015b4                  __sprintf_cdnopuxX
                  0x0015b4                  __dsprintf_cdnopuxX
 .libc.__sio_sprintf_doux
                  0x0015c0          0xa c:/program files/microchip/xc16/v2.00/bin/bin/../../lib\libc99-elf.a(__sio_sprintf_doux.DA_o)
                  0x0015c0                  ___sio_sprintf_doux
 .libc.__wrap_sprintf
                  0x0015ca          0xc c:/program files/microchip/xc16/v2.00/bin/bin/../../lib\libc99-elf.a(__sio_sprintf_s.DA_o)
                  0x0015ca                  __sprintf_s
                  0x0015ca                  __dsprintf_s
 .libc.__sio_sprintf_s
                  0x0015d6          0x2 c:/program files/microchip/xc16/v2.00/bin/bin/../../lib\libc99-elf.a(__sio_sprintf_s.DA_o)
                  0x0015d6                  ___sio_sprintf_s
 .libc.__isspace
                  0x0015d8         0x14 c:/program files/microchip/xc16/v2.00/bin/bin/../../lib\libc99-elf.a(atoi.DA_o)
 .libc.atoi       0x0015ec         0x4c c:/program files/microchip/xc16/v2.00/bin/bin/../../lib\libc99-elf.a(atoi.DA_o)
                  0x0015ec                  _atoi
 .libc.strcpy     0x001638          0xe c:/program files/microchip/xc16/v2.00/bin/bin/../../lib\libc99-elf.a(strcpy.DA_o)
                  0x001638                  _strcpy
 .libc.strchr     0x001646         0x12 c:/program files/microchip/xc16/v2.00/bin/bin/../../lib\libc99-elf.a(strchr.DA_lo)
                  0x001646                  _strchr
 .libc.tolower    0x001658          0xc c:/program files/microchip/xc16/v2.00/bin/bin/../../lib\libc99-elf.a(tolower.DA_o)
                  0x001658                  _tolower
 .libc.__tolower_l
                  0x001664          0x2 c:/program files/microchip/xc16/v2.00/bin/bin/../../lib\libc99-elf.a(tolower.DA_o)
                  0x001664                  ___tolower_l
                  0x001664                  _tolower_l
 .libc.toupper    0x001666          0xc c:/program files/microchip/xc16/v2.00/bin/bin/../../lib\libc99-elf.a(toupper.DA_o)
                  0x001666                  _toupper
 .libc.__toupper_l
                  0x001672          0x2 c:/program files/microchip/xc16/v2.00/bin/bin/../../lib\libc99-elf.a(toupper.DA_o)
                  0x001672                  ___toupper_l
                  0x001672                  _toupper_l
 .libc.__pop_float
                  0x001674         0x3e c:/program files/microchip/xc16/v2.00/bin/bin/../../lib\libc99-elf.a(__pop_float.DA_lo)
                  0x001674                  ___pop_float
                  0x001674                  ___pop_float_needed
 .libc.__pop_int
                  0x0016b2         0xb2 c:/program files/microchip/xc16/v2.00/bin/bin/../../lib\libc99-elf.a(__pop_int.DA_lo)
                  0x0016b2                  ___pop_int
                  0x0016b2                  ___pop_int_needed
 .libc.__pop_ptr
                  0x001764         0x74 c:/program files/microchip/xc16/v2.00/bin/bin/../../lib\libc99-elf.a(__pop_ptr.DA_lo)
                  0x001764                  ___pop_ptr_needed
                  0x001764                  ___pop_ptr
 .libc.__stpcpy
                  0x0017d8         0x40 c:/program files/microchip/xc16/v2.00/bin/bin/../../lib\libc99-elf.a(stpcpy.DA_o)
                  0x0017d8                  ___stpcpy
                  0x0017d8                  _stpcpy
 .libc.__dummy    0x001818          0x2 c:/program files/microchip/xc16/v2.00/bin/bin/../../lib\libc99-elf.a(__init_stdio.DA_o)
                  0x001818                  ___init_stderr
                  0x001818                  ___init_stdin
 .libc.__init_stdio
                  0x00181a          0x6 c:/program files/microchip/xc16/v2.00/bin/bin/../../lib\libc99-elf.a(__init_stdio.DA_o)
                  0x00181a                  ___init_stdio
                  0x00181a                  ___init_stdio_needed
 .libm.extendsfdf2
                  0x001820         0x3e c:/program files/microchip/xc16/v2.00/bin/bin/../../lib\libc99-pic30-elf.a(extendsfdf.DA_o)
                  0x001820                  ___extendsfdf2
 .libm.funpack    0x00185e         0x2a c:/program files/microchip/xc16/v2.00/bin/bin/../../lib\libc99-pic30-elf.a(funpack.DA_o)
                  0x00185e                  __funpack
 .libm.mulsi3     0x001888          0xc c:/program files/microchip/xc16/v2.00/bin/bin/../../lib\libc99-pic30-elf.a(mulsi3.DA_o)
                  0x001888                  ___mulp32peds3
                  0x001888                  ___mulsi3
                  0x001888                  ___mulp32eds3
 .libc.dolseek    0x001894          0x4 c:/program files/microchip/xc16/v2.00/bin/bin/../../lib\libc99-pic30-elf.a(lseekda.Meo)
 .libm.__PplusBdi
                  0x001898         0x26 c:/program files/microchip/xc16/v2.00/bin/bin/../../lib\libc99-pic30-elf.a(divmoddi3.DA_o)
 .libm.__PminusBdi
                  0x0018be         0x26 c:/program files/microchip/xc16/v2.00/bin/bin/../../lib\libc99-pic30-elf.a(divmoddi3.DA_o)
 .libm.__udivmoddi3
                  0x0018e4         0xf8 c:/program files/microchip/xc16/v2.00/bin/bin/../../lib\libc99-pic30-elf.a(divmoddi3.DA_o)
                  0x0018e4                  ___udivmoddi3
 .libm.__udivdi3
                  0x0019dc          0xe c:/program files/microchip/xc16/v2.00/bin/bin/../../lib\libc99-pic30-elf.a(divmoddi3.DA_o)
                  0x0019dc                  ___udivdi3
 .libm.__umoddi3
                  0x0019ea          0x8 c:/program files/microchip/xc16/v2.00/bin/bin/../../lib\libc99-pic30-elf.a(divmoddi3.DA_o)
                  0x0019ea                  ___umoddi3
 .libm.__divdi3
                  0x0019f2         0x60 c:/program files/microchip/xc16/v2.00/bin/bin/../../lib\libc99-pic30-elf.a(divmoddi3.DA_o)
                  0x0019f2                  ___divdi3
 .libm.__moddi3
                  0x001a52         0x5c c:/program files/microchip/xc16/v2.00/bin/bin/../../lib\libc99-pic30-elf.a(divmoddi3.DA_o)
                  0x001a52                  ___moddi3

usercode
 *(usercode)

__FSEC            0x015f00          0x2
 *(__FSEC.sec*)
 __FSEC.sec       0x015f00          0x2 /CW/_FSEC
                  0x015f00                  __FSEC.sec

__FBSLIM
 *(__FBSLIM.sec*)

__FSIGN
 *(__FSIGN.sec*)

__FOSCSEL
 *(__FOSCSEL.sec*)

__FOSC
 *(__FOSC.sec*)

__FWDT
 *(__FWDT.sec*)

__FPOR
 *(__FPOR.sec*)

__FICD
 *(__FICD.sec*)

__FDEVOPT1
 *(__FDEVOPT1.sec*)

.comment
 *(.comment)

.debug_info       0x000000      0x133c8
 *(.debug_info)
 .debug_info      0x000000        0x4ef build/default/production/mcc_generated_files/ext_int.o
 .debug_info      0x0004ef       0x1011 build/default/production/mcc_generated_files/i2c1.o
 .debug_info      0x001500        0x492 build/default/production/mcc_generated_files/interrupt_manager.o
 .debug_info      0x001992        0x3dd build/default/production/mcc_generated_files/mcc.o
 .debug_info      0x001d6f        0xd6f build/default/production/mcc_generated_files/pin_manager.o
 .debug_info      0x002ade        0x983 build/default/production/mcc_generated_files/tmr1.o
 .debug_info      0x003461        0x39a build/default/production/mcc_generated_files/traps.o
 .debug_info      0x0037fb        0x7a4 build/default/production/mcc_generated_files/uart2.o
 .debug_info      0x003f9f        0xf1f build/default/production/WINC1500/Board_driver/wf_mcu_driver_stub.o
 .debug_info      0x004ebe        0x95e build/default/production/WINC1500/Driver/wf_asic.o
 .debug_info      0x00581c        0xd6f build/default/production/WINC1500/Driver/wf_hif.o
 .debug_info      0x00658b        0xcab build/default/production/WINC1500/Driver/wf_ota.o
 .debug_info      0x007236       0x219f build/default/production/WINC1500/Driver/wf_socket.o
 .debug_info      0x0093d5       0x1113 build/default/production/WINC1500/Driver/wf_spi.o
 .debug_info      0x00a4e8        0xdf3 build/default/production/WINC1500/Driver/wf_spi_flash.o
 .debug_info      0x00b2db        0x31d build/default/production/WINC1500/Driver/wf_utils.o
 .debug_info      0x00b5f8       0x3924 build/default/production/WINC1500/Driver/wf_wifi.o
 .debug_info      0x00ef1c        0x17c build/default/production/WINC1500/Example/winc1500_fw_update_over_serial.o
 .debug_info      0x00f098        0x174 build/default/production/WINC1500/Example/winc1500_http_download.o
 .debug_info      0x00f20c        0x178 build/default/production/WINC1500/Example/winc1500_locate_ip_address.o
 .debug_info      0x00f384        0x172 build/default/production/WINC1500/Example/winc1500_mac_address.o
 .debug_info      0x00f4f6        0x16e build/default/production/WINC1500/Example/winc1500_mode_ap.o
 .debug_info      0x00f664        0x172 build/default/production/WINC1500/Example/winc1500_mode_change.o
 .debug_info      0x00f7d6        0x16f build/default/production/WINC1500/Example/winc1500_mode_p2p.o
 .debug_info      0x00f945        0x16f build/default/production/WINC1500/Example/winc1500_mode_sta.o
 .debug_info      0x00fab4        0x17a build/default/production/WINC1500/Example/winc1500_ota_firmware_update.o
 .debug_info      0x00fc2e        0x176 build/default/production/WINC1500/Example/winc1500_power_save_mode.o
 .debug_info      0x00fda4        0x175 build/default/production/WINC1500/Example/winc1500_provision_http.o
 .debug_info      0x00ff19        0x177 build/default/production/WINC1500/Example/winc1500_security_wep_wpa.o
 .debug_info      0x010090        0x173 build/default/production/WINC1500/Example/winc1500_security_wps.o
 .debug_info      0x010203        0x171 build/default/production/WINC1500/Example/winc1500_send_email.o
 .debug_info      0x010374        0x176 build/default/production/WINC1500/Example/winc1500_signal_strength.o
 .debug_info      0x0104ea        0x172 build/default/production/WINC1500/Example/winc1500_ssl_connect.o
 .debug_info      0x01065c        0x171 build/default/production/WINC1500/Example/winc1500_tcp_client.o
 .debug_info      0x0107cd        0x171 build/default/production/WINC1500/Example/winc1500_tcp_server.o
 .debug_info      0x01093e        0x172 build/default/production/WINC1500/Example/winc1500_time_client.o
 .debug_info      0x010ab0        0xd1e build/default/production/WINC1500/Example/winc1500_weather_client.o
 .debug_info      0x0117ce       0x1353 build/default/production/WINC1500/Support/winc1500_support_stub.o
 .debug_info      0x012b21        0x2a2 build/default/production/bsp.o
 .debug_info      0x012dc3        0x342 build/default/production/main.o
 .debug_info      0x013105         0x8d c:/program files/microchip/xc16/v2.00/bin/bin/../../lib\libc99-pic30-elf.a(umodsi3.DA_o)
 .debug_info      0x013192         0x8d c:/program files/microchip/xc16/v2.00/bin/bin/../../lib\libc99-pic30-elf.a(udivsi3.DA_o)
 .debug_info      0x01321f         0x90 c:/program files/microchip/xc16/v2.00/bin/bin/../../lib\libc99-pic30-elf.a(extendsfdf.DA_o)
 .debug_info      0x0132af         0x8d c:/program files/microchip/xc16/v2.00/bin/bin/../../lib\libc99-pic30-elf.a(funpack.DA_o)
 .debug_info      0x01333c         0x8c c:/program files/microchip/xc16/v2.00/bin/bin/../../lib\libc99-pic30-elf.a(mulsi3.DA_o)
 *(.gnu.linkonce.wi.*)

.debug_abbrev     0x000000       0x1e8a
 *(.debug_abbrev)
 .debug_abbrev    0x000000         0xbf build/default/production/mcc_generated_files/ext_int.o
 .debug_abbrev    0x0000bf        0x232 build/default/production/mcc_generated_files/i2c1.o
 .debug_abbrev    0x0002f1         0xb4 build/default/production/mcc_generated_files/interrupt_manager.o
 .debug_abbrev    0x0003a5         0x7d build/default/production/mcc_generated_files/mcc.o
 .debug_abbrev    0x000422        0x117 build/default/production/mcc_generated_files/pin_manager.o
 .debug_abbrev    0x000539        0x181 build/default/production/mcc_generated_files/tmr1.o
 .debug_abbrev    0x0006ba        0x100 build/default/production/mcc_generated_files/traps.o
 .debug_abbrev    0x0007ba        0x169 build/default/production/mcc_generated_files/uart2.o
 .debug_abbrev    0x000923        0x17c build/default/production/WINC1500/Board_driver/wf_mcu_driver_stub.o
 .debug_abbrev    0x000a9f        0x14d build/default/production/WINC1500/Driver/wf_asic.o
 .debug_abbrev    0x000bec        0x1f0 build/default/production/WINC1500/Driver/wf_hif.o
 .debug_abbrev    0x000ddc        0x103 build/default/production/WINC1500/Driver/wf_ota.o
 .debug_abbrev    0x000edf        0x257 build/default/production/WINC1500/Driver/wf_socket.o
 .debug_abbrev    0x001136        0x1b9 build/default/production/WINC1500/Driver/wf_spi.o
 .debug_abbrev    0x0012ef        0x13d build/default/production/WINC1500/Driver/wf_spi_flash.o
 .debug_abbrev    0x00142c         0xb3 build/default/production/WINC1500/Driver/wf_utils.o
 .debug_abbrev    0x0014df        0x23f build/default/production/WINC1500/Driver/wf_wifi.o
 .debug_abbrev    0x00171e         0x1f build/default/production/WINC1500/Example/winc1500_fw_update_over_serial.o
 .debug_abbrev    0x00173d         0x1f build/default/production/WINC1500/Example/winc1500_http_download.o
 .debug_abbrev    0x00175c         0x1f build/default/production/WINC1500/Example/winc1500_locate_ip_address.o
 .debug_abbrev    0x00177b         0x1f build/default/production/WINC1500/Example/winc1500_mac_address.o
 .debug_abbrev    0x00179a         0x1f build/default/production/WINC1500/Example/winc1500_mode_ap.o
 .debug_abbrev    0x0017b9         0x1f build/default/production/WINC1500/Example/winc1500_mode_change.o
 .debug_abbrev    0x0017d8         0x1f build/default/production/WINC1500/Example/winc1500_mode_p2p.o
 .debug_abbrev    0x0017f7         0x1f build/default/production/WINC1500/Example/winc1500_mode_sta.o
 .debug_abbrev    0x001816         0x1f build/default/production/WINC1500/Example/winc1500_ota_firmware_update.o
 .debug_abbrev    0x001835         0x1f build/default/production/WINC1500/Example/winc1500_power_save_mode.o
 .debug_abbrev    0x001854         0x1f build/default/production/WINC1500/Example/winc1500_provision_http.o
 .debug_abbrev    0x001873         0x1f build/default/production/WINC1500/Example/winc1500_security_wep_wpa.o
 .debug_abbrev    0x001892         0x1f build/default/production/WINC1500/Example/winc1500_security_wps.o
 .debug_abbrev    0x0018b1         0x1f build/default/production/WINC1500/Example/winc1500_send_email.o
 .debug_abbrev    0x0018d0         0x1f build/default/production/WINC1500/Example/winc1500_signal_strength.o
 .debug_abbrev    0x0018ef         0x1f build/default/production/WINC1500/Example/winc1500_ssl_connect.o
 .debug_abbrev    0x00190e         0x1f build/default/production/WINC1500/Example/winc1500_tcp_client.o
 .debug_abbrev    0x00192d         0x1f build/default/production/WINC1500/Example/winc1500_tcp_server.o
 .debug_abbrev    0x00194c         0x1f build/default/production/WINC1500/Example/winc1500_time_client.o
 .debug_abbrev    0x00196b        0x17f build/default/production/WINC1500/Example/winc1500_weather_client.o
 .debug_abbrev    0x001aea        0x1ef build/default/production/WINC1500/Support/winc1500_support_stub.o
 .debug_abbrev    0x001cd9         0x9d build/default/production/bsp.o
 .debug_abbrev    0x001d76         0xb0 build/default/production/main.o
 .debug_abbrev    0x001e26         0x14 c:/program files/microchip/xc16/v2.00/bin/bin/../../lib\libc99-pic30-elf.a(umodsi3.DA_o)
 .debug_abbrev    0x001e3a         0x14 c:/program files/microchip/xc16/v2.00/bin/bin/../../lib\libc99-pic30-elf.a(udivsi3.DA_o)
 .debug_abbrev    0x001e4e         0x14 c:/program files/microchip/xc16/v2.00/bin/bin/../../lib\libc99-pic30-elf.a(extendsfdf.DA_o)
 .debug_abbrev    0x001e62         0x14 c:/program files/microchip/xc16/v2.00/bin/bin/../../lib\libc99-pic30-elf.a(funpack.DA_o)
 .debug_abbrev    0x001e76         0x14 c:/program files/microchip/xc16/v2.00/bin/bin/../../lib\libc99-pic30-elf.a(mulsi3.DA_o)

.debug_line       0x000000       0x2404
 *(.debug_line)
 .debug_line      0x000000        0x121 build/default/production/mcc_generated_files/ext_int.o
 .debug_line      0x000121        0x1f4 build/default/production/mcc_generated_files/i2c1.o
 .debug_line      0x000315        0x115 build/default/production/mcc_generated_files/interrupt_manager.o
 .debug_line      0x00042a        0x123 build/default/production/mcc_generated_files/mcc.o
 .debug_line      0x00054d        0x14d build/default/production/mcc_generated_files/pin_manager.o
 .debug_line      0x00069a        0x150 build/default/production/mcc_generated_files/tmr1.o
 .debug_line      0x0007ea        0x136 build/default/production/mcc_generated_files/traps.o
 .debug_line      0x000920        0x140 build/default/production/mcc_generated_files/uart2.o
 .debug_line      0x000a60        0x185 build/default/production/WINC1500/Board_driver/wf_mcu_driver_stub.o
 .debug_line      0x000be5        0x13a build/default/production/WINC1500/Driver/wf_asic.o
 .debug_line      0x000d1f        0x1d6 build/default/production/WINC1500/Driver/wf_hif.o
 .debug_line      0x000ef5         0xfb build/default/production/WINC1500/Driver/wf_ota.o
 .debug_line      0x000ff0        0x2d2 build/default/production/WINC1500/Driver/wf_socket.o
 .debug_line      0x0012c2        0x285 build/default/production/WINC1500/Driver/wf_spi.o
 .debug_line      0x001547        0x1dc build/default/production/WINC1500/Driver/wf_spi_flash.o
 .debug_line      0x001723         0xc1 build/default/production/WINC1500/Driver/wf_utils.o
 .debug_line      0x0017e4        0x3d5 build/default/production/WINC1500/Driver/wf_wifi.o
 .debug_line      0x001bb9         0x1a build/default/production/WINC1500/Example/winc1500_fw_update_over_serial.o
 .debug_line      0x001bd3         0x1a build/default/production/WINC1500/Example/winc1500_http_download.o
 .debug_line      0x001bed         0x1a build/default/production/WINC1500/Example/winc1500_locate_ip_address.o
 .debug_line      0x001c07         0x1a build/default/production/WINC1500/Example/winc1500_mac_address.o
 .debug_line      0x001c21         0x1a build/default/production/WINC1500/Example/winc1500_mode_ap.o
 .debug_line      0x001c3b         0x1a build/default/production/WINC1500/Example/winc1500_mode_change.o
 .debug_line      0x001c55         0x1a build/default/production/WINC1500/Example/winc1500_mode_p2p.o
 .debug_line      0x001c6f         0x1a build/default/production/WINC1500/Example/winc1500_mode_sta.o
 .debug_line      0x001c89         0x1a build/default/production/WINC1500/Example/winc1500_ota_firmware_update.o
 .debug_line      0x001ca3         0x1a build/default/production/WINC1500/Example/winc1500_power_save_mode.o
 .debug_line      0x001cbd         0x1a build/default/production/WINC1500/Example/winc1500_provision_http.o
 .debug_line      0x001cd7         0x1a build/default/production/WINC1500/Example/winc1500_security_wep_wpa.o
 .debug_line      0x001cf1         0x1a build/default/production/WINC1500/Example/winc1500_security_wps.o
 .debug_line      0x001d0b         0x1a build/default/production/WINC1500/Example/winc1500_send_email.o
 .debug_line      0x001d25         0x1a build/default/production/WINC1500/Example/winc1500_signal_strength.o
 .debug_line      0x001d3f         0x1a build/default/production/WINC1500/Example/winc1500_ssl_connect.o
 .debug_line      0x001d59         0x1a build/default/production/WINC1500/Example/winc1500_tcp_client.o
 .debug_line      0x001d73         0x1a build/default/production/WINC1500/Example/winc1500_tcp_server.o
 .debug_line      0x001d8d         0x1a build/default/production/WINC1500/Example/winc1500_time_client.o
 .debug_line      0x001da7        0x1c5 build/default/production/WINC1500/Example/winc1500_weather_client.o
 .debug_line      0x001f6c        0x143 build/default/production/WINC1500/Support/winc1500_support_stub.o
 .debug_line      0x0020af         0xfe build/default/production/bsp.o
 .debug_line      0x0021ad         0xfd build/default/production/main.o
 .debug_line      0x0022aa         0x38 c:/program files/microchip/xc16/v2.00/bin/bin/../../lib\libc99-pic30-elf.a(umodsi3.DA_o)
 .debug_line      0x0022e2         0x45 c:/program files/microchip/xc16/v2.00/bin/bin/../../lib\libc99-pic30-elf.a(udivsi3.DA_o)
 .debug_line      0x002327         0x59 c:/program files/microchip/xc16/v2.00/bin/bin/../../lib\libc99-pic30-elf.a(extendsfdf.DA_o)
 .debug_line      0x002380         0x4a c:/program files/microchip/xc16/v2.00/bin/bin/../../lib\libc99-pic30-elf.a(funpack.DA_o)
 .debug_line      0x0023ca         0x3a c:/program files/microchip/xc16/v2.00/bin/bin/../../lib\libc99-pic30-elf.a(mulsi3.DA_o)

.debug_frame      0x000000       0x1c5c
 *(.debug_frame)
 .debug_frame     0x000000         0x6c build/default/production/mcc_generated_files/ext_int.o
 .debug_frame     0x00006c        0x170 build/default/production/mcc_generated_files/i2c1.o
 .debug_frame     0x0001dc         0x2e build/default/production/mcc_generated_files/interrupt_manager.o
 .debug_frame     0x00020a         0x62 build/default/production/mcc_generated_files/mcc.o
 .debug_frame     0x00026c         0x86 build/default/production/mcc_generated_files/pin_manager.o
 .debug_frame     0x0002f2        0x18a build/default/production/mcc_generated_files/tmr1.o
 .debug_frame     0x00047c         0x7e build/default/production/mcc_generated_files/traps.o
 .debug_frame     0x0004fa         0x96 build/default/production/mcc_generated_files/uart2.o
 .debug_frame     0x000590        0x14c build/default/production/WINC1500/Board_driver/wf_mcu_driver_stub.o
 .debug_frame     0x0006dc        0x16c build/default/production/WINC1500/Driver/wf_asic.o
 .debug_frame     0x000848        0x210 build/default/production/WINC1500/Driver/wf_hif.o
 .debug_frame     0x000a58         0xd8 build/default/production/WINC1500/Driver/wf_ota.o
 .debug_frame     0x000b30        0x240 build/default/production/WINC1500/Driver/wf_socket.o
 .debug_frame     0x000d70        0x34c build/default/production/WINC1500/Driver/wf_spi.o
 .debug_frame     0x0010bc        0x1de build/default/production/WINC1500/Driver/wf_spi_flash.o
 .debug_frame     0x00129a         0x8c build/default/production/WINC1500/Driver/wf_utils.o
 .debug_frame     0x001326        0x662 build/default/production/WINC1500/Driver/wf_wifi.o
 .debug_frame     0x001988        0x118 build/default/production/WINC1500/Example/winc1500_weather_client.o
 .debug_frame     0x001aa0        0x112 build/default/production/WINC1500/Support/winc1500_support_stub.o
 .debug_frame     0x001bb2         0x62 build/default/production/bsp.o
 .debug_frame     0x001c14         0x48 build/default/production/main.o

.debug_str        0x000000        0x597
 *(.debug_str)
 .debug_str       0x000000         0x1e build/default/production/mcc_generated_files/ext_int.o
 .debug_str       0x00001e         0x5d build/default/production/mcc_generated_files/i2c1.o
 .debug_str       0x00007b         0x13 build/default/production/mcc_generated_files/interrupt_manager.o
 .debug_str       0x00008e         0x12 build/default/production/mcc_generated_files/mcc.o
 .debug_str       0x0000a0         0x9e build/default/production/mcc_generated_files/pin_manager.o
 .debug_str       0x00013e         0x1c build/default/production/mcc_generated_files/tmr1.o
 .debug_str       0x00015a          0xc build/default/production/mcc_generated_files/traps.o
 .debug_str       0x000166         0x15 build/default/production/mcc_generated_files/uart2.o
 .debug_str       0x00017b         0x6e build/default/production/WINC1500/Board_driver/wf_mcu_driver_stub.o
 .debug_str       0x0001e9         0x22 build/default/production/WINC1500/Driver/wf_hif.o
 .debug_str       0x00020b         0x12 build/default/production/WINC1500/Driver/wf_ota.o
 .debug_str       0x00021d         0xef build/default/production/WINC1500/Driver/wf_socket.o
 .debug_str       0x00030c         0x53 build/default/production/WINC1500/Driver/wf_spi.o
 .debug_str       0x00035f         0x2c build/default/production/WINC1500/Driver/wf_spi_flash.o
 .debug_str       0x00038b        0x115 build/default/production/WINC1500/Driver/wf_wifi.o
 .debug_str       0x0004a0          0xb build/default/production/WINC1500/Example/winc1500_weather_client.o
 .debug_str       0x0004ab         0xd9 build/default/production/WINC1500/Support/winc1500_support_stub.o
 .debug_str       0x000584          0xa build/default/production/bsp.o
 .debug_str       0x00058e          0x9 build/default/production/main.o

.debug_loc
 *(.debug_loc)

.debug_macinfo
 *(.debug_macinfo)

.debug_pubnames
                  0x000000       0x123b
 *(.debug_pubnames)
 .debug_pubnames
                  0x000000         0x3c build/default/production/mcc_generated_files/ext_int.o
 .debug_pubnames
                  0x00003c        0x103 build/default/production/mcc_generated_files/i2c1.o
 .debug_pubnames
                  0x00013f         0x2b build/default/production/mcc_generated_files/interrupt_manager.o
 .debug_pubnames
                  0x00016a         0x42 build/default/production/mcc_generated_files/mcc.o
 .debug_pubnames
                  0x0001ac         0x74 build/default/production/mcc_generated_files/pin_manager.o
 .debug_pubnames
                  0x000220        0x133 build/default/production/mcc_generated_files/tmr1.o
 .debug_pubnames
                  0x000353         0x6f build/default/production/mcc_generated_files/traps.o
 .debug_pubnames
                  0x0003c2         0x6d build/default/production/mcc_generated_files/uart2.o
 .debug_pubnames
                  0x00042f        0x133 build/default/production/WINC1500/Board_driver/wf_mcu_driver_stub.o
 .debug_pubnames
                  0x000562         0xcc build/default/production/WINC1500/Driver/wf_asic.o
 .debug_pubnames
                  0x00062e        0x145 build/default/production/WINC1500/Driver/wf_hif.o
 .debug_pubnames
                  0x000773         0xc7 build/default/production/WINC1500/Driver/wf_ota.o
 .debug_pubnames
                  0x00083a        0x187 build/default/production/WINC1500/Driver/wf_socket.o
 .debug_pubnames
                  0x0009c1         0xfe build/default/production/WINC1500/Driver/wf_spi.o
 .debug_pubnames
                  0x000abf         0x79 build/default/production/WINC1500/Driver/wf_spi_flash.o
 .debug_pubnames
                  0x000b38         0x55 build/default/production/WINC1500/Driver/wf_utils.o
 .debug_pubnames
                  0x000b8d        0x52d build/default/production/WINC1500/Driver/wf_wifi.o
 .debug_pubnames
                  0x0010ba         0x35 build/default/production/WINC1500/Example/winc1500_weather_client.o
 .debug_pubnames
                  0x0010ef        0x105 build/default/production/WINC1500/Support/winc1500_support_stub.o
 .debug_pubnames
                  0x0011f4         0x2c build/default/production/bsp.o
 .debug_pubnames
                  0x001220         0x1b build/default/production/main.o

.debug_ranges
 *(.debug_ranges)

.debug_aranges    0x000000        0x278
 *(.debug_aranges)
 .debug_aranges
                  0x000000         0x18 build/default/production/mcc_generated_files/ext_int.o
 .debug_aranges
                  0x000018         0x18 build/default/production/mcc_generated_files/i2c1.o
 .debug_aranges
                  0x000030         0x18 build/default/production/mcc_generated_files/interrupt_manager.o
 .debug_aranges
                  0x000048         0x18 build/default/production/mcc_generated_files/mcc.o
 .debug_aranges
                  0x000060         0x18 build/default/production/mcc_generated_files/pin_manager.o
 .debug_aranges
                  0x000078         0x18 build/default/production/mcc_generated_files/tmr1.o
 .debug_aranges
                  0x000090         0x18 build/default/production/mcc_generated_files/traps.o
 .debug_aranges
                  0x0000a8         0x20 build/default/production/mcc_generated_files/uart2.o
 .debug_aranges
                  0x0000c8         0x18 build/default/production/WINC1500/Board_driver/wf_mcu_driver_stub.o
 .debug_aranges
                  0x0000e0         0x18 build/default/production/WINC1500/Driver/wf_asic.o
 .debug_aranges
                  0x0000f8         0x18 build/default/production/WINC1500/Driver/wf_hif.o
 .debug_aranges
                  0x000110         0x18 build/default/production/WINC1500/Driver/wf_ota.o
 .debug_aranges
                  0x000128         0x18 build/default/production/WINC1500/Driver/wf_socket.o
 .debug_aranges
                  0x000140         0x18 build/default/production/WINC1500/Driver/wf_spi.o
 .debug_aranges
                  0x000158         0x18 build/default/production/WINC1500/Driver/wf_spi_flash.o
 .debug_aranges
                  0x000170         0x18 build/default/production/WINC1500/Driver/wf_utils.o
 .debug_aranges
                  0x000188         0x18 build/default/production/WINC1500/Driver/wf_wifi.o
 .debug_aranges
                  0x0001a0         0x18 build/default/production/WINC1500/Example/winc1500_weather_client.o
 .debug_aranges
                  0x0001b8         0x18 build/default/production/WINC1500/Support/winc1500_support_stub.o
 .debug_aranges
                  0x0001d0         0x18 build/default/production/bsp.o
 .debug_aranges
                  0x0001e8         0x18 build/default/production/main.o
 .debug_aranges
                  0x000200         0x18 c:/program files/microchip/xc16/v2.00/bin/bin/../../lib\libc99-pic30-elf.a(umodsi3.DA_o)
 .debug_aranges
                  0x000218         0x18 c:/program files/microchip/xc16/v2.00/bin/bin/../../lib\libc99-pic30-elf.a(udivsi3.DA_o)
 .debug_aranges
                  0x000230         0x18 c:/program files/microchip/xc16/v2.00/bin/bin/../../lib\libc99-pic30-elf.a(extendsfdf.DA_o)
 .debug_aranges
                  0x000248         0x18 c:/program files/microchip/xc16/v2.00/bin/bin/../../lib\libc99-pic30-elf.a(funpack.DA_o)
 .debug_aranges
                  0x000260         0x18 c:/program files/microchip/xc16/v2.00/bin/bin/../../lib\libc99-pic30-elf.a(mulsi3.DA_o)
                    0x0000                  WREG0 = 0x0
                    0x0000                  _WREG0 = 0x0
                    0x0002                  WREG1 = 0x2
                    0x0002                  _WREG1 = 0x2
                    0x0004                  WREG2 = 0x4
                    0x0004                  _WREG2 = 0x4
                    0x0006                  WREG3 = 0x6
                    0x0006                  _WREG3 = 0x6
                    0x0008                  WREG4 = 0x8
                    0x0008                  _WREG4 = 0x8
                    0x000a                  WREG5 = 0xa
                    0x000a                  _WREG5 = 0xa
                    0x000c                  WREG6 = 0xc
                    0x000c                  _WREG6 = 0xc
                    0x000e                  WREG7 = 0xe
                    0x000e                  _WREG7 = 0xe
                    0x0010                  WREG8 = 0x10
                    0x0010                  _WREG8 = 0x10
                    0x0012                  WREG9 = 0x12
                    0x0012                  _WREG9 = 0x12
                    0x0014                  WREG10 = 0x14
                    0x0014                  _WREG10 = 0x14
                    0x0016                  WREG11 = 0x16
                    0x0016                  _WREG11 = 0x16
                    0x0018                  WREG12 = 0x18
                    0x0018                  _WREG12 = 0x18
                    0x001a                  WREG13 = 0x1a
                    0x001a                  _WREG13 = 0x1a
                    0x001c                  WREG14 = 0x1c
                    0x001c                  _WREG14 = 0x1c
                    0x001e                  WREG15 = 0x1e
                    0x001e                  _WREG15 = 0x1e
                    0x0020                  SPLIM = 0x20
                    0x0020                  _SPLIM = 0x20
                    0x002e                  PCL = 0x2e
                    0x002e                  _PCL = 0x2e
                    0x0030                  PCH = 0x30
                    0x0030                  _PCH = 0x30
                    0x0032                  DSRPAG = 0x32
                    0x0032                  _DSRPAG = 0x32
                    0x0032                  _DSRPAGbits = 0x32
                    0x0034                  DSWPAG = 0x34
                    0x0034                  _DSWPAG = 0x34
                    0x0034                  _DSWPAGbits = 0x34
                    0x0036                  RCOUNT = 0x36
                    0x0036                  _RCOUNT = 0x36
                    0x0042                  SR = 0x42
                    0x0042                  _SR = 0x42
                    0x0042                  _SRbits = 0x42
                    0x0044                  CORCON = 0x44
                    0x0044                  _CORCON = 0x44
                    0x0044                  _CORCONbits = 0x44
                    0x0052                  DISICNT = 0x52
                    0x0052                  _DISICNT = 0x52
                    0x0052                  _DISICNTbits = 0x52
                    0x0054                  TBLPAG = 0x54
                    0x0054                  _TBLPAG = 0x54
                    0x0054                  _TBLPAGbits = 0x54
                    0x0080                  INTCON1 = 0x80
                    0x0080                  _INTCON1 = 0x80
                    0x0080                  _INTCON1bits = 0x80
                    0x0082                  INTCON2 = 0x82
                    0x0082                  _INTCON2 = 0x82
                    0x0082                  _INTCON2bits = 0x82
                    0x0086                  INTCON4 = 0x86
                    0x0086                  _INTCON4 = 0x86
                    0x0086                  _INTCON4bits = 0x86
                    0x0088                  IFS0 = 0x88
                    0x0088                  _IFS0 = 0x88
                    0x0088                  _IFS0bits = 0x88
                    0x008a                  IFS1 = 0x8a
                    0x008a                  _IFS1 = 0x8a
                    0x008a                  _IFS1bits = 0x8a
                    0x008c                  IFS2 = 0x8c
                    0x008c                  _IFS2 = 0x8c
                    0x008c                  _IFS2bits = 0x8c
                    0x008e                  IFS3 = 0x8e
                    0x008e                  _IFS3 = 0x8e
                    0x008e                  _IFS3bits = 0x8e
                    0x0090                  IFS4 = 0x90
                    0x0090                  _IFS4 = 0x90
                    0x0090                  _IFS4bits = 0x90
                    0x0092                  IFS5 = 0x92
                    0x0092                  _IFS5 = 0x92
                    0x0092                  _IFS5bits = 0x92
                    0x0094                  IFS6 = 0x94
                    0x0094                  _IFS6 = 0x94
                    0x0094                  _IFS6bits = 0x94
                    0x0096                  IFS7 = 0x96
                    0x0096                  _IFS7 = 0x96
                    0x0096                  _IFS7bits = 0x96
                    0x0098                  IEC0 = 0x98
                    0x0098                  _IEC0 = 0x98
                    0x0098                  _IEC0bits = 0x98
                    0x009a                  IEC1 = 0x9a
                    0x009a                  _IEC1 = 0x9a
                    0x009a                  _IEC1bits = 0x9a
                    0x009c                  IEC2 = 0x9c
                    0x009c                  _IEC2 = 0x9c
                    0x009c                  _IEC2bits = 0x9c
                    0x009e                  IEC3 = 0x9e
                    0x009e                  _IEC3 = 0x9e
                    0x009e                  _IEC3bits = 0x9e
                    0x00a0                  IEC4 = 0xa0
                    0x00a0                  _IEC4 = 0xa0
                    0x00a0                  _IEC4bits = 0xa0
                    0x00a2                  IEC5 = 0xa2
                    0x00a2                  _IEC5 = 0xa2
                    0x00a2                  _IEC5bits = 0xa2
                    0x00a4                  IEC6 = 0xa4
                    0x00a4                  _IEC6 = 0xa4
                    0x00a4                  _IEC6bits = 0xa4
                    0x00a6                  IEC7 = 0xa6
                    0x00a6                  _IEC7 = 0xa6
                    0x00a6                  _IEC7bits = 0xa6
                    0x00a8                  IPC0 = 0xa8
                    0x00a8                  _IPC0 = 0xa8
                    0x00a8                  _IPC0bits = 0xa8
                    0x00aa                  IPC1 = 0xaa
                    0x00aa                  _IPC1 = 0xaa
                    0x00aa                  _IPC1bits = 0xaa
                    0x00ac                  IPC2 = 0xac
                    0x00ac                  _IPC2 = 0xac
                    0x00ac                  _IPC2bits = 0xac
                    0x00ae                  IPC3 = 0xae
                    0x00ae                  _IPC3 = 0xae
                    0x00ae                  _IPC3bits = 0xae
                    0x00b0                  IPC4 = 0xb0
                    0x00b0                  _IPC4 = 0xb0
                    0x00b0                  _IPC4bits = 0xb0
                    0x00b2                  IPC5 = 0xb2
                    0x00b2                  _IPC5 = 0xb2
                    0x00b2                  _IPC5bits = 0xb2
                    0x00b4                  IPC6 = 0xb4
                    0x00b4                  _IPC6 = 0xb4
                    0x00b4                  _IPC6bits = 0xb4
                    0x00b6                  IPC7 = 0xb6
                    0x00b6                  _IPC7 = 0xb6
                    0x00b6                  _IPC7bits = 0xb6
                    0x00b8                  IPC8 = 0xb8
                    0x00b8                  _IPC8 = 0xb8
                    0x00b8                  _IPC8bits = 0xb8
                    0x00ba                  IPC9 = 0xba
                    0x00ba                  _IPC9 = 0xba
                    0x00ba                  _IPC9bits = 0xba
                    0x00bc                  IPC10 = 0xbc
                    0x00bc                  _IPC10 = 0xbc
                    0x00bc                  _IPC10bits = 0xbc
                    0x00be                  IPC11 = 0xbe
                    0x00be                  _IPC11 = 0xbe
                    0x00be                  _IPC11bits = 0xbe
                    0x00c0                  IPC12 = 0xc0
                    0x00c0                  _IPC12 = 0xc0
                    0x00c0                  _IPC12bits = 0xc0
                    0x00c2                  IPC13 = 0xc2
                    0x00c2                  _IPC13 = 0xc2
                    0x00c2                  _IPC13bits = 0xc2
                    0x00c4                  IPC14 = 0xc4
                    0x00c4                  _IPC14 = 0xc4
                    0x00c4                  _IPC14bits = 0xc4
                    0x00c6                  IPC15 = 0xc6
                    0x00c6                  _IPC15 = 0xc6
                    0x00c6                  _IPC15bits = 0xc6
                    0x00c8                  IPC16 = 0xc8
                    0x00c8                  _IPC16 = 0xc8
                    0x00c8                  _IPC16bits = 0xc8
                    0x00ca                  IPC17 = 0xca
                    0x00ca                  _IPC17 = 0xca
                    0x00ca                  _IPC17bits = 0xca
                    0x00cc                  IPC18 = 0xcc
                    0x00cc                  _IPC18 = 0xcc
                    0x00cc                  _IPC18bits = 0xcc
                    0x00ce                  IPC19 = 0xce
                    0x00ce                  _IPC19 = 0xce
                    0x00ce                  _IPC19bits = 0xce
                    0x00d0                  IPC20 = 0xd0
                    0x00d0                  _IPC20 = 0xd0
                    0x00d0                  _IPC20bits = 0xd0
                    0x00d2                  IPC21 = 0xd2
                    0x00d2                  _IPC21 = 0xd2
                    0x00d2                  _IPC21bits = 0xd2
                    0x00d4                  IPC22 = 0xd4
                    0x00d4                  _IPC22 = 0xd4
                    0x00d4                  _IPC22bits = 0xd4
                    0x00d6                  IPC23 = 0xd6
                    0x00d6                  _IPC23 = 0xd6
                    0x00d6                  _IPC23bits = 0xd6
                    0x00d8                  IPC24 = 0xd8
                    0x00d8                  _IPC24 = 0xd8
                    0x00d8                  _IPC24bits = 0xd8
                    0x00da                  IPC25 = 0xda
                    0x00da                  _IPC25 = 0xda
                    0x00da                  _IPC25bits = 0xda
                    0x00dc                  IPC26 = 0xdc
                    0x00dc                  _IPC26 = 0xdc
                    0x00dc                  _IPC26bits = 0xdc
                    0x00de                  IPC27 = 0xde
                    0x00de                  _IPC27 = 0xde
                    0x00de                  _IPC27bits = 0xde
                    0x00e0                  IPC28 = 0xe0
                    0x00e0                  _IPC28 = 0xe0
                    0x00e0                  _IPC28bits = 0xe0
                    0x00e2                  IPC29 = 0xe2
                    0x00e2                  _IPC29 = 0xe2
                    0x00e2                  _IPC29bits = 0xe2
                    0x00e4                  INTTREG = 0xe4
                    0x00e4                  _INTTREG = 0xe4
                    0x00e4                  _INTTREGbits = 0xe4
                    0x0100                  OSCCON = 0x100
                    0x0100                  _OSCCON = 0x100
                    0x0100                  _OSCCONbits = 0x100
                    0x0100                  OSCCONL = 0x100
                    0x0100                  _OSCCONL = 0x100
                    0x0101                  OSCCONH = 0x101
                    0x0101                  _OSCCONH = 0x101
                    0x0102                  CLKDIV = 0x102
                    0x0102                  _CLKDIV = 0x102
                    0x0102                  _CLKDIVbits = 0x102
                    0x0106                  OSCTUN = 0x106
                    0x0106                  _OSCTUN = 0x106
                    0x0106                  _OSCTUNbits = 0x106
                    0x0108                  DCOTUN = 0x108
                    0x0108                  _DCOTUN = 0x108
                    0x0108                  _DCOTUNbits = 0x108
                    0x010a                  DCOCON = 0x10a
                    0x010a                  _DCOCON = 0x10a
                    0x010a                  _DCOCONbits = 0x10a
                    0x010c                  OSCDIV = 0x10c
                    0x010c                  _OSCDIV = 0x10c
                    0x010c                  _OSCDIVbits = 0x10c
                    0x010e                  OSCFDIV = 0x10e
                    0x010e                  _OSCFDIV = 0x10e
                    0x010e                  _OSCFDIVbits = 0x10e
                    0x0110                  RCON = 0x110
                    0x0110                  _RCON = 0x110
                    0x0110                  _RCONbits = 0x110
                    0x0114                  HLVDCON = 0x114
                    0x0114                  _HLVDCON = 0x114
                    0x0114                  _HLVDCONbits = 0x114
                    0x0128                  PMCON1 = 0x128
                    0x0128                  _PMCON1 = 0x128
                    0x0128                  _PMCON1bits = 0x128
                    0x012a                  PMCON2 = 0x12a
                    0x012a                  _PMCON2 = 0x12a
                    0x012a                  _PMCON2bits = 0x12a
                    0x012c                  PMCON3 = 0x12c
                    0x012c                  _PMCON3 = 0x12c
                    0x012c                  _PMCON3bits = 0x12c
                    0x012e                  PMCON4 = 0x12e
                    0x012e                  _PMCON4 = 0x12e
                    0x012e                  _PMCON4bits = 0x12e
                    0x0130                  PMCS1CF = 0x130
                    0x0130                  _PMCS1CF = 0x130
                    0x0130                  _PMCS1CFbits = 0x130
                    0x0132                  PMCS1BS = 0x132
                    0x0132                  _PMCS1BS = 0x132
                    0x0132                  _PMCS1BSbits = 0x132
                    0x0134                  PMCS1MD = 0x134
                    0x0134                  _PMCS1MD = 0x134
                    0x0134                  _PMCS1MDbits = 0x134
                    0x0136                  PMCS2CF = 0x136
                    0x0136                  _PMCS2CF = 0x136
                    0x0136                  _PMCS2CFbits = 0x136
                    0x0138                  PMCS2BS = 0x138
                    0x0138                  _PMCS2BS = 0x138
                    0x0138                  _PMCS2BSbits = 0x138
                    0x013a                  PMCS2MD = 0x13a
                    0x013a                  _PMCS2MD = 0x13a
                    0x013a                  _PMCS2MDbits = 0x13a
                    0x013c                  PMDOUT1 = 0x13c
                    0x013c                  _PMDOUT1 = 0x13c
                    0x013e                  PMDOUT2 = 0x13e
                    0x013e                  _PMDOUT2 = 0x13e
                    0x0140                  PMDIN1 = 0x140
                    0x0140                  _PMDIN1 = 0x140
                    0x0142                  PMDIN2 = 0x142
                    0x0142                  _PMDIN2 = 0x142
                    0x0144                  PMSTAT = 0x144
                    0x0144                  _PMSTAT = 0x144
                    0x0144                  _PMSTATbits = 0x144
                    0x0158                  CRCCON1 = 0x158
                    0x0158                  _CRCCON1 = 0x158
                    0x0158                  _CRCCON1bits = 0x158
                    0x015a                  CRCCON2 = 0x15a
                    0x015a                  _CRCCON2 = 0x15a
                    0x015a                  _CRCCON2bits = 0x15a
                    0x015c                  CRCXORL = 0x15c
                    0x015c                  _CRCXORL = 0x15c
                    0x015c                  _CRCXORLbits = 0x15c
                    0x015e                  CRCXORH = 0x15e
                    0x015e                  _CRCXORH = 0x15e
                    0x015e                  _CRCXORHbits = 0x15e
                    0x0160                  CRCDAT = 0x160
                    0x0160                  _CRCDAT = 0x160
                    0x0160                  CRCDATL = 0x160
                    0x0160                  _CRCDATL = 0x160
                    0x0162                  CRCDATH = 0x162
                    0x0162                  _CRCDATH = 0x162
                    0x0164                  CRCWDAT = 0x164
                    0x0164                  _CRCWDAT = 0x164
                    0x0164                  CRCWDATL = 0x164
                    0x0164                  _CRCWDATL = 0x164
                    0x0166                  CRCWDATH = 0x166
                    0x0166                  _CRCWDATH = 0x166
                    0x0168                  REFOCON1 = 0x168
                    0x0168                  _REFOCON1 = 0x168
                    0x0168                  _REFOCON1bits = 0x168
                    0x0168                  REFOCONL = 0x168
                    0x0168                  _REFOCONL = 0x168
                    0x0168                  _REFOCONLbits = 0x168
                    0x016a                  REFOCON2 = 0x16a
                    0x016a                  _REFOCON2 = 0x16a
                    0x016a                  _REFOCON2bits = 0x16a
                    0x016a                  REFOCONH = 0x16a
                    0x016a                  _REFOCONH = 0x16a
                    0x016a                  _REFOCONHbits = 0x16a
                    0x0178                  PMD1 = 0x178
                    0x0178                  _PMD1 = 0x178
                    0x0178                  _PMD1bits = 0x178
                    0x017a                  PMD2 = 0x17a
                    0x017a                  _PMD2 = 0x17a
                    0x017a                  _PMD2bits = 0x17a
                    0x017c                  PMD3 = 0x17c
                    0x017c                  _PMD3 = 0x17c
                    0x017c                  _PMD3bits = 0x17c
                    0x017e                  PMD4 = 0x17e
                    0x017e                  _PMD4 = 0x17e
                    0x017e                  _PMD4bits = 0x17e
                    0x0180                  PMD5 = 0x180
                    0x0180                  _PMD5 = 0x180
                    0x0180                  _PMD5bits = 0x180
                    0x0182                  PMD6 = 0x182
                    0x0182                  _PMD6 = 0x182
                    0x0182                  _PMD6bits = 0x182
                    0x0184                  PMD7 = 0x184
                    0x0184                  _PMD7 = 0x184
                    0x0184                  _PMD7bits = 0x184
                    0x0186                  PMD8 = 0x186
                    0x0186                  _PMD8 = 0x186
                    0x0186                  _PMD8bits = 0x186
                    0x0190                  TMR1 = 0x190
                    0x0190                  _TMR1 = 0x190
                    0x0192                  PR1 = 0x192
                    0x0192                  _PR1 = 0x192
                    0x0194                  T1CON = 0x194
                    0x0194                  _T1CON = 0x194
                    0x0194                  _T1CONbits = 0x194
                    0x0196                  TMR2 = 0x196
                    0x0196                  _TMR2 = 0x196
                    0x0198                  TMR3HLD = 0x198
                    0x0198                  _TMR3HLD = 0x198
                    0x019a                  TMR3 = 0x19a
                    0x019a                  _TMR3 = 0x19a
                    0x019c                  PR2 = 0x19c
                    0x019c                  _PR2 = 0x19c
                    0x019e                  PR3 = 0x19e
                    0x019e                  _PR3 = 0x19e
                    0x01a0                  T2CON = 0x1a0
                    0x01a0                  _T2CON = 0x1a0
                    0x01a0                  _T2CONbits = 0x1a0
                    0x01a2                  T3CON = 0x1a2
                    0x01a2                  _T3CON = 0x1a2
                    0x01a2                  _T3CONbits = 0x1a2
                    0x01c0                  CTMUCON1L = 0x1c0
                    0x01c0                  _CTMUCON1L = 0x1c0
                    0x01c0                  _CTMUCON1Lbits = 0x1c0
                    0x01c2                  CTMUCON1H = 0x1c2
                    0x01c2                  _CTMUCON1H = 0x1c2
                    0x01c2                  _CTMUCON1Hbits = 0x1c2
                    0x01c4                  CTMUCON2L = 0x1c4
                    0x01c4                  _CTMUCON2L = 0x1c4
                    0x01c4                  _CTMUCON2Lbits = 0x1c4
                    0x01cc                  RTCCON1L = 0x1cc
                    0x01cc                  _RTCCON1L = 0x1cc
                    0x01cc                  _RTCCON1Lbits = 0x1cc
                    0x01ce                  RTCCON1H = 0x1ce
                    0x01ce                  _RTCCON1H = 0x1ce
                    0x01ce                  _RTCCON1Hbits = 0x1ce
                    0x01d0                  RTCCON2L = 0x1d0
                    0x01d0                  _RTCCON2L = 0x1d0
                    0x01d0                  _RTCCON2Lbits = 0x1d0
                    0x01d2                  RTCCON2H = 0x1d2
                    0x01d2                  _RTCCON2H = 0x1d2
                    0x01d4                  RTCCON3L = 0x1d4
                    0x01d4                  _RTCCON3L = 0x1d4
                    0x01d4                  _RTCCON3Lbits = 0x1d4
                    0x01d8                  RTCSTATL = 0x1d8
                    0x01d8                  _RTCSTATL = 0x1d8
                    0x01d8                  _RTCSTATLbits = 0x1d8
                    0x01dc                  TIMEL = 0x1dc
                    0x01dc                  _TIMEL = 0x1dc
                    0x01dc                  _TIMELbits = 0x1dc
                    0x01de                  TIMEH = 0x1de
                    0x01de                  _TIMEH = 0x1de
                    0x01de                  _TIMEHbits = 0x1de
                    0x01e0                  DATEL = 0x1e0
                    0x01e0                  _DATEL = 0x1e0
                    0x01e0                  _DATELbits = 0x1e0
                    0x01e2                  DATEH = 0x1e2
                    0x01e2                  _DATEH = 0x1e2
                    0x01e2                  _DATEHbits = 0x1e2
                    0x01e4                  ALMTIMEL = 0x1e4
                    0x01e4                  _ALMTIMEL = 0x1e4
                    0x01e4                  _ALMTIMELbits = 0x1e4
                    0x01e6                  ALMTIMEH = 0x1e6
                    0x01e6                  _ALMTIMEH = 0x1e6
                    0x01e6                  _ALMTIMEHbits = 0x1e6
                    0x01e8                  ALMDATEL = 0x1e8
                    0x01e8                  _ALMDATEL = 0x1e8
                    0x01e8                  _ALMDATELbits = 0x1e8
                    0x01ea                  ALMDATEH = 0x1ea
                    0x01ea                  _ALMDATEH = 0x1ea
                    0x01ea                  _ALMDATEHbits = 0x1ea
                    0x01ec                  TSATIMEL = 0x1ec
                    0x01ec                  _TSATIMEL = 0x1ec
                    0x01ec                  _TSATIMELbits = 0x1ec
                    0x01ee                  TSATIMEH = 0x1ee
                    0x01ee                  _TSATIMEH = 0x1ee
                    0x01ee                  _TSATIMEHbits = 0x1ee
                    0x01f0                  TSADATEL = 0x1f0
                    0x01f0                  _TSADATEL = 0x1f0
                    0x01f0                  _TSADATELbits = 0x1f0
                    0x01f2                  TSADATEH = 0x1f2
                    0x01f2                  _TSADATEH = 0x1f2
                    0x01f2                  _TSADATEHbits = 0x1f2
                    0x0200                  IC1CON1 = 0x200
                    0x0200                  _IC1CON1 = 0x200
                    0x0200                  _IC1CON1bits = 0x200
                    0x0202                  IC1CON2 = 0x202
                    0x0202                  _IC1CON2 = 0x202
                    0x0202                  _IC1CON2bits = 0x202
                    0x0204                  IC1BUF = 0x204
                    0x0204                  _IC1BUF = 0x204
                    0x0206                  IC1TMR = 0x206
                    0x0206                  _IC1TMR = 0x206
                    0x0208                  IC2CON1 = 0x208
                    0x0208                  _IC2CON1 = 0x208
                    0x0208                  _IC2CON1bits = 0x208
                    0x020a                  IC2CON2 = 0x20a
                    0x020a                  _IC2CON2 = 0x20a
                    0x020a                  _IC2CON2bits = 0x20a
                    0x020c                  IC2BUF = 0x20c
                    0x020c                  _IC2BUF = 0x20c
                    0x020e                  IC2TMR = 0x20e
                    0x020e                  _IC2TMR = 0x20e
                    0x0210                  IC3CON1 = 0x210
                    0x0210                  _IC3CON1 = 0x210
                    0x0210                  _IC3CON1bits = 0x210
                    0x0212                  IC3CON2 = 0x212
                    0x0212                  _IC3CON2 = 0x212
                    0x0212                  _IC3CON2bits = 0x212
                    0x0214                  IC3BUF = 0x214
                    0x0214                  _IC3BUF = 0x214
                    0x0216                  IC3TMR = 0x216
                    0x0216                  _IC3TMR = 0x216
                    0x0230                  OC1CON1 = 0x230
                    0x0230                  _OC1CON1 = 0x230
                    0x0230                  _OC1CON1bits = 0x230
                    0x0232                  OC1CON2 = 0x232
                    0x0232                  _OC1CON2 = 0x232
                    0x0232                  _OC1CON2bits = 0x232
                    0x0234                  OC1RS = 0x234
                    0x0234                  _OC1RS = 0x234
                    0x0236                  OC1R = 0x236
                    0x0236                  _OC1R = 0x236
                    0x0238                  OC1TMR = 0x238
                    0x0238                  _OC1TMR = 0x238
                    0x023a                  OC2CON1 = 0x23a
                    0x023a                  _OC2CON1 = 0x23a
                    0x023a                  _OC2CON1bits = 0x23a
                    0x023c                  OC2CON2 = 0x23c
                    0x023c                  _OC2CON2 = 0x23c
                    0x023c                  _OC2CON2bits = 0x23c
                    0x023e                  OC2RS = 0x23e
                    0x023e                  _OC2RS = 0x23e
                    0x0240                  OC2R = 0x240
                    0x0240                  _OC2R = 0x240
                    0x0242                  OC2TMR = 0x242
                    0x0242                  _OC2TMR = 0x242
                    0x0244                  OC3CON1 = 0x244
                    0x0244                  _OC3CON1 = 0x244
                    0x0244                  _OC3CON1bits = 0x244
                    0x0246                  OC3CON2 = 0x246
                    0x0246                  _OC3CON2 = 0x246
                    0x0246                  _OC3CON2bits = 0x246
                    0x0248                  OC3RS = 0x248
                    0x0248                  _OC3RS = 0x248
                    0x024a                  OC3R = 0x24a
                    0x024a                  _OC3R = 0x24a
                    0x024c                  OC3TMR = 0x24c
                    0x024c                  _OC3TMR = 0x24c
                    0x026c                  CCP1CON1L = 0x26c
                    0x026c                  _CCP1CON1L = 0x26c
                    0x026c                  _CCP1CON1Lbits = 0x26c
                    0x026e                  CCP1CON1H = 0x26e
                    0x026e                  _CCP1CON1H = 0x26e
                    0x026e                  _CCP1CON1Hbits = 0x26e
                    0x0270                  CCP1CON2L = 0x270
                    0x0270                  _CCP1CON2L = 0x270
                    0x0270                  _CCP1CON2Lbits = 0x270
                    0x0272                  CCP1CON2H = 0x272
                    0x0272                  _CCP1CON2H = 0x272
                    0x0272                  _CCP1CON2Hbits = 0x272
                    0x0274                  CCP1CON3L = 0x274
                    0x0274                  _CCP1CON3L = 0x274
                    0x0274                  _CCP1CON3Lbits = 0x274
                    0x0276                  CCP1CON3H = 0x276
                    0x0276                  _CCP1CON3H = 0x276
                    0x0276                  _CCP1CON3Hbits = 0x276
                    0x0278                  CCP1STAT = 0x278
                    0x0278                  _CCP1STAT = 0x278
                    0x0278                  _CCP1STATbits = 0x278
                    0x0278                  CCP1STATL = 0x278
                    0x0278                  _CCP1STATL = 0x278
                    0x0278                  _CCP1STATLbits = 0x278
                    0x027a                  CCP1STATH = 0x27a
                    0x027a                  _CCP1STATH = 0x27a
                    0x027a                  _CCP1STATHbits = 0x27a
                    0x027c                  CCP1TMRL = 0x27c
                    0x027c                  _CCP1TMRL = 0x27c
                    0x027e                  CCP1TMRH = 0x27e
                    0x027e                  _CCP1TMRH = 0x27e
                    0x0280                  CCP1PRL = 0x280
                    0x0280                  _CCP1PRL = 0x280
                    0x0282                  CCP1PRH = 0x282
                    0x0282                  _CCP1PRH = 0x282
                    0x0284                  CCP1RA = 0x284
                    0x0284                  _CCP1RA = 0x284
                    0x0284                  CCP1RAL = 0x284
                    0x0284                  _CCP1RAL = 0x284
                    0x0286                  CCP1RAH = 0x286
                    0x0286                  _CCP1RAH = 0x286
                    0x0288                  CCP1RB = 0x288
                    0x0288                  _CCP1RB = 0x288
                    0x0288                  CCP1RBL = 0x288
                    0x0288                  _CCP1RBL = 0x288
                    0x028a                  CCP1RBH = 0x28a
                    0x028a                  _CCP1RBH = 0x28a
                    0x028c                  CCP1BUFL = 0x28c
                    0x028c                  _CCP1BUFL = 0x28c
                    0x028e                  CCP1BUFH = 0x28e
                    0x028e                  _CCP1BUFH = 0x28e
                    0x0290                  CCP2CON1L = 0x290
                    0x0290                  _CCP2CON1L = 0x290
                    0x0290                  _CCP2CON1Lbits = 0x290
                    0x0292                  CCP2CON1H = 0x292
                    0x0292                  _CCP2CON1H = 0x292
                    0x0292                  _CCP2CON1Hbits = 0x292
                    0x0294                  CCP2CON2L = 0x294
                    0x0294                  _CCP2CON2L = 0x294
                    0x0294                  _CCP2CON2Lbits = 0x294
                    0x0296                  CCP2CON2H = 0x296
                    0x0296                  _CCP2CON2H = 0x296
                    0x0296                  _CCP2CON2Hbits = 0x296
                    0x029a                  CCP2CON3H = 0x29a
                    0x029a                  _CCP2CON3H = 0x29a
                    0x029a                  _CCP2CON3Hbits = 0x29a
                    0x029c                  CCP2STAT = 0x29c
                    0x029c                  _CCP2STAT = 0x29c
                    0x029c                  _CCP2STATbits = 0x29c
                    0x029c                  CCP2STATL = 0x29c
                    0x029c                  _CCP2STATL = 0x29c
                    0x029c                  _CCP2STATLbits = 0x29c
                    0x029e                  CCP2STATH = 0x29e
                    0x029e                  _CCP2STATH = 0x29e
                    0x029e                  _CCP2STATHbits = 0x29e
                    0x02a0                  CCP2TMRL = 0x2a0
                    0x02a0                  _CCP2TMRL = 0x2a0
                    0x02a2                  CCP2TMRH = 0x2a2
                    0x02a2                  _CCP2TMRH = 0x2a2
                    0x02a4                  CCP2PRL = 0x2a4
                    0x02a4                  _CCP2PRL = 0x2a4
                    0x02a6                  CCP2PRH = 0x2a6
                    0x02a6                  _CCP2PRH = 0x2a6
                    0x02a8                  CCP2RA = 0x2a8
                    0x02a8                  _CCP2RA = 0x2a8
                    0x02a8                  CCP2RAL = 0x2a8
                    0x02a8                  _CCP2RAL = 0x2a8
                    0x02aa                  CCP2RAH = 0x2aa
                    0x02aa                  _CCP2RAH = 0x2aa
                    0x02ac                  CCP2RB = 0x2ac
                    0x02ac                  _CCP2RB = 0x2ac
                    0x02ac                  CCP2RBL = 0x2ac
                    0x02ac                  _CCP2RBL = 0x2ac
                    0x02ae                  CCP2RBH = 0x2ae
                    0x02ae                  _CCP2RBH = 0x2ae
                    0x02b0                  CCP2BUFL = 0x2b0
                    0x02b0                  _CCP2BUFL = 0x2b0
                    0x02b2                  CCP2BUFH = 0x2b2
                    0x02b2                  _CCP2BUFH = 0x2b2
                    0x02b4                  CCP3CON1L = 0x2b4
                    0x02b4                  _CCP3CON1L = 0x2b4
                    0x02b4                  _CCP3CON1Lbits = 0x2b4
                    0x02b6                  CCP3CON1H = 0x2b6
                    0x02b6                  _CCP3CON1H = 0x2b6
                    0x02b6                  _CCP3CON1Hbits = 0x2b6
                    0x02b8                  CCP3CON2L = 0x2b8
                    0x02b8                  _CCP3CON2L = 0x2b8
                    0x02b8                  _CCP3CON2Lbits = 0x2b8
                    0x02ba                  CCP3CON2H = 0x2ba
                    0x02ba                  _CCP3CON2H = 0x2ba
                    0x02ba                  _CCP3CON2Hbits = 0x2ba
                    0x02be                  CCP3CON3H = 0x2be
                    0x02be                  _CCP3CON3H = 0x2be
                    0x02be                  _CCP3CON3Hbits = 0x2be
                    0x02c0                  CCP3STAT = 0x2c0
                    0x02c0                  _CCP3STAT = 0x2c0
                    0x02c0                  _CCP3STATbits = 0x2c0
                    0x02c0                  CCP3STATL = 0x2c0
                    0x02c0                  _CCP3STATL = 0x2c0
                    0x02c0                  _CCP3STATLbits = 0x2c0
                    0x02c2                  CCP3STATH = 0x2c2
                    0x02c2                  _CCP3STATH = 0x2c2
                    0x02c2                  _CCP3STATHbits = 0x2c2
                    0x02c4                  CCP3TMRL = 0x2c4
                    0x02c4                  _CCP3TMRL = 0x2c4
                    0x02c6                  CCP3TMRH = 0x2c6
                    0x02c6                  _CCP3TMRH = 0x2c6
                    0x02c8                  CCP3PRL = 0x2c8
                    0x02c8                  _CCP3PRL = 0x2c8
                    0x02ca                  CCP3PRH = 0x2ca
                    0x02ca                  _CCP3PRH = 0x2ca
                    0x02cc                  CCP3RA = 0x2cc
                    0x02cc                  _CCP3RA = 0x2cc
                    0x02cc                  CCP3RAL = 0x2cc
                    0x02cc                  _CCP3RAL = 0x2cc
                    0x02ce                  CCP3RAH = 0x2ce
                    0x02ce                  _CCP3RAH = 0x2ce
                    0x02d0                  CCP3RB = 0x2d0
                    0x02d0                  _CCP3RB = 0x2d0
                    0x02d0                  CCP3RBL = 0x2d0
                    0x02d0                  _CCP3RBL = 0x2d0
                    0x02d2                  CCP3RBH = 0x2d2
                    0x02d2                  _CCP3RBH = 0x2d2
                    0x02d4                  CCP3BUFL = 0x2d4
                    0x02d4                  _CCP3BUFL = 0x2d4
                    0x02d6                  CCP3BUFH = 0x2d6
                    0x02d6                  _CCP3BUFH = 0x2d6
                    0x02e6                  CMSTAT = 0x2e6
                    0x02e6                  _CMSTAT = 0x2e6
                    0x02e6                  _CMSTATbits = 0x2e6
                    0x02e8                  CVRCON = 0x2e8
                    0x02e8                  _CVRCON = 0x2e8
                    0x02e8                  _CVRCONbits = 0x2e8
                    0x02ea                  CM1CON = 0x2ea
                    0x02ea                  _CM1CON = 0x2ea
                    0x02ea                  _CM1CONbits = 0x2ea
                    0x02ec                  CM2CON = 0x2ec
                    0x02ec                  _CM2CON = 0x2ec
                    0x02ec                  _CM2CONbits = 0x2ec
                    0x02ee                  CM3CON = 0x2ee
                    0x02ee                  _CM3CON = 0x2ee
                    0x02ee                  _CM3CONbits = 0x2ee
                    0x02f4                  ANCFG = 0x2f4
                    0x02f4                  _ANCFG = 0x2f4
                    0x02f4                  _ANCFGbits = 0x2f4
                    0x0300                  CCP4CON1L = 0x300
                    0x0300                  _CCP4CON1L = 0x300
                    0x0300                  _CCP4CON1Lbits = 0x300
                    0x0302                  CCP4CON1H = 0x302
                    0x0302                  _CCP4CON1H = 0x302
                    0x0302                  _CCP4CON1Hbits = 0x302
                    0x0304                  CCP4CON2L = 0x304
                    0x0304                  _CCP4CON2L = 0x304
                    0x0304                  _CCP4CON2Lbits = 0x304
                    0x0306                  CCP4CON2H = 0x306
                    0x0306                  _CCP4CON2H = 0x306
                    0x0306                  _CCP4CON2Hbits = 0x306
                    0x030a                  CCP4CON3H = 0x30a
                    0x030a                  _CCP4CON3H = 0x30a
                    0x030a                  _CCP4CON3Hbits = 0x30a
                    0x030c                  CCP4STAT = 0x30c
                    0x030c                  _CCP4STAT = 0x30c
                    0x030c                  _CCP4STATbits = 0x30c
                    0x030c                  CCP4STATL = 0x30c
                    0x030c                  _CCP4STATL = 0x30c
                    0x030c                  _CCP4STATLbits = 0x30c
                    0x030e                  CCP4STATH = 0x30e
                    0x030e                  _CCP4STATH = 0x30e
                    0x030e                  _CCP4STATHbits = 0x30e
                    0x0310                  CCP4TMRL = 0x310
                    0x0310                  _CCP4TMRL = 0x310
                    0x0312                  CCP4TMRH = 0x312
                    0x0312                  _CCP4TMRH = 0x312
                    0x0314                  CCP4PRL = 0x314
                    0x0314                  _CCP4PRL = 0x314
                    0x0316                  CCP4PRH = 0x316
                    0x0316                  _CCP4PRH = 0x316
                    0x0318                  CCP4RA = 0x318
                    0x0318                  _CCP4RA = 0x318
                    0x0318                  CCP4RAL = 0x318
                    0x0318                  _CCP4RAL = 0x318
                    0x031a                  CCP4RAH = 0x31a
                    0x031a                  _CCP4RAH = 0x31a
                    0x031c                  CCP4RB = 0x31c
                    0x031c                  _CCP4RB = 0x31c
                    0x031c                  CCP4RBL = 0x31c
                    0x031c                  _CCP4RBL = 0x31c
                    0x031e                  CCP4RBH = 0x31e
                    0x031e                  _CCP4RBH = 0x31e
                    0x0320                  CCP4BUFL = 0x320
                    0x0320                  _CCP4BUFL = 0x320
                    0x0322                  CCP4BUFH = 0x322
                    0x0322                  _CCP4BUFH = 0x322
                    0x0398                  U1MODE = 0x398
                    0x0398                  _U1MODE = 0x398
                    0x0398                  _U1MODEbits = 0x398
                    0x039a                  U1STA = 0x39a
                    0x039a                  _U1STA = 0x39a
                    0x039a                  _U1STAbits = 0x39a
                    0x039c                  U1TXREG = 0x39c
                    0x039c                  _U1TXREG = 0x39c
                    0x039c                  _U1TXREGbits = 0x39c
                    0x039e                  U1RXREG = 0x39e
                    0x039e                  _U1RXREG = 0x39e
                    0x03a0                  U1BRG = 0x3a0
                    0x03a0                  _U1BRG = 0x3a0
                    0x03a2                  U1ADMD = 0x3a2
                    0x03a2                  _U1ADMD = 0x3a2
                    0x03a2                  _U1ADMDbits = 0x3a2
                    0x03a4                  U1SCCON = 0x3a4
                    0x03a4                  _U1SCCON = 0x3a4
                    0x03a4                  _U1SCCONbits = 0x3a4
                    0x03a6                  U1SCINT = 0x3a6
                    0x03a6                  _U1SCINT = 0x3a6
                    0x03a6                  _U1SCINTbits = 0x3a6
                    0x03a8                  U1GTC = 0x3a8
                    0x03a8                  _U1GTC = 0x3a8
                    0x03a8                  _U1GTCbits = 0x3a8
                    0x03aa                  U1WTCL = 0x3aa
                    0x03aa                  _U1WTCL = 0x3aa
                    0x03aa                  _U1WTCLbits = 0x3aa
                    0x03ac                  U1WTCH = 0x3ac
                    0x03ac                  _U1WTCH = 0x3ac
                    0x03ac                  _U1WTCHbits = 0x3ac
                    0x03ae                  U2MODE = 0x3ae
                    0x03ae                  _U2MODE = 0x3ae
                    0x03ae                  _U2MODEbits = 0x3ae
                    0x03b0                  U2STA = 0x3b0
                    0x03b0                  _U2STA = 0x3b0
                    0x03b0                  _U2STAbits = 0x3b0
                    0x03b2                  U2TXREG = 0x3b2
                    0x03b2                  _U2TXREG = 0x3b2
                    0x03b2                  _U2TXREGbits = 0x3b2
                    0x03b4                  U2RXREG = 0x3b4
                    0x03b4                  _U2RXREG = 0x3b4
                    0x03b6                  U2BRG = 0x3b6
                    0x03b6                  _U2BRG = 0x3b6
                    0x03b8                  U2ADMD = 0x3b8
                    0x03b8                  _U2ADMD = 0x3b8
                    0x03b8                  _U2ADMDbits = 0x3b8
                    0x03ba                  U2SCCON = 0x3ba
                    0x03ba                  _U2SCCON = 0x3ba
                    0x03ba                  _U2SCCONbits = 0x3ba
                    0x03bc                  U2SCINT = 0x3bc
                    0x03bc                  _U2SCINT = 0x3bc
                    0x03bc                  _U2SCINTbits = 0x3bc
                    0x03be                  U2GTC = 0x3be
                    0x03be                  _U2GTC = 0x3be
                    0x03be                  _U2GTCbits = 0x3be
                    0x03c0                  U2WTCL = 0x3c0
                    0x03c0                  _U2WTCL = 0x3c0
                    0x03c0                  _U2WTCLbits = 0x3c0
                    0x03c2                  U2WTCH = 0x3c2
                    0x03c2                  _U2WTCH = 0x3c2
                    0x03c2                  _U2WTCHbits = 0x3c2
                    0x03f4                  SPI1CON1 = 0x3f4
                    0x03f4                  _SPI1CON1 = 0x3f4
                    0x03f4                  _SPI1CON1bits = 0x3f4
                    0x03f4                  SPI1CON1L = 0x3f4
                    0x03f4                  _SPI1CON1L = 0x3f4
                    0x03f4                  _SPI1CON1Lbits = 0x3f4
                    0x03f6                  SPI1CON1H = 0x3f6